Archive member included to satisfy reference by file (symbol)

c:/progra~2/gnuarm~1/92020-~1/bin/../lib/gcc/arm-none-eabi/9.3.1/thumb/v7e-m/nofp\libgcc.a(_arm_mulsf3.o)
                              CMakeFiles/smart_flowerpot_project.elf.dir/Core/Src/main.c.obj (__aeabi_fmul)
c:/progra~2/gnuarm~1/92020-~1/bin/../lib/gcc/arm-none-eabi/9.3.1/thumb/v7e-m/nofp\libgcc.a(_arm_addsubdf3.o)
                              CMakeFiles/smart_flowerpot_project.elf.dir/Core/Src/main.c.obj (__aeabi_ui2d)
c:/progra~2/gnuarm~1/92020-~1/bin/../lib/gcc/arm-none-eabi/9.3.1/thumb/v7e-m/nofp\libgcc.a(_arm_addsubsf3.o)
                              CMakeFiles/smart_flowerpot_project.elf.dir/Core/Src/main.c.obj (__aeabi_fsub)
c:/progra~2/gnuarm~1/92020-~1/bin/../lib/gcc/arm-none-eabi/9.3.1/thumb/v7e-m/nofp\libgcc.a(_arm_muldivsf3.o)
                              CMakeFiles/smart_flowerpot_project.elf.dir/Core/Src/main.c.obj (__aeabi_fdiv)
c:/progra~2/gnuarm~1/92020-~1/bin/../lib/gcc/arm-none-eabi/9.3.1/thumb/v7e-m/nofp\libgcc.a(_arm_cmpsf2.o)
                              CMakeFiles/smart_flowerpot_project.elf.dir/Core/Src/main.c.obj (__aeabi_fcmplt)
c:/progra~2/gnuarm~1/92020-~1/bin/../lib/gcc/arm-none-eabi/9.3.1/thumb/v7e-m/nofp\libgcc.a(_aeabi_uldivmod.o)
                              CMakeFiles/smart_flowerpot_project.elf.dir/Drivers/STM32F4xx_HAL_Driver/Src/stm32f4xx_hal_rcc.c.obj (__aeabi_uldivmod)
c:/progra~2/gnuarm~1/92020-~1/bin/../lib/gcc/arm-none-eabi/9.3.1/thumb/v7e-m/nofp\libgcc.a(_udivmoddi4.o)
                              c:/progra~2/gnuarm~1/92020-~1/bin/../lib/gcc/arm-none-eabi/9.3.1/thumb/v7e-m/nofp\libgcc.a(_aeabi_uldivmod.o) (__udivmoddi4)
c:/progra~2/gnuarm~1/92020-~1/bin/../lib/gcc/arm-none-eabi/9.3.1/thumb/v7e-m/nofp\libgcc.a(_dvmd_tls.o)
                              c:/progra~2/gnuarm~1/92020-~1/bin/../lib/gcc/arm-none-eabi/9.3.1/thumb/v7e-m/nofp\libgcc.a(_aeabi_uldivmod.o) (__aeabi_ldiv0)
c:/progra~2/gnuarm~1/92020-~1/bin/../lib/gcc/arm-none-eabi/9.3.1/../../../../arm-none-eabi/lib/thumb/v7e-m/nofp\libg.a(lib_a-ctype_.o)
                              CMakeFiles/smart_flowerpot_project.elf.dir/Core/Src/lcd5110.c.obj (_ctype_)
c:/progra~2/gnuarm~1/92020-~1/bin/../lib/gcc/arm-none-eabi/9.3.1/../../../../arm-none-eabi/lib/thumb/v7e-m/nofp\libg.a(lib_a-errno.o)
                              CMakeFiles/smart_flowerpot_project.elf.dir/Core/Src/syscalls.c.obj (__errno)
c:/progra~2/gnuarm~1/92020-~1/bin/../lib/gcc/arm-none-eabi/9.3.1/../../../../arm-none-eabi/lib/thumb/v7e-m/nofp\libg.a(lib_a-exit.o)
                              c:/progra~2/gnuarm~1/92020-~1/bin/../lib/gcc/arm-none-eabi/9.3.1/../../../../arm-none-eabi/lib/thumb/v7e-m/nofp/crt0.o (exit)
c:/progra~2/gnuarm~1/92020-~1/bin/../lib/gcc/arm-none-eabi/9.3.1/../../../../arm-none-eabi/lib/thumb/v7e-m/nofp\libg.a(lib_a-impure.o)
                              c:/progra~2/gnuarm~1/92020-~1/bin/../lib/gcc/arm-none-eabi/9.3.1/../../../../arm-none-eabi/lib/thumb/v7e-m/nofp\libg.a(lib_a-exit.o) (_global_impure_ptr)
c:/progra~2/gnuarm~1/92020-~1/bin/../lib/gcc/arm-none-eabi/9.3.1/../../../../arm-none-eabi/lib/thumb/v7e-m/nofp\libg.a(lib_a-init.o)
                              c:/progra~2/gnuarm~1/92020-~1/bin/../lib/gcc/arm-none-eabi/9.3.1/../../../../arm-none-eabi/lib/thumb/v7e-m/nofp/crt0.o (__libc_init_array)
c:/progra~2/gnuarm~1/92020-~1/bin/../lib/gcc/arm-none-eabi/9.3.1/../../../../arm-none-eabi/lib/thumb/v7e-m/nofp\libg.a(lib_a-itoa.o)
                              CMakeFiles/smart_flowerpot_project.elf.dir/Core/Src/lcd5110.c.obj (itoa)
c:/progra~2/gnuarm~1/92020-~1/bin/../lib/gcc/arm-none-eabi/9.3.1/../../../../arm-none-eabi/lib/thumb/v7e-m/nofp\libg.a(lib_a-memset.o)
                              c:/progra~2/gnuarm~1/92020-~1/bin/../lib/gcc/arm-none-eabi/9.3.1/../../../../arm-none-eabi/lib/thumb/v7e-m/nofp/crt0.o (memset)
c:/progra~2/gnuarm~1/92020-~1/bin/../lib/gcc/arm-none-eabi/9.3.1/../../../../arm-none-eabi/lib/thumb/v7e-m/nofp\libg.a(lib_a-utoa.o)
                              c:/progra~2/gnuarm~1/92020-~1/bin/../lib/gcc/arm-none-eabi/9.3.1/../../../../arm-none-eabi/lib/thumb/v7e-m/nofp\libg.a(lib_a-itoa.o) (__utoa)
c:/progra~2/gnuarm~1/92020-~1/bin/../lib/gcc/arm-none-eabi/9.3.1/../../../../arm-none-eabi/lib/thumb/v7e-m/nofp\libg.a(lib_a-vsnprintf.o)
                              CMakeFiles/smart_flowerpot_project.elf.dir/Core/Src/lcd5110.c.obj (vsnprintf)
c:/progra~2/gnuarm~1/92020-~1/bin/../lib/gcc/arm-none-eabi/9.3.1/../../../../arm-none-eabi/lib/thumb/v7e-m/nofp\libg.a(lib_a-__call_atexit.o)
                              c:/progra~2/gnuarm~1/92020-~1/bin/../lib/gcc/arm-none-eabi/9.3.1/../../../../arm-none-eabi/lib/thumb/v7e-m/nofp\libg.a(lib_a-exit.o) (__call_exitprocs)
c:/progra~2/gnuarm~1/92020-~1/bin/../lib/gcc/arm-none-eabi/9.3.1/../../../../arm-none-eabi/lib/thumb/v7e-m/nofp\libg.a(lib_a-atexit.o)
[...]
Memory Configuration

Name             Origin             Length             Attributes
RAM              0x20000000         0x00020000         xrw
FLASH            0x08000000         0x00080000         xr
*default*        0x00000000         0xffffffff

Linker script and memory map

LOAD c:/progra~2/gnuarm~1/92020-~1/bin/../lib/gcc/arm-none-eabi/9.3.1/thumb/v7e-m/nofp/crti.o
LOAD c:/progra~2/gnuarm~1/92020-~1/bin/../lib/gcc/arm-none-eabi/9.3.1/thumb/v7e-m/nofp/crtbegin.o
LOAD c:/progra~2/gnuarm~1/92020-~1/bin/../lib/gcc/arm-none-eabi/9.3.1/../../../../arm-none-eabi/lib/thumb/v7e-m/nofp/crt0.o
LOAD CMakeFiles/smart_flowerpot_project.elf.dir/Core/Src/adc.c.obj
LOAD CMakeFiles/smart_flowerpot_project.elf.dir/Core/Src/dma.c.obj
LOAD CMakeFiles/smart_flowerpot_project.elf.dir/Core/Src/gpio.c.obj
LOAD CMakeFiles/smart_flowerpot_project.elf.dir/Core/Src/i2c.c.obj
LOAD CMakeFiles/smart_flowerpot_project.elf.dir/Core/Src/i2s.c.obj
LOAD CMakeFiles/smart_flowerpot_project.elf.dir/Core/Src/lcd5110.c.obj
LOAD CMakeFiles/smart_flowerpot_project.elf.dir/Core/Src/lcd5110_hal.c.obj
LOAD CMakeFiles/smart_flowerpot_project.elf.dir/Core/Src/lcd5110_ll.c.obj
LOAD CMakeFiles/smart_flowerpot_project.elf.dir/Core/Src/main.c.obj
LOAD CMakeFiles/smart_flowerpot_project.elf.dir/Core/Src/spi.c.obj
LOAD CMakeFiles/smart_flowerpot_project.elf.dir/Core/Src/stm32f4xx_hal_msp.c.obj
LOAD CMakeFiles/smart_flowerpot_project.elf.dir/Core/Src/stm32f4xx_it.c.obj
LOAD CMakeFiles/smart_flowerpot_project.elf.dir/Core/Src/syscalls.c.obj
LOAD CMakeFiles/smart_flowerpot_project.elf.dir/Core/Src/system_stm32f4xx.c.obj
LOAD CMakeFiles/smart_flowerpot_project.elf.dir/Core/Src/tim.c.obj
LOAD CMakeFiles/smart_flowerpot_project.elf.dir/Core/Src/usb_otg.c.obj
LOAD CMakeFiles/smart_flowerpot_project.elf.dir/Drivers/STM32F4xx_HAL_Driver/Src/stm32f4xx_hal.c.obj
LOAD CMakeFiles/smart_flowerpot_project.elf.dir/Drivers/STM32F4xx_HAL_Driver/Src/stm32f4xx_hal_adc.c.obj
LOAD CMakeFiles/smart_flowerpot_project.elf.dir/Drivers/STM32F4xx_HAL_Driver/Src/stm32f4xx_hal_adc_ex.c.obj
LOAD CMakeFiles/smart_flowerpot_project.elf.dir/Drivers/STM32F4xx_HAL_Driver/Src/stm32f4xx_hal_cortex.c.obj
LOAD CMakeFiles/smart_flowerpot_project.elf.dir/Drivers/STM32F4xx_HAL_Driver/Src/stm32f4xx_hal_dma.c.obj
LOAD CMakeFiles/smart_flowerpot_project.elf.dir/Drivers/STM32F4xx_HAL_Driver/Src/stm32f4xx_hal_dma_ex.c.obj
LOAD CMakeFiles/smart_flowerpot_project.elf.dir/Drivers/STM32F4xx_HAL_Driver/Src/stm32f4xx_hal_exti.c.obj
LOAD CMakeFiles/smart_flowerpot_project.elf.dir/Drivers/STM32F4xx_HAL_Driver/Src/stm32f4xx_hal_flash.c.obj
LOAD CMakeFiles/smart_flowerpot_project.elf.dir/Drivers/STM32F4xx_HAL_Driver/Src/stm32f4xx_hal_flash_ex.c.obj
LOAD CMakeFiles/smart_flowerpot_project.elf.dir/Drivers/STM32F4xx_HAL_Driver/Src/stm32f4xx_hal_flash_ramfunc.c.obj
LOAD CMakeFiles/smart_flowerpot_project.elf.dir/Drivers/STM32F4xx_HAL_Driver/Src/stm32f4xx_hal_gpio.c.obj
LOAD CMakeFiles/smart_flowerpot_project.elf.dir/Drivers/STM32F4xx_HAL_Driver/Src/stm32f4xx_hal_i2c.c.obj
LOAD CMakeFiles/smart_flowerpot_project.elf.dir/Drivers/STM32F4xx_HAL_Driver/Src/stm32f4xx_hal_i2c_ex.c.obj
LOAD CMakeFiles/smart_flowerpot_project.elf.dir/Drivers/STM32F4xx_HAL_Driver/Src/stm32f4xx_hal_i2s.c.obj
LOAD CMakeFiles/smart_flowerpot_project.elf.dir/Drivers/STM32F4xx_HAL_Driver/Src/stm32f4xx_hal_i2s_ex.c.obj
LOAD CMakeFiles/smart_flowerpot_project.elf.dir/Drivers/STM32F4xx_HAL_Driver/Src/stm32f4xx_hal_pwr.c.obj
LOAD CMakeFiles/smart_flowerpot_project.elf.dir/Drivers/STM32F4xx_HAL_Driver/Src/stm32f4xx_hal_pwr_ex.c.obj
LOAD CMakeFiles/smart_flowerpot_project.elf.dir/Drivers/STM32F4xx_HAL_Driver/Src/stm32f4xx_hal_rcc.c.obj
LOAD CMakeFiles/smart_flowerpot_project.elf.dir/Drivers/STM32F4xx_HAL_Driver/Src/stm32f4xx_hal_rcc_ex.c.obj
LOAD CMakeFiles/smart_flowerpot_project.elf.dir/Drivers/STM32F4xx_HAL_Driver/Src/stm32f4xx_hal_spi.c.obj
LOAD CMakeFiles/smart_flowerpot_project.elf.dir/Drivers/STM32F4xx_HAL_Driver/Src/stm32f4xx_hal_tim.c.obj
LOAD CMakeFiles/smart_flowerpot_project.elf.dir/Drivers/STM32F4xx_HAL_Driver/Src/stm32f4xx_hal_tim_ex.c.obj
LOAD CMakeFiles/smart_flowerpot_project.elf.dir/startup/startup_stm32f411xe.s.obj
START GROUP
LOAD c:/progra~2/gnuarm~1/92020-~1/bin/../lib/gcc/arm-none-eabi/9.3.1/thumb/v7e-m/nofp\libgcc.a
LOAD c:/progra~2/gnuarm~1/92020-~1/bin/../lib/gcc/arm-none-eabi/9.3.1/../../../../arm-none-eabi/lib/thumb/v7e-m/nofp\libg.a
LOAD c:/progra~2/gnuarm~1/92020-~1/bin/../lib/gcc/arm-none-eabi/9.3.1/../../../../arm-none-eabi/lib/thumb/v7e-m/nofp\libc.a
END GROUP
LOAD c:/progra~2/gnuarm~1/92020-~1/bin/../lib/gcc/arm-none-eabi/9.3.1/thumb/v7e-m/nofp/crtend.o
LOAD c:/progra~2/gnuarm~1/92020-~1/bin/../lib/gcc/arm-none-eabi/9.3.1/thumb/v7e-m/nofp/crtn.o
                0x20020000                _estack = 0x20020000
                0x00000200                _Min_Heap_Size = 0x200
                0x00000400                _Min_Stack_Size = 0x400

.isr_vector     0x08000000      0x198
                0x08000000                . = ALIGN (0x4)
 *(.isr_vector)
 .isr_vector    0x08000000      0x198 CMakeFiles/smart_flowerpot_project.elf.dir/startup/startup_stm32f411xe.s.obj
                0x08000000                g_pfnVectors
                0x08000198                . = ALIGN (0x4)

.text           0x080001c0     0xc2d0
                0x080001c0                . = ALIGN (0x4)
 *(.text)
 .text          0x080001c0       0x40 c:/progra~2/gnuarm~1/92020-~1/bin/../lib/gcc/arm-none-eabi/9.3.1/thumb/v7e-m/nofp/crtbegin.o
 .text          0x08000200      0x378 c:/progra~2/gnuarm~1/92020-~1/bin/../lib/gcc/arm-none-eabi/9.3.1/thumb/v7e-m/nofp\libgcc.a(_arm_addsubdf3.o)
                0x08000200                __aeabi_drsub
                0x08000208                __aeabi_dsub
                0x08000208                __subdf3
                0x0800020c                __aeabi_dadd
                0x0800020c                __adddf3
                0x08000484                __floatunsidf
                0x08000484                __aeabi_ui2d
                0x080004a4                __floatsidf
                0x080004a4                __aeabi_i2d
                0x080004c8                __aeabi_f2d
                0x080004c8                __extendsfdf2
                0x0800050c                __floatundidf
                0x0800050c                __aeabi_ul2d
                0x0800051c                __floatdidf
                0x0800051c                __aeabi_l2d
 .text          0x08000578      0x21c c:/progra~2/gnuarm~1/92020-~1/bin/../lib/gcc/arm-none-eabi/9.3.1/thumb/v7e-m/nofp\libgcc.a(_arm_addsubsf3.o)
                0x08000578                __aeabi_frsub
                0x08000580                __subsf3
                0x08000580                __aeabi_fsub
                0x08000584                __aeabi_fadd
                0x08000584                __addsf3
                0x080006e4                __aeabi_ui2f
                0x080006e4                __floatunsisf
                0x080006ec                __aeabi_i2f
                0x080006ec                __floatsisf
                0x08000708                __aeabi_ul2f
                0x08000708                __floatundisf
                0x08000718                __aeabi_l2f
                0x08000718                __floatdisf
 .text          0x08000794      0x2a0 c:/progra~2/gnuarm~1/92020-~1/bin/../lib/gcc/arm-none-eabi/9.3.1/thumb/v7e-m/nofp\libgcc.a(_arm_muldivsf3.o)
                0x08000794                __mulsf3
                0x08000794                __aeabi_fmul
                0x080008fc                __aeabi_fdiv
                0x080008fc                __divsf3
 .text          0x08000a34       0xec c:/progra~2/gnuarm~1/92020-~1/bin/../lib/gcc/arm-none-eabi/9.3.1/thumb/v7e-m/nofp\libgcc.a(_arm_cmpsf2.o)
                0x08000a34                __gesf2
                0x08000a34                __gtsf2
                0x08000a3c                __lesf2
                0x08000a3c                __ltsf2
                0x08000a44                __nesf2
                0x08000a44                __eqsf2
                0x08000a44                __cmpsf2
                0x08000aa4                __aeabi_cfrcmple
                0x08000aac                __aeabi_cfcmpeq
                0x08000aac                __aeabi_cfcmple
                0x08000abc                __aeabi_fcmpeq
                0x08000ad0                __aeabi_fcmplt
                0x08000ae4                __aeabi_fcmple
                0x08000af8                __aeabi_fcmpge
                0x08000b0c                __aeabi_fcmpgt
 .text          0x08000b20       0x30 c:/progra~2/gnuarm~1/92020-~1/bin/../lib/gcc/arm-none-eabi/9.3.1/thumb/v7e-m/nofp\libgcc.a(_aeabi_uldivmod.o)
                0x08000b20                __aeabi_uldivmod
 .text          0x08000b50      0x2c0 c:/progra~2/gnuarm~1/92020-~1/bin/../lib/gcc/arm-none-eabi/9.3.1/thumb/v7e-m/nofp\libgcc.a(_udivmoddi4.o)
                0x08000b50                __udivmoddi4
 .text          0x08000e10        0x4 c:/progra~2/gnuarm~1/92020-~1/bin/../lib/gcc/arm-none-eabi/9.3.1/thumb/v7e-m/nofp\libgcc.a(_dvmd_tls.o)
                0x08000e10                __aeabi_idiv0
                0x08000e10                __aeabi_ldiv0
 *fill*         0x08000e14        0xc 
 .text          0x08000e20       0xa0 c:/progra~2/gnuarm~1/92020-~1/bin/../lib/gcc/arm-none-eabi/9.3.1/../../../../arm-none-eabi/lib/thumb/v7e-m/nofp\libg.a(lib_a-memchr.o)
                0x08000e20                memchr
 .text          0x08000ec0      0x134 c:/progra~2/gnuarm~1/92020-~1/bin/../lib/gcc/arm-none-eabi/9.3.1/../../../../arm-none-eabi/lib/thumb/v7e-m/nofp\libg.a(lib_a-memcpy.o)
                0x08000ec0                memcpy
 *fill*         0x08000ff4        0xc 
 .text          0x08001000       0xdc c:/progra~2/gnuarm~1/92020-~1/bin/../lib/gcc/arm-none-eabi/9.3.1/../../../../arm-none-eabi/lib/thumb/v7e-m/nofp\libg.a(lib_a-strlen.o)
                0x08001000                strlen
 .text          0x080010dc      0x424 c:/progra~2/gnuarm~1/92020-~1/bin/../lib/gcc/arm-none-eabi/9.3.1/thumb/v7e-m/nofp\libgcc.a(_arm_muldivdf3.o)
                0x080010dc                __aeabi_dmul
                0x080010dc                __muldf3
                0x08001330                __divdf3
                0x08001330                __aeabi_ddiv
 .text          0x08001500      0x110 c:/progra~2/gnuarm~1/92020-~1/bin/../lib/gcc/arm-none-eabi/9.3.1/thumb/v7e-m/nofp\libgcc.a(_arm_cmpdf2.o)
                0x08001500                __gtdf2
                0x08001500                __gedf2
                0x08001508                __ltdf2
                0x08001508                __ledf2
                0x08001510                __nedf2
                0x08001510                __eqdf2
                0x08001510                __cmpdf2
                0x0800158c                __aeabi_cdrcmple
                0x0800159c                __aeabi_cdcmpeq
                0x0800159c                __aeabi_cdcmple
                0x080015ac                __aeabi_dcmpeq
                0x080015c0                __aeabi_dcmplt
                0x080015d4                __aeabi_dcmple
                0x080015e8                __aeabi_dcmpge
                0x080015fc                __aeabi_dcmpgt
 .text          0x08001610       0x2c c:/progra~2/gnuarm~1/92020-~1/bin/../lib/gcc/arm-none-eabi/9.3.1/thumb/v7e-m/nofp\libgcc.a(_arm_unorddf2.o)
                0x08001610                __unorddf2
                0x08001610                __aeabi_dcmpun
 .text          0x0800163c       0x50 c:/progra~2/gnuarm~1/92020-~1/bin/../lib/gcc/arm-none-eabi/9.3.1/thumb/v7e-m/nofp\libgcc.a(_arm_fixdfsi.o)
                0x0800163c                __aeabi_d2iz
                0x0800163c                __fixdfsi
 *(.text*)
 .text.MX_ADC1_Init
                0x0800168c       0x84 CMakeFiles/smart_flowerpot_project.elf.dir/Core/Src/adc.c.obj
                0x0800168c                MX_ADC1_Init
 .text.HAL_ADC_MspInit
                0x08001710       0xa8 CMakeFiles/smart_flowerpot_project.elf.dir/Core/Src/adc.c.obj
                0x08001710                HAL_ADC_MspInit
 .text.MX_DMA_Init
                0x080017b8       0x34 CMakeFiles/smart_flowerpot_project.elf.dir/Core/Src/dma.c.obj
                0x080017b8                MX_DMA_Init
 .text.MX_GPIO_Init
                0x080017ec      0x1e0 CMakeFiles/smart_flowerpot_project.elf.dir/Core/Src/gpio.c.obj
                0x080017ec                MX_GPIO_Init
 .text.MX_I2C1_Init
                0x080019cc       0x3c CMakeFiles/smart_flowerpot_project.elf.dir/Core/Src/i2c.c.obj
                0x080019cc                MX_I2C1_Init
 .text.HAL_I2C_MspInit
                0x08001a08       0x74 CMakeFiles/smart_flowerpot_project.elf.dir/Core/Src/i2c.c.obj
                0x08001a08                HAL_I2C_MspInit
 .text.MX_I2S3_Init
                0x08001a7c       0x3c CMakeFiles/smart_flowerpot_project.elf.dir/Core/Src/i2s.c.obj
                0x08001a7c                MX_I2S3_Init
 .text.HAL_I2S_MspInit
                0x08001ab8       0x9c CMakeFiles/smart_flowerpot_project.elf.dir/Core/Src/i2s.c.obj
                0x08001ab8                HAL_I2S_MspInit
 .text.LCD5110_wputchar
                0x08001b54       0x60 CMakeFiles/smart_flowerpot_project.elf.dir/Core/Src/lcd5110.c.obj
                0x08001b54                LCD5110_wputchar
 .text.LCD5110_wset_cursor
                0x08001bb4        0x6 CMakeFiles/smart_flowerpot_project.elf.dir/Core/Src/lcd5110.c.obj
                0x08001bb4                LCD5110_wset_cursor
 .text.LCD5110_wendl
                0x08001bba       0x1a CMakeFiles/smart_flowerpot_project.elf.dir/Core/Src/lcd5110.c.obj
                0x08001bba                LCD5110_wendl
 .text.LCD5110_wprint
                0x08001bd4       0x7c CMakeFiles/smart_flowerpot_project.elf.dir/Core/Src/lcd5110.c.obj
                0x08001bd4                LCD5110_wprint
 .text.LCD5110_printf
                0x08001c50       0x44 CMakeFiles/smart_flowerpot_project.elf.dir/Core/Src/lcd5110.c.obj
                0x08001c50                LCD5110_printf
 .text.LCD5110_clrscr
                0x08001c94       0x14 CMakeFiles/smart_flowerpot_project.elf.dir/Core/Src/lcd5110_hal.c.obj
                0x08001c94                LCD5110_clrscr
 .text.LCD5110_putpix
                0x08001ca8       0x42 CMakeFiles/smart_flowerpot_project.elf.dir/Core/Src/lcd5110_hal.c.obj
                0x08001ca8                LCD5110_putpix
 .text.LCD5110_drawBitmap
                0x08001cea       0x6e CMakeFiles/smart_flowerpot_project.elf.dir/Core/Src/lcd5110_hal.c.obj
                0x08001cea                LCD5110_drawBitmap
 .text.LCD5110_set_function
                0x08001d58       0x30 CMakeFiles/smart_flowerpot_project.elf.dir/Core/Src/lcd5110_ll.c.obj
 .text.LCD5110_set_mode_base
                0x08001d88       0x2a CMakeFiles/smart_flowerpot_project.elf.dir/Core/Src/lcd5110_ll.c.obj
 .text.LCD5110_set_temp_coef_ext
                0x08001db2       0x2c CMakeFiles/smart_flowerpot_project.elf.dir/Core/Src/lcd5110_ll.c.obj
 .text.LCD5110_set_bias_ext
                0x08001dde       0x2c CMakeFiles/smart_flowerpot_project.elf.dir/Core/Src/lcd5110_ll.c.obj
 .text.LCD5110_set_voltage_ext
                0x08001e0a       0x2e CMakeFiles/smart_flowerpot_project.elf.dir/Core/Src/lcd5110_ll.c.obj
 .text.LCD5110_init
                0x08001e38       0x8a CMakeFiles/smart_flowerpot_project.elf.dir/Core/Src/lcd5110_ll.c.obj
                0x08001e38                LCD5110_init
 .text.LCD5110_refresh_ll
                0x08001ec2       0x66 CMakeFiles/smart_flowerpot_project.elf.dir/Core/Src/lcd5110_ll.c.obj
                0x08001ec2                LCD5110_refresh_ll
 .text.HAL_ADC_ConvCpltCallback
                0x08001f28       0x38 CMakeFiles/smart_flowerpot_project.elf.dir/Core/Src/main.c.obj
                0x08001f28                HAL_ADC_ConvCpltCallback
 .text.HAL_TIM_PeriodElapsedCallback
                0x08001f60       0x1c CMakeFiles/smart_flowerpot_project.elf.dir/Core/Src/main.c.obj
                0x08001f60                HAL_TIM_PeriodElapsedCallback
 .text.SystemClock_Config
                0x08001f7c       0xb0 CMakeFiles/smart_flowerpot_project.elf.dir/Core/Src/main.c.obj
                0x08001f7c                SystemClock_Config
 .text.main     0x0800202c      0x63c CMakeFiles/smart_flowerpot_project.elf.dir/Core/Src/main.c.obj
                0x0800202c                main
 .text.Error_Handler
                0x08002668        0x2 CMakeFiles/smart_flowerpot_project.elf.dir/Core/Src/main.c.obj
                0x08002668                Error_Handler
 .text.assert_failed
                0x0800266a        0x2 CMakeFiles/smart_flowerpot_project.elf.dir/Core/Src/main.c.obj
                0x0800266a                assert_failed
 .text.MX_SPI1_Init
                0x0800266c       0x40 CMakeFiles/smart_flowerpot_project.elf.dir/Core/Src/spi.c.obj
                0x0800266c                MX_SPI1_Init
 .text.MX_SPI2_Init
                0x080026ac       0x44 CMakeFiles/smart_flowerpot_project.elf.dir/Core/Src/spi.c.obj
                0x080026ac                MX_SPI2_Init
 .text.HAL_SPI_MspInit
                0x080026f0       0xcc CMakeFiles/smart_flowerpot_project.elf.dir/Core/Src/spi.c.obj
                0x080026f0                HAL_SPI_MspInit
 .text.HAL_MspInit
                0x080027bc       0x40 CMakeFiles/smart_flowerpot_project.elf.dir/Core/Src/stm32f4xx_hal_msp.c.obj
                0x080027bc                HAL_MspInit
 .text.NMI_Handler
                0x080027fc        0x2 CMakeFiles/smart_flowerpot_project.elf.dir/Core/Src/stm32f4xx_it.c.obj
                0x080027fc                NMI_Handler
 .text.HardFault_Handler
                0x080027fe        0x2 CMakeFiles/smart_flowerpot_project.elf.dir/Core/Src/stm32f4xx_it.c.obj
                0x080027fe                HardFault_Handler
 .text.MemManage_Handler
                0x08002800        0x2 CMakeFiles/smart_flowerpot_project.elf.dir/Core/Src/stm32f4xx_it.c.obj
                0x08002800                MemManage_Handler
 .text.BusFault_Handler
                0x08002802        0x2 CMakeFiles/smart_flowerpot_project.elf.dir/Core/Src/stm32f4xx_it.c.obj
                0x08002802                BusFault_Handler
 .text.UsageFault_Handler
                0x08002804        0x2 CMakeFiles/smart_flowerpot_project.elf.dir/Core/Src/stm32f4xx_it.c.obj
                0x08002804                UsageFault_Handler
 .text.SVC_Handler
                0x08002806        0x2 CMakeFiles/smart_flowerpot_project.elf.dir/Core/Src/stm32f4xx_it.c.obj
                0x08002806                SVC_Handler
 .text.DebugMon_Handler
                0x08002808        0x2 CMakeFiles/smart_flowerpot_project.elf.dir/Core/Src/stm32f4xx_it.c.obj
                0x08002808                DebugMon_Handler
 .text.PendSV_Handler
                0x0800280a        0x2 CMakeFiles/smart_flowerpot_project.elf.dir/Core/Src/stm32f4xx_it.c.obj
                0x0800280a                PendSV_Handler
 .text.SysTick_Handler
                0x0800280c        0x8 CMakeFiles/smart_flowerpot_project.elf.dir/Core/Src/stm32f4xx_it.c.obj
                0x0800280c                SysTick_Handler
 .text.TIM1_UP_TIM10_IRQHandler
                0x08002814       0x10 CMakeFiles/smart_flowerpot_project.elf.dir/Core/Src/stm32f4xx_it.c.obj
                0x08002814                TIM1_UP_TIM10_IRQHandler
 .text.DMA2_Stream0_IRQHandler
                0x08002824       0x10 CMakeFiles/smart_flowerpot_project.elf.dir/Core/Src/stm32f4xx_it.c.obj
                0x08002824                DMA2_Stream0_IRQHandler
 .text._getpid  0x08002834        0x4 CMakeFiles/smart_flowerpot_project.elf.dir/Core/Src/syscalls.c.obj
                0x08002834                _getpid
 .text._kill    0x08002838       0x10 CMakeFiles/smart_flowerpot_project.elf.dir/Core/Src/syscalls.c.obj
                0x08002838                _kill
 .text._exit    0x08002848        0xc CMakeFiles/smart_flowerpot_project.elf.dir/Core/Src/syscalls.c.obj
                0x08002848                _exit
 .text._read    0x08002854       0x20 CMakeFiles/smart_flowerpot_project.elf.dir/Core/Src/syscalls.c.obj
                0x08002854                _read
 .text._write   0x08002874       0x1c CMakeFiles/smart_flowerpot_project.elf.dir/Core/Src/syscalls.c.obj
                0x08002874                _write
 .text._sbrk    0x08002890       0x3c CMakeFiles/smart_flowerpot_project.elf.dir/Core/Src/syscalls.c.obj
                0x08002890                _sbrk
 .text._close   0x080028cc        0x6 CMakeFiles/smart_flowerpot_project.elf.dir/Core/Src/syscalls.c.obj
                0x080028cc                _close
 .text._fstat   0x080028d2        0xa CMakeFiles/smart_flowerpot_project.elf.dir/Core/Src/syscalls.c.obj
                0x080028d2                _fstat
 .text._isatty  0x080028dc        0x4 CMakeFiles/smart_flowerpot_project.elf.dir/Core/Src/syscalls.c.obj
                0x080028dc                _isatty
 .text._lseek   0x080028e0        0x4 CMakeFiles/smart_flowerpot_project.elf.dir/Core/Src/syscalls.c.obj
                0x080028e0                _lseek
 .text.SystemInit
                0x080028e4       0x10 CMakeFiles/smart_flowerpot_project.elf.dir/Core/Src/system_stm32f4xx.c.obj
                0x080028e4                SystemInit
 .text.MX_TIM3_Init
                0x080028f4       0x6c CMakeFiles/smart_flowerpot_project.elf.dir/Core/Src/tim.c.obj
                0x080028f4                MX_TIM3_Init
 .text.HAL_TIM_Base_MspInit
                0x08002960       0x68 CMakeFiles/smart_flowerpot_project.elf.dir/Core/Src/tim.c.obj
                0x08002960                HAL_TIM_Base_MspInit
 .text.HAL_TIM_MspPostInit
                0x080029c8       0x60 CMakeFiles/smart_flowerpot_project.elf.dir/Core/Src/tim.c.obj
                0x080029c8                HAL_TIM_MspPostInit
 .text.MX_TIM10_Init
                0x08002a28       0x78 CMakeFiles/smart_flowerpot_project.elf.dir/Core/Src/tim.c.obj
                0x08002a28                MX_TIM10_Init
 .text.MX_USB_OTG_FS_USB_Init
                0x08002aa0        0x2 CMakeFiles/smart_flowerpot_project.elf.dir/Core/Src/usb_otg.c.obj
                0x08002aa0                MX_USB_OTG_FS_USB_Init
 *fill*         0x08002aa2        0x2 
 .text.HAL_InitTick
                0x08002aa4       0x4c CMakeFiles/smart_flowerpot_project.elf.dir/Drivers/STM32F4xx_HAL_Driver/Src/stm32f4xx_hal.c.obj
                0x08002aa4                HAL_InitTick
 .text.HAL_Init
                0x08002af0       0x34 CMakeFiles/smart_flowerpot_project.elf.dir/Drivers/STM32F4xx_HAL_Driver/Src/stm32f4xx_hal.c.obj
                0x08002af0                HAL_Init
 .text.HAL_IncTick
                0x08002b24       0x18 CMakeFiles/smart_flowerpot_project.elf.dir/Drivers/STM32F4xx_HAL_Driver/Src/stm32f4xx_hal.c.obj
                0x08002b24                HAL_IncTick
 .text.HAL_GetTick
                0x08002b3c        0xc CMakeFiles/smart_flowerpot_project.elf.dir/Drivers/STM32F4xx_HAL_Driver/Src/stm32f4xx_hal.c.obj
                0x08002b3c                HAL_GetTick
 .text.HAL_Delay
                0x08002b48       0x28 CMakeFiles/smart_flowerpot_project.elf.dir/Drivers/STM32F4xx_HAL_Driver/Src/stm32f4xx_hal.c.obj
                0x08002b48                HAL_Delay
 .text.ADC_Init
                0x08002b70      0x150 CMakeFiles/smart_flowerpot_project.elf.dir/Drivers/STM32F4xx_HAL_Driver/Src/stm32f4xx_hal_adc.c.obj
 .text.HAL_ADC_Init
                0x08002cc0      0x1e4 CMakeFiles/smart_flowerpot_project.elf.dir/Drivers/STM32F4xx_HAL_Driver/Src/stm32f4xx_hal_adc.c.obj
                0x08002cc0                HAL_ADC_Init
 .text.HAL_ADC_Start_DMA
                0x08002ea4      0x17c CMakeFiles/smart_flowerpot_project.elf.dir/Drivers/STM32F4xx_HAL_Driver/Src/stm32f4xx_hal_adc.c.obj
                0x08002ea4                HAL_ADC_Start_DMA
 .text.HAL_ADC_Stop_DMA
                0x08003020       0x78 CMakeFiles/smart_flowerpot_project.elf.dir/Drivers/STM32F4xx_HAL_Driver/Src/stm32f4xx_hal_adc.c.obj
                0x08003020                HAL_ADC_Stop_DMA
 .text.HAL_ADC_ConvHalfCpltCallback
                0x08003098        0x2 CMakeFiles/smart_flowerpot_project.elf.dir/Drivers/STM32F4xx_HAL_Driver/Src/stm32f4xx_hal_adc.c.obj
                0x08003098                HAL_ADC_ConvHalfCpltCallback
 .text.ADC_DMAHalfConvCplt
                0x0800309a        0xa CMakeFiles/smart_flowerpot_project.elf.dir/Drivers/STM32F4xx_HAL_Driver/Src/stm32f4xx_hal_adc.c.obj
 .text.HAL_ADC_ErrorCallback
                0x080030a4        0x2 CMakeFiles/smart_flowerpot_project.elf.dir/Drivers/STM32F4xx_HAL_Driver/Src/stm32f4xx_hal_adc.c.obj
                0x080030a4                HAL_ADC_ErrorCallback
 .text.ADC_DMAError
                0x080030a6       0x16 CMakeFiles/smart_flowerpot_project.elf.dir/Drivers/STM32F4xx_HAL_Driver/Src/stm32f4xx_hal_adc.c.obj
 .text.ADC_DMAConvCplt
                0x080030bc       0x72 CMakeFiles/smart_flowerpot_project.elf.dir/Drivers/STM32F4xx_HAL_Driver/Src/stm32f4xx_hal_adc.c.obj
 *fill*         0x0800312e        0x2 
 .text.HAL_ADC_ConfigChannel
                0x08003130      0x1e0 CMakeFiles/smart_flowerpot_project.elf.dir/Drivers/STM32F4xx_HAL_Driver/Src/stm32f4xx_hal_adc.c.obj
                0x08003130                HAL_ADC_ConfigChannel
 .text.HAL_NVIC_SetPriorityGrouping
                0x08003310       0x3c CMakeFiles/smart_flowerpot_project.elf.dir/Drivers/STM32F4xx_HAL_Driver/Src/stm32f4xx_hal_cortex.c.obj
                0x08003310                HAL_NVIC_SetPriorityGrouping
 .text.HAL_NVIC_SetPriority
                0x0800334c       0x8c CMakeFiles/smart_flowerpot_project.elf.dir/Drivers/STM32F4xx_HAL_Driver/Src/stm32f4xx_hal_cortex.c.obj
                0x0800334c                HAL_NVIC_SetPriority
 .text.HAL_NVIC_EnableIRQ
                0x080033d8       0x30 CMakeFiles/smart_flowerpot_project.elf.dir/Drivers/STM32F4xx_HAL_Driver/Src/stm32f4xx_hal_cortex.c.obj
                0x080033d8                HAL_NVIC_EnableIRQ
 .text.HAL_SYSTICK_Config
                0x08003408       0x2c CMakeFiles/smart_flowerpot_project.elf.dir/Drivers/STM32F4xx_HAL_Driver/Src/stm32f4xx_hal_cortex.c.obj
                0x08003408                HAL_SYSTICK_Config
 .text.DMA_SetConfig
                0x08003434       0x2c CMakeFiles/smart_flowerpot_project.elf.dir/Drivers/STM32F4xx_HAL_Driver/Src/stm32f4xx_hal_dma.c.obj
 .text.DMA_CalcBaseAndBitshift
                0x08003460       0x40 CMakeFiles/smart_flowerpot_project.elf.dir/Drivers/STM32F4xx_HAL_Driver/Src/stm32f4xx_hal_dma.c.obj
 .text.DMA_CheckFifoParam
                0x080034a0       0x8e CMakeFiles/smart_flowerpot_project.elf.dir/Drivers/STM32F4xx_HAL_Driver/Src/stm32f4xx_hal_dma.c.obj
 *fill*         0x0800352e        0x2 
 .text.HAL_DMA_Init
                0x08003530      0x290 CMakeFiles/smart_flowerpot_project.elf.dir/Drivers/STM32F4xx_HAL_Driver/Src/stm32f4xx_hal_dma.c.obj
                0x08003530                HAL_DMA_Init
 .text.HAL_DMA_Start_IT
                0x080037c0       0x98 CMakeFiles/smart_flowerpot_project.elf.dir/Drivers/STM32F4xx_HAL_Driver/Src/stm32f4xx_hal_dma.c.obj
                0x080037c0                HAL_DMA_Start_IT
 .text.HAL_DMA_Abort
                0x08003858       0x94 CMakeFiles/smart_flowerpot_project.elf.dir/Drivers/STM32F4xx_HAL_Driver/Src/stm32f4xx_hal_dma.c.obj
                0x08003858                HAL_DMA_Abort
 .text.HAL_DMA_IRQHandler
                0x080038ec      0x1dc CMakeFiles/smart_flowerpot_project.elf.dir/Drivers/STM32F4xx_HAL_Driver/Src/stm32f4xx_hal_dma.c.obj
                0x080038ec                HAL_DMA_IRQHandler
 .text.HAL_GPIO_Init
                0x08003ac8      0x2a4 CMakeFiles/smart_flowerpot_project.elf.dir/Drivers/STM32F4xx_HAL_Driver/Src/stm32f4xx_hal_gpio.c.obj
                0x08003ac8                HAL_GPIO_Init
 .text.HAL_GPIO_ReadPin
                0x08003d6c       0x28 CMakeFiles/smart_flowerpot_project.elf.dir/Drivers/STM32F4xx_HAL_Driver/Src/stm32f4xx_hal_gpio.c.obj
                0x08003d6c                HAL_GPIO_ReadPin
 .text.HAL_GPIO_WritePin
                0x08003d94       0x38 CMakeFiles/smart_flowerpot_project.elf.dir/Drivers/STM32F4xx_HAL_Driver/Src/stm32f4xx_hal_gpio.c.obj
                0x08003d94                HAL_GPIO_WritePin
 .text.HAL_I2C_Init
                0x08003dcc      0x2b0 CMakeFiles/smart_flowerpot_project.elf.dir/Drivers/STM32F4xx_HAL_Driver/Src/stm32f4xx_hal_i2c.c.obj
                0x08003dcc                HAL_I2C_Init
 .text.HAL_I2S_Init
                0x0800407c      0x2a8 CMakeFiles/smart_flowerpot_project.elf.dir/Drivers/STM32F4xx_HAL_Driver/Src/stm32f4xx_hal_i2s.c.obj
                0x0800407c                HAL_I2S_Init
 .text.HAL_I2S_TxCpltCallback
                0x08004324        0x2 CMakeFiles/smart_flowerpot_project.elf.dir/Drivers/STM32F4xx_HAL_Driver/Src/stm32f4xx_hal_i2s.c.obj
                0x08004324                HAL_I2S_TxCpltCallback
 .text.I2S_Transmit_IT
                0x08004326       0x38 CMakeFiles/smart_flowerpot_project.elf.dir/Drivers/STM32F4xx_HAL_Driver/Src/stm32f4xx_hal_i2s.c.obj
 .text.HAL_I2S_RxCpltCallback
                0x0800435e        0x2 CMakeFiles/smart_flowerpot_project.elf.dir/Drivers/STM32F4xx_HAL_Driver/Src/stm32f4xx_hal_i2s.c.obj
                0x0800435e                HAL_I2S_RxCpltCallback
 .text.I2S_Receive_IT
                0x08004360       0x38 CMakeFiles/smart_flowerpot_project.elf.dir/Drivers/STM32F4xx_HAL_Driver/Src/stm32f4xx_hal_i2s.c.obj
 .text.HAL_I2S_ErrorCallback
                0x08004398        0x2 CMakeFiles/smart_flowerpot_project.elf.dir/Drivers/STM32F4xx_HAL_Driver/Src/stm32f4xx_hal_i2s.c.obj
                0x08004398                HAL_I2S_ErrorCallback
 .text.I2S_IRQHandler
                0x0800439a       0xd0 CMakeFiles/smart_flowerpot_project.elf.dir/Drivers/STM32F4xx_HAL_Driver/Src/stm32f4xx_hal_i2s.c.obj
 .text.HAL_I2SEx_TxRxCpltCallback
                0x0800446a        0x2 CMakeFiles/smart_flowerpot_project.elf.dir/Drivers/STM32F4xx_HAL_Driver/Src/stm32f4xx_hal_i2s_ex.c.obj
                0x0800446a                HAL_I2SEx_TxRxCpltCallback
 .text.I2SEx_TxISR_I2S
                0x0800446c       0x3c CMakeFiles/smart_flowerpot_project.elf.dir/Drivers/STM32F4xx_HAL_Driver/Src/stm32f4xx_hal_i2s_ex.c.obj
 .text.I2SEx_RxISR_I2SExt
                0x080044a8       0x64 CMakeFiles/smart_flowerpot_project.elf.dir/Drivers/STM32F4xx_HAL_Driver/Src/stm32f4xx_hal_i2s_ex.c.obj
 .text.I2SEx_TxISR_I2SExt
                0x0800450c       0x64 CMakeFiles/smart_flowerpot_project.elf.dir/Drivers/STM32F4xx_HAL_Driver/Src/stm32f4xx_hal_i2s_ex.c.obj
 .text.I2SEx_RxISR_I2S
                0x08004570       0x3c CMakeFiles/smart_flowerpot_project.elf.dir/Drivers/STM32F4xx_HAL_Driver/Src/stm32f4xx_hal_i2s_ex.c.obj
 .text.HAL_I2SEx_FullDuplex_IRQHandler
                0x080045ac      0x1d8 CMakeFiles/smart_flowerpot_project.elf.dir/Drivers/STM32F4xx_HAL_Driver/Src/stm32f4xx_hal_i2s_ex.c.obj
                0x080045ac                HAL_I2SEx_FullDuplex_IRQHandler
 .text.HAL_RCC_OscConfig
                0x08004784      0x4f8 CMakeFiles/smart_flowerpot_project.elf.dir/Drivers/STM32F4xx_HAL_Driver/Src/stm32f4xx_hal_rcc.c.obj
                0x08004784                HAL_RCC_OscConfig
 .text.HAL_RCC_GetSysClockFreq
                0x08004c7c       0xcc CMakeFiles/smart_flowerpot_project.elf.dir/Drivers/STM32F4xx_HAL_Driver/Src/stm32f4xx_hal_rcc.c.obj
                0x08004c7c                HAL_RCC_GetSysClockFreq
 .text.HAL_RCC_ClockConfig
                0x08004d48      0x21c CMakeFiles/smart_flowerpot_project.elf.dir/Drivers/STM32F4xx_HAL_Driver/Src/stm32f4xx_hal_rcc.c.obj
                0x08004d48                HAL_RCC_ClockConfig
 .text.HAL_RCC_GetHCLKFreq
                0x08004f64        0xc CMakeFiles/smart_flowerpot_project.elf.dir/Drivers/STM32F4xx_HAL_Driver/Src/stm32f4xx_hal_rcc.c.obj
                0x08004f64                HAL_RCC_GetHCLKFreq
 .text.HAL_RCC_GetPCLK1Freq
                0x08004f70       0x20 CMakeFiles/smart_flowerpot_project.elf.dir/Drivers/STM32F4xx_HAL_Driver/Src/stm32f4xx_hal_rcc.c.obj
                0x08004f70                HAL_RCC_GetPCLK1Freq
 .text.HAL_RCCEx_PeriphCLKConfig
                0x08004f90      0x2cc CMakeFiles/smart_flowerpot_project.elf.dir/Drivers/STM32F4xx_HAL_Driver/Src/stm32f4xx_hal_rcc_ex.c.obj
                0x08004f90                HAL_RCCEx_PeriphCLKConfig
 .text.HAL_RCCEx_GetPeriphCLKFreq
                0x0800525c       0x78 CMakeFiles/smart_flowerpot_project.elf.dir/Drivers/STM32F4xx_HAL_Driver/Src/stm32f4xx_hal_rcc_ex.c.obj
                0x0800525c                HAL_RCCEx_GetPeriphCLKFreq
 .text.SPI_WaitFlagStateUntilTimeout
                0x080052d4       0x94 CMakeFiles/smart_flowerpot_project.elf.dir/Drivers/STM32F4xx_HAL_Driver/Src/stm32f4xx_hal_spi.c.obj
 .text.SPI_EndRxTxTransaction
                0x08005368       0x68 CMakeFiles/smart_flowerpot_project.elf.dir/Drivers/STM32F4xx_HAL_Driver/Src/stm32f4xx_hal_spi.c.obj
 .text.HAL_SPI_Init
                0x080053d0      0x1a4 CMakeFiles/smart_flowerpot_project.elf.dir/Drivers/STM32F4xx_HAL_Driver/Src/stm32f4xx_hal_spi.c.obj
                0x080053d0                HAL_SPI_Init
 .text.HAL_SPI_Transmit
                0x08005574      0x1c0 CMakeFiles/smart_flowerpot_project.elf.dir/Drivers/STM32F4xx_HAL_Driver/Src/stm32f4xx_hal_spi.c.obj
                0x08005574                HAL_SPI_Transmit
 .text.TIM_TI1_ConfigInputStage
                0x08005734       0x24 CMakeFiles/smart_flowerpot_project.elf.dir/Drivers/STM32F4xx_HAL_Driver/Src/stm32f4xx_hal_tim.c.obj
 .text.TIM_TI2_ConfigInputStage
                0x08005758       0x26 CMakeFiles/smart_flowerpot_project.elf.dir/Drivers/STM32F4xx_HAL_Driver/Src/stm32f4xx_hal_tim.c.obj
 .text.TIM_ITRx_SetConfig
                0x0800577e       0x10 CMakeFiles/smart_flowerpot_project.elf.dir/Drivers/STM32F4xx_HAL_Driver/Src/stm32f4xx_hal_tim.c.obj
 *fill*         0x0800578e        0x2 
 .text.TIM_OC1_SetConfig
                0x08005790       0xac CMakeFiles/smart_flowerpot_project.elf.dir/Drivers/STM32F4xx_HAL_Driver/Src/stm32f4xx_hal_tim.c.obj
 .text.TIM_OC3_SetConfig
                0x0800583c       0xb0 CMakeFiles/smart_flowerpot_project.elf.dir/Drivers/STM32F4xx_HAL_Driver/Src/stm32f4xx_hal_tim.c.obj
 .text.TIM_OC4_SetConfig
                0x080058ec       0x6c CMakeFiles/smart_flowerpot_project.elf.dir/Drivers/STM32F4xx_HAL_Driver/Src/stm32f4xx_hal_tim.c.obj
 .text.HAL_TIM_Base_Start_IT
                0x08005958       0x78 CMakeFiles/smart_flowerpot_project.elf.dir/Drivers/STM32F4xx_HAL_Driver/Src/stm32f4xx_hal_tim.c.obj
                0x08005958                HAL_TIM_Base_Start_IT
 .text.HAL_TIM_PWM_MspInit
                0x080059d0        0x2 CMakeFiles/smart_flowerpot_project.elf.dir/Drivers/STM32F4xx_HAL_Driver/Src/stm32f4xx_hal_tim.c.obj
                0x080059d0                HAL_TIM_PWM_MspInit
 .text.HAL_TIM_OC_DelayElapsedCallback
                0x080059d2        0x2 CMakeFiles/smart_flowerpot_project.elf.dir/Drivers/STM32F4xx_HAL_Driver/Src/stm32f4xx_hal_tim.c.obj
                0x080059d2                HAL_TIM_OC_DelayElapsedCallback
 .text.HAL_TIM_IC_CaptureCallback
                0x080059d4        0x2 CMakeFiles/smart_flowerpot_project.elf.dir/Drivers/STM32F4xx_HAL_Driver/Src/stm32f4xx_hal_tim.c.obj
                0x080059d4                HAL_TIM_IC_CaptureCallback
 .text.HAL_TIM_PWM_PulseFinishedCallback
                0x080059d6        0x2 CMakeFiles/smart_flowerpot_project.elf.dir/Drivers/STM32F4xx_HAL_Driver/Src/stm32f4xx_hal_tim.c.obj
                0x080059d6                HAL_TIM_PWM_PulseFinishedCallback
 .text.HAL_TIM_TriggerCallback
                0x080059d8        0x2 CMakeFiles/smart_flowerpot_project.elf.dir/Drivers/STM32F4xx_HAL_Driver/Src/stm32f4xx_hal_tim.c.obj
                0x080059d8                HAL_TIM_TriggerCallback
 .text.HAL_TIM_IRQHandler
                0x080059da      0x17a CMakeFiles/smart_flowerpot_project.elf.dir/Drivers/STM32F4xx_HAL_Driver/Src/stm32f4xx_hal_tim.c.obj
                0x080059da                HAL_TIM_IRQHandler
 .text.TIM_Base_SetConfig
                0x08005b54       0x9c CMakeFiles/smart_flowerpot_project.elf.dir/Drivers/STM32F4xx_HAL_Driver/Src/stm32f4xx_hal_tim.c.obj
                0x08005b54                TIM_Base_SetConfig
 .text.HAL_TIM_Base_Init
                0x08005bf0       0xd8 CMakeFiles/smart_flowerpot_project.elf.dir/Drivers/STM32F4xx_HAL_Driver/Src/stm32f4xx_hal_tim.c.obj
                0x08005bf0                HAL_TIM_Base_Init
 .text.HAL_TIM_PWM_Init
                0x08005cc8       0xd8 CMakeFiles/smart_flowerpot_project.elf.dir/Drivers/STM32F4xx_HAL_Driver/Src/stm32f4xx_hal_tim.c.obj
                0x08005cc8                HAL_TIM_PWM_Init
 .text.TIM_OC2_SetConfig
                0x08005da0       0xb4 CMakeFiles/smart_flowerpot_project.elf.dir/Drivers/STM32F4xx_HAL_Driver/Src/stm32f4xx_hal_tim.c.obj
                0x08005da0                TIM_OC2_SetConfig
 .text.HAL_TIM_PWM_ConfigChannel
                0x08005e54      0x22c CMakeFiles/smart_flowerpot_project.elf.dir/Drivers/STM32F4xx_HAL_Driver/Src/stm32f4xx_hal_tim.c.obj
                0x08005e54                HAL_TIM_PWM_ConfigChannel
 .text.TIM_ETR_SetConfig
                0x08006080       0x16 CMakeFiles/smart_flowerpot_project.elf.dir/Drivers/STM32F4xx_HAL_Driver/Src/stm32f4xx_hal_tim.c.obj
                0x08006080                TIM_ETR_SetConfig
 *fill*         0x08006096        0x2 
 .text.HAL_TIM_ConfigClockSource
                0x08006098      0x414 CMakeFiles/smart_flowerpot_project.elf.dir/Drivers/STM32F4xx_HAL_Driver/Src/stm32f4xx_hal_tim.c.obj
                0x08006098                HAL_TIM_ConfigClockSource
 .text.HAL_TIMEx_MasterConfigSynchronization
                0x080064ac       0xf0 CMakeFiles/smart_flowerpot_project.elf.dir/Drivers/STM32F4xx_HAL_Driver/Src/stm32f4xx_hal_tim_ex.c.obj
                0x080064ac                HAL_TIMEx_MasterConfigSynchronization
 .text.HAL_TIMEx_CommutCallback
                0x0800659c        0x2 CMakeFiles/smart_flowerpot_project.elf.dir/Drivers/STM32F4xx_HAL_Driver/Src/stm32f4xx_hal_tim_ex.c.obj
                0x0800659c                HAL_TIMEx_CommutCallback
 .text.HAL_TIMEx_BreakCallback
                0x0800659e        0x2 CMakeFiles/smart_flowerpot_project.elf.dir/Drivers/STM32F4xx_HAL_Driver/Src/stm32f4xx_hal_tim_ex.c.obj
                0x0800659e                HAL_TIMEx_BreakCallback
 .text.Reset_Handler
                0x080065a0       0x50 CMakeFiles/smart_flowerpot_project.elf.dir/startup/startup_stm32f411xe.s.obj
                0x080065a0                Reset_Handler
 .text.Default_Handler
                0x080065f0        0x2 CMakeFiles/smart_flowerpot_project.elf.dir/startup/startup_stm32f411xe.s.obj
                0x080065f0                RTC_Alarm_IRQHandler
                0x080065f0                EXTI2_IRQHandler
                0x080065f0                SPI4_IRQHandler
                0x080065f0                TIM1_CC_IRQHandler
                0x080065f0                DMA2_Stream5_IRQHandler
                0x080065f0                DMA1_Stream5_IRQHandler
                0x080065f0                PVD_IRQHandler
                0x080065f0                SDIO_IRQHandler
                0x080065f0                TAMP_STAMP_IRQHandler
                0x080065f0                EXTI3_IRQHandler
                0x080065f0                I2C3_ER_IRQHandler
                0x080065f0                EXTI0_IRQHandler
                0x080065f0                I2C2_EV_IRQHandler
                0x080065f0                DMA1_Stream2_IRQHandler
                0x080065f0                FPU_IRQHandler
                0x080065f0                DMA2_Stream2_IRQHandler
                0x080065f0                SPI1_IRQHandler
                0x080065f0                TIM1_BRK_TIM9_IRQHandler
                0x080065f0                DMA2_Stream3_IRQHandler
                0x080065f0                USART6_IRQHandler
                0x080065f0                TIM4_IRQHandler
                0x080065f0                I2C1_EV_IRQHandler
                0x080065f0                DMA1_Stream6_IRQHandler
                0x080065f0                DMA1_Stream1_IRQHandler
                0x080065f0                TIM3_IRQHandler
                0x080065f0                RCC_IRQHandler
                0x080065f0                Default_Handler
                0x080065f0                EXTI15_10_IRQHandler
                0x080065f0                ADC_IRQHandler
                0x080065f0                DMA1_Stream7_IRQHandler
                0x080065f0                SPI5_IRQHandler
                0x080065f0                TIM5_IRQHandler
                0x080065f0                DMA2_Stream7_IRQHandler
                0x080065f0                I2C3_EV_IRQHandler
                0x080065f0                EXTI9_5_IRQHandler
                0x080065f0                RTC_WKUP_IRQHandler
                0x080065f0                SPI2_IRQHandler
                0x080065f0                DMA1_Stream0_IRQHandler
                0x080065f0                EXTI4_IRQHandler
                0x080065f0                WWDG_IRQHandler
                0x080065f0                TIM2_IRQHandler
                0x080065f0                OTG_FS_WKUP_IRQHandler
                0x080065f0                TIM1_TRG_COM_TIM11_IRQHandler
                0x080065f0                EXTI1_IRQHandler
                0x080065f0                USART2_IRQHandler
                0x080065f0                I2C2_ER_IRQHandler
                0x080065f0                DMA2_Stream1_IRQHandler
                0x080065f0                FLASH_IRQHandler
                0x080065f0                DMA2_Stream4_IRQHandler
                0x080065f0                USART1_IRQHandler
                0x080065f0                OTG_FS_IRQHandler
                0x080065f0                SPI3_IRQHandler
                0x080065f0                DMA1_Stream4_IRQHandler
                0x080065f0                I2C1_ER_IRQHandler
                0x080065f0                DMA2_Stream6_IRQHandler
                0x080065f0                DMA1_Stream3_IRQHandler
 *fill*         0x080065f2        0x2 
 .text.__errno  0x080065f4        0xc c:/progra~2/gnuarm~1/92020-~1/bin/../lib/gcc/arm-none-eabi/9.3.1/../../../../arm-none-eabi/lib/thumb/v7e-m/nofp\libg.a(lib_a-errno.o)
                0x080065f4                __errno
 .text.__libc_init_array
                0x08006600       0x48 c:/progra~2/gnuarm~1/92020-~1/bin/../lib/gcc/arm-none-eabi/9.3.1/../../../../arm-none-eabi/lib/thumb/v7e-m/nofp\libg.a(lib_a-init.o)
                0x08006600                __libc_init_array
 .text.memset   0x08006648       0xa0 c:/progra~2/gnuarm~1/92020-~1/bin/../lib/gcc/arm-none-eabi/9.3.1/../../../../arm-none-eabi/lib/thumb/v7e-m/nofp\libg.a(lib_a-memset.o)
                0x08006648                memset
 .text._vsnprintf_r
                0x080066e8       0x70 c:/progra~2/gnuarm~1/92020-~1/bin/../lib/gcc/arm-none-eabi/9.3.1/../../../../arm-none-eabi/lib/thumb/v7e-m/nofp\libg.a(lib_a-vsnprintf.o)
                0x080066e8                _vsnprintf_r
 .text.vsnprintf
                0x08006758       0x20 c:/progra~2/gnuarm~1/92020-~1/bin/../lib/gcc/arm-none-eabi/9.3.1/../../../../arm-none-eabi/lib/thumb/v7e-m/nofp\libg.a(lib_a-vsnprintf.o)
                0x08006758                vsnprintf
 .text.startup.register_fini
                0x08006778       0x14 c:/progra~2/gnuarm~1/92020-~1/bin/../lib/gcc/arm-none-eabi/9.3.1/../../../../arm-none-eabi/lib/thumb/v7e-m/nofp\libg.a(lib_a-__call_atexit.o)
 .text.atexit   0x0800678c        0xc c:/progra~2/gnuarm~1/92020-~1/bin/../lib/gcc/arm-none-eabi/9.3.1/../../../../arm-none-eabi/lib/thumb/v7e-m/nofp\libg.a(lib_a-atexit.o)
                0x0800678c                atexit
 .text.__libc_fini_array
                0x08006798       0x2c c:/progra~2/gnuarm~1/92020-~1/bin/../lib/gcc/arm-none-eabi/9.3.1/../../../../arm-none-eabi/lib/thumb/v7e-m/nofp\libg.a(lib_a-fini.o)
                0x08006798                __libc_fini_array
 .text.__retarget_lock_init_recursive
                0x080067c4        0x4 c:/progra~2/gnuarm~1/92020-~1/bin/../lib/gcc/arm-none-eabi/9.3.1/../../../../arm-none-eabi/lib/thumb/v7e-m/nofp\libg.a(lib_a-lock.o)
                0x080067c4                __retarget_lock_init_recursive
 .text.__retarget_lock_close_recursive
                0x080067c8        0x4 c:/progra~2/gnuarm~1/92020-~1/bin/../lib/gcc/arm-none-eabi/9.3.1/../../../../arm-none-eabi/lib/thumb/v7e-m/nofp\libg.a(lib_a-lock.o)
                0x080067c8                __retarget_lock_close_recursive
 .text.__retarget_lock_acquire_recursive
                0x080067cc        0x4 c:/progra~2/gnuarm~1/92020-~1/bin/../lib/gcc/arm-none-eabi/9.3.1/../../../../arm-none-eabi/lib/thumb/v7e-m/nofp\libg.a(lib_a-lock.o)
                0x080067cc                __retarget_lock_acquire_recursive
 .text.__retarget_lock_release_recursive
                0x080067d0        0x4 c:/progra~2/gnuarm~1/92020-~1/bin/../lib/gcc/arm-none-eabi/9.3.1/../../../../arm-none-eabi/lib/thumb/v7e-m/nofp\libg.a(lib_a-lock.o)
                0x080067d0                __retarget_lock_release_recursive
 .text._svfprintf_r
                0x080067d4     0x1acc c:/progra~2/gnuarm~1/92020-~1/bin/../lib/gcc/arm-none-eabi/9.3.1/../../../../arm-none-eabi/lib/thumb/v7e-m/nofp\libg.a(lib_a-svfprintf.o)
                0x080067d4                _svfprintf_r
 .text.__register_exitproc
                0x080082a0       0x8c c:/progra~2/gnuarm~1/92020-~1/bin/../lib/gcc/arm-none-eabi/9.3.1/../../../../arm-none-eabi/lib/thumb/v7e-m/nofp\libg.a(lib_a-__atexit.o)
                0x080082a0                __register_exitproc
 .text.quorem   0x0800832c      0x11c c:/progra~2/gnuarm~1/92020-~1/bin/../lib/gcc/arm-none-eabi/9.3.1/../../../../arm-none-eabi/lib/thumb/v7e-m/nofp\libg.a(lib_a-dtoa.o)
 .text._dtoa_r  0x08008448      0xed4 c:/progra~2/gnuarm~1/92020-~1/bin/../lib/gcc/arm-none-eabi/9.3.1/../../../../arm-none-eabi/lib/thumb/v7e-m/nofp\libg.a(lib_a-dtoa.o)
                0x08008448                _dtoa_r
 .text._malloc_trim_r
                0x0800931c       0xa0 c:/progra~2/gnuarm~1/92020-~1/bin/../lib/gcc/arm-none-eabi/9.3.1/../../../../arm-none-eabi/lib/thumb/v7e-m/nofp\libg.a(lib_a-freer.o)
                0x0800931c                _malloc_trim_r
 .text._free_r  0x080093bc      0x208 c:/progra~2/gnuarm~1/92020-~1/bin/../lib/gcc/arm-none-eabi/9.3.1/../../../../arm-none-eabi/lib/thumb/v7e-m/nofp\libg.a(lib_a-freer.o)
                0x080093bc                _free_r
 .text._localeconv_r
                0x080095c4        0x8 c:/progra~2/gnuarm~1/92020-~1/bin/../lib/gcc/arm-none-eabi/9.3.1/../../../../arm-none-eabi/lib/thumb/v7e-m/nofp\libg.a(lib_a-localeconv.o)
                0x080095c4                _localeconv_r
 .text._malloc_r
                0x080095cc      0x574 c:/progra~2/gnuarm~1/92020-~1/bin/../lib/gcc/arm-none-eabi/9.3.1/../../../../arm-none-eabi/lib/thumb/v7e-m/nofp\libg.a(lib_a-mallocr.o)
                0x080095cc                _malloc_r
 .text.__malloc_lock
                0x08009b40        0xc c:/progra~2/gnuarm~1/92020-~1/bin/../lib/gcc/arm-none-eabi/9.3.1/../../../../arm-none-eabi/lib/thumb/v7e-m/nofp\libg.a(lib_a-mlock.o)
                0x08009b40                __malloc_lock
 .text.__malloc_unlock
                0x08009b4c        0xc c:/progra~2/gnuarm~1/92020-~1/bin/../lib/gcc/arm-none-eabi/9.3.1/../../../../arm-none-eabi/lib/thumb/v7e-m/nofp\libg.a(lib_a-mlock.o)
                0x08009b4c                __malloc_unlock
 .text._Balloc  0x08009b58       0x4c c:/progra~2/gnuarm~1/92020-~1/bin/../lib/gcc/arm-none-eabi/9.3.1/../../../../arm-none-eabi/lib/thumb/v7e-m/nofp\libg.a(lib_a-mprec.o)
                0x08009b58                _Balloc
 .text._Bfree   0x08009ba4       0x14 c:/progra~2/gnuarm~1/92020-~1/bin/../lib/gcc/arm-none-eabi/9.3.1/../../../../arm-none-eabi/lib/thumb/v7e-m/nofp\libg.a(lib_a-mprec.o)
                0x08009ba4                _Bfree
 .text.__multadd
                0x08009bb8       0xa0 c:/progra~2/gnuarm~1/92020-~1/bin/../lib/gcc/arm-none-eabi/9.3.1/../../../../arm-none-eabi/lib/thumb/v7e-m/nofp\libg.a(lib_a-mprec.o)
                0x08009bb8                __multadd
 .text.__hi0bits
                0x08009c58       0x40 c:/progra~2/gnuarm~1/92020-~1/bin/../lib/gcc/arm-none-eabi/9.3.1/../../../../arm-none-eabi/lib/thumb/v7e-m/nofp\libg.a(lib_a-mprec.o)
                0x08009c58                __hi0bits
 .text.__lo0bits
                0x08009c98       0x60 c:/progra~2/gnuarm~1/92020-~1/bin/../lib/gcc/arm-none-eabi/9.3.1/../../../../arm-none-eabi/lib/thumb/v7e-m/nofp\libg.a(lib_a-mprec.o)
                0x08009c98                __lo0bits
 .text.__i2b    0x08009cf8       0x2c c:/progra~2/gnuarm~1/92020-~1/bin/../lib/gcc/arm-none-eabi/9.3.1/../../../../arm-none-eabi/lib/thumb/v7e-m/nofp\libg.a(lib_a-mprec.o)
                0x08009cf8                __i2b
 .text.__multiply
                0x08009d24      0x160 c:/progra~2/gnuarm~1/92020-~1/bin/../lib/gcc/arm-none-eabi/9.3.1/../../../../arm-none-eabi/lib/thumb/v7e-m/nofp\libg.a(lib_a-mprec.o)
                0x08009d24                __multiply
 .text.__pow5mult
                0x08009e84       0x98 c:/progra~2/gnuarm~1/92020-~1/bin/../lib/gcc/arm-none-eabi/9.3.1/../../../../arm-none-eabi/lib/thumb/v7e-m/nofp\libg.a(lib_a-mprec.o)
                0x08009e84                __pow5mult
 .text.__lshift
                0x08009f1c       0xe8 c:/progra~2/gnuarm~1/92020-~1/bin/../lib/gcc/arm-none-eabi/9.3.1/../../../../arm-none-eabi/lib/thumb/v7e-m/nofp\libg.a(lib_a-mprec.o)
                0x08009f1c                __lshift
 .text.__mcmp   0x0800a004       0x3c c:/progra~2/gnuarm~1/92020-~1/bin/../lib/gcc/arm-none-eabi/9.3.1/../../../../arm-none-eabi/lib/thumb/v7e-m/nofp\libg.a(lib_a-mprec.o)
                0x0800a004                __mcmp
 .text.__mdiff  0x0800a040      0x148 c:/progra~2/gnuarm~1/92020-~1/bin/../lib/gcc/arm-none-eabi/9.3.1/../../../../arm-none-eabi/lib/thumb/v7e-m/nofp\libg.a(lib_a-mprec.o)
                0x0800a040                __mdiff
 .text.__d2b    0x0800a188       0xc4 c:/progra~2/gnuarm~1/92020-~1/bin/../lib/gcc/arm-none-eabi/9.3.1/../../../../arm-none-eabi/lib/thumb/v7e-m/nofp\libg.a(lib_a-mprec.o)
                0x0800a188                __d2b
 .text.frexp    0x0800a24c       0x70 c:/progra~2/gnuarm~1/92020-~1/bin/../lib/gcc/arm-none-eabi/9.3.1/../../../../arm-none-eabi/lib/thumb/v7e-m/nofp\libg.a(lib_a-s_frexp.o)
                0x0800a24c                frexp
 .text._sbrk_r  0x0800a2bc       0x24 c:/progra~2/gnuarm~1/92020-~1/bin/../lib/gcc/arm-none-eabi/9.3.1/../../../../arm-none-eabi/lib/thumb/v7e-m/nofp\libg.a(lib_a-sbrkr.o)
                0x0800a2bc                _sbrk_r
 .text.strncpy  0x0800a2e0       0x68 c:/progra~2/gnuarm~1/92020-~1/bin/../lib/gcc/arm-none-eabi/9.3.1/../../../../arm-none-eabi/lib/thumb/v7e-m/nofp\libg.a(lib_a-strncpy.o)
                0x0800a2e0                strncpy
 .text.__ssprint_r
                0x0800a348       0xf8 c:/progra~2/gnuarm~1/92020-~1/bin/../lib/gcc/arm-none-eabi/9.3.1/../../../../arm-none-eabi/lib/thumb/v7e-m/nofp\libg.a(lib_a-svfiprintf.o)
                0x0800a348                __ssprint_r
 .text.__assert_func
                0x0800a440       0x3c c:/progra~2/gnuarm~1/92020-~1/bin/../lib/gcc/arm-none-eabi/9.3.1/../../../../arm-none-eabi/lib/thumb/v7e-m/nofp\libg.a(lib_a-assert.o)
                0x0800a440                __assert_func
 .text._calloc_r
                0x0800a47c       0x60 c:/progra~2/gnuarm~1/92020-~1/bin/../lib/gcc/arm-none-eabi/9.3.1/../../../../arm-none-eabi/lib/thumb/v7e-m/nofp\libg.a(lib_a-callocr.o)
                0x0800a47c                _calloc_r
 .text.fiprintf
                0x0800a4dc       0x28 c:/progra~2/gnuarm~1/92020-~1/bin/../lib/gcc/arm-none-eabi/9.3.1/../../../../arm-none-eabi/lib/thumb/v7e-m/nofp\libg.a(lib_a-fiprintf.o)
                0x0800a4dc                fiprintf
 .text.__locale_mb_cur_max
                0x0800a504        0xc c:/progra~2/gnuarm~1/92020-~1/bin/../lib/gcc/arm-none-eabi/9.3.1/../../../../arm-none-eabi/lib/thumb/v7e-m/nofp\libg.a(lib_a-locale.o)
                0x0800a504                __locale_mb_cur_max
 .text.__ascii_mbtowc
                0x0800a510       0x2c c:/progra~2/gnuarm~1/92020-~1/bin/../lib/gcc/arm-none-eabi/9.3.1/../../../../arm-none-eabi/lib/thumb/v7e-m/nofp\libg.a(lib_a-mbtowc_r.o)
                0x0800a510                __ascii_mbtowc
 .text.memmove  0x0800a53c       0xd8 c:/progra~2/gnuarm~1/92020-~1/bin/../lib/gcc/arm-none-eabi/9.3.1/../../../../arm-none-eabi/lib/thumb/v7e-m/nofp\libg.a(lib_a-memmove.o)
                0x0800a53c                memmove
 .text._realloc_r
                0x0800a614      0x3e0 c:/progra~2/gnuarm~1/92020-~1/bin/../lib/gcc/arm-none-eabi/9.3.1/../../../../arm-none-eabi/lib/thumb/v7e-m/nofp\libg.a(lib_a-reallocr.o)
                0x0800a614                _realloc_r
 .text.__sprint_r.part.0
                0x0800a9f4       0x78 c:/progra~2/gnuarm~1/92020-~1/bin/../lib/gcc/arm-none-eabi/9.3.1/../../../../arm-none-eabi/lib/thumb/v7e-m/nofp\libg.a(lib_a-vfiprintf.o)
 .text._vfiprintf_r
                0x0800aa6c      0xd38 c:/progra~2/gnuarm~1/92020-~1/bin/../lib/gcc/arm-none-eabi/9.3.1/../../../../arm-none-eabi/lib/thumb/v7e-m/nofp\libg.a(lib_a-vfiprintf.o)
                0x0800aa6c                _vfiprintf_r
 .text.__sbprintf
                0x0800b7a4       0x84 c:/progra~2/gnuarm~1/92020-~1/bin/../lib/gcc/arm-none-eabi/9.3.1/../../../../arm-none-eabi/lib/thumb/v7e-m/nofp\libg.a(lib_a-vfiprintf.o)
 .text.__ascii_wctomb
                0x0800b828       0x1c c:/progra~2/gnuarm~1/92020-~1/bin/../lib/gcc/arm-none-eabi/9.3.1/../../../../arm-none-eabi/lib/thumb/v7e-m/nofp\libg.a(lib_a-wctomb_r.o)
                0x0800b828                __ascii_wctomb
 .text.__swsetup_r
                0x0800b844       0xd0 c:/progra~2/gnuarm~1/92020-~1/bin/../lib/gcc/arm-none-eabi/9.3.1/../../../../arm-none-eabi/lib/thumb/v7e-m/nofp\libg.a(lib_a-wsetup.o)
                0x0800b844                __swsetup_r
 .text.abort    0x0800b914       0x10 c:/progra~2/gnuarm~1/92020-~1/bin/../lib/gcc/arm-none-eabi/9.3.1/../../../../arm-none-eabi/lib/thumb/v7e-m/nofp\libg.a(lib_a-abort.o)
                0x0800b914                abort
 .text.__sflush_r
                0x0800b924      0x130 c:/progra~2/gnuarm~1/92020-~1/bin/../lib/gcc/arm-none-eabi/9.3.1/../../../../arm-none-eabi/lib/thumb/v7e-m/nofp\libg.a(lib_a-fflush.o)
                0x0800b924                __sflush_r
 .text._fflush_r
                0x0800ba54       0x5c c:/progra~2/gnuarm~1/92020-~1/bin/../lib/gcc/arm-none-eabi/9.3.1/../../../../arm-none-eabi/lib/thumb/v7e-m/nofp\libg.a(lib_a-fflush.o)
                0x0800ba54                _fflush_r
 .text.std      0x0800bab0       0x50 c:/progra~2/gnuarm~1/92020-~1/bin/../lib/gcc/arm-none-eabi/9.3.1/../../../../arm-none-eabi/lib/thumb/v7e-m/nofp\libg.a(lib_a-findfp.o)
 .text._cleanup_r
                0x0800bb00        0xc c:/progra~2/gnuarm~1/92020-~1/bin/../lib/gcc/arm-none-eabi/9.3.1/../../../../arm-none-eabi/lib/thumb/v7e-m/nofp\libg.a(lib_a-findfp.o)
                0x0800bb00                _cleanup_r
 .text.__sinit  0x0800bb0c       0x54 c:/progra~2/gnuarm~1/92020-~1/bin/../lib/gcc/arm-none-eabi/9.3.1/../../../../arm-none-eabi/lib/thumb/v7e-m/nofp\libg.a(lib_a-findfp.o)
                0x0800bb0c                __sinit
 .text.__sfp_lock_acquire
                0x0800bb60        0xc c:/progra~2/gnuarm~1/92020-~1/bin/../lib/gcc/arm-none-eabi/9.3.1/../../../../arm-none-eabi/lib/thumb/v7e-m/nofp\libg.a(lib_a-findfp.o)
                0x0800bb60                __sfp_lock_acquire
 .text.__sfp_lock_release
                0x0800bb6c        0xc c:/progra~2/gnuarm~1/92020-~1/bin/../lib/gcc/arm-none-eabi/9.3.1/../../../../arm-none-eabi/lib/thumb/v7e-m/nofp\libg.a(lib_a-findfp.o)
                0x0800bb6c                __sfp_lock_release
 .text.__fputwc
                0x0800bb78       0xa8 c:/progra~2/gnuarm~1/92020-~1/bin/../lib/gcc/arm-none-eabi/9.3.1/../../../../arm-none-eabi/lib/thumb/v7e-m/nofp\libg.a(lib_a-fputwc.o)
                0x0800bb78                __fputwc
 .text._fputwc_r
                0x0800bc20       0x68 c:/progra~2/gnuarm~1/92020-~1/bin/../lib/gcc/arm-none-eabi/9.3.1/../../../../arm-none-eabi/lib/thumb/v7e-m/nofp\libg.a(lib_a-fputwc.o)
                0x0800bc20                _fputwc_r
 .text.__sfvwrite_r
                0x0800bc88      0x2e0 c:/progra~2/gnuarm~1/92020-~1/bin/../lib/gcc/arm-none-eabi/9.3.1/../../../../arm-none-eabi/lib/thumb/v7e-m/nofp\libg.a(lib_a-fvwrite.o)
                0x0800bc88                __sfvwrite_r
 .text._fwalk_reent
                0x0800bf68       0x48 c:/progra~2/gnuarm~1/92020-~1/bin/../lib/gcc/arm-none-eabi/9.3.1/../../../../arm-none-eabi/lib/thumb/v7e-m/nofp\libg.a(lib_a-fwalk.o)
                0x0800bf68                _fwalk_reent
 .text.__swhatbuf_r
                0x0800bfb0       0x5c c:/progra~2/gnuarm~1/92020-~1/bin/../lib/gcc/arm-none-eabi/9.3.1/../../../../arm-none-eabi/lib/thumb/v7e-m/nofp\libg.a(lib_a-makebuf.o)
                0x0800bfb0                __swhatbuf_r
 .text.__smakebuf_r
                0x0800c00c       0x98 c:/progra~2/gnuarm~1/92020-~1/bin/../lib/gcc/arm-none-eabi/9.3.1/../../../../arm-none-eabi/lib/thumb/v7e-m/nofp\libg.a(lib_a-makebuf.o)
                0x0800c00c                __smakebuf_r
 .text._raise_r
                0x0800c0a4       0x58 c:/progra~2/gnuarm~1/92020-~1/bin/../lib/gcc/arm-none-eabi/9.3.1/../../../../arm-none-eabi/lib/thumb/v7e-m/nofp\libg.a(lib_a-signal.o)
                0x0800c0a4                _raise_r
 .text.raise    0x0800c0fc       0x10 c:/progra~2/gnuarm~1/92020-~1/bin/../lib/gcc/arm-none-eabi/9.3.1/../../../../arm-none-eabi/lib/thumb/v7e-m/nofp\libg.a(lib_a-signal.o)
                0x0800c0fc                raise
 .text._kill_r  0x0800c10c       0x2c c:/progra~2/gnuarm~1/92020-~1/bin/../lib/gcc/arm-none-eabi/9.3.1/../../../../arm-none-eabi/lib/thumb/v7e-m/nofp\libg.a(lib_a-signalr.o)
                0x0800c10c                _kill_r
 .text._getpid_r
                0x0800c138        0x4 c:/progra~2/gnuarm~1/92020-~1/bin/../lib/gcc/arm-none-eabi/9.3.1/../../../../arm-none-eabi/lib/thumb/v7e-m/nofp\libg.a(lib_a-signalr.o)
                0x0800c138                _getpid_r
 .text.__sread  0x0800c13c       0x24 c:/progra~2/gnuarm~1/92020-~1/bin/../lib/gcc/arm-none-eabi/9.3.1/../../../../arm-none-eabi/lib/thumb/v7e-m/nofp\libg.a(lib_a-stdio.o)
                0x0800c13c                __sread
 .text.__swrite
                0x0800c160       0x40 c:/progra~2/gnuarm~1/92020-~1/bin/../lib/gcc/arm-none-eabi/9.3.1/../../../../arm-none-eabi/lib/thumb/v7e-m/nofp\libg.a(lib_a-stdio.o)
                0x0800c160                __swrite
 .text.__sseek  0x0800c1a0       0x20 c:/progra~2/gnuarm~1/92020-~1/bin/../lib/gcc/arm-none-eabi/9.3.1/../../../../arm-none-eabi/lib/thumb/v7e-m/nofp\libg.a(lib_a-stdio.o)
                0x0800c1a0                __sseek
 .text.__sclose
                0x0800c1c0        0x8 c:/progra~2/gnuarm~1/92020-~1/bin/../lib/gcc/arm-none-eabi/9.3.1/../../../../arm-none-eabi/lib/thumb/v7e-m/nofp\libg.a(lib_a-stdio.o)
                0x0800c1c0                __sclose
 .text.__swbuf_r
                0x0800c1c8       0xb0 c:/progra~2/gnuarm~1/92020-~1/bin/../lib/gcc/arm-none-eabi/9.3.1/../../../../arm-none-eabi/lib/thumb/v7e-m/nofp\libg.a(lib_a-wbuf.o)
                0x0800c1c8                __swbuf_r
 .text._wcrtomb_r
                0x0800c278       0x3c c:/progra~2/gnuarm~1/92020-~1/bin/../lib/gcc/arm-none-eabi/9.3.1/../../../../arm-none-eabi/lib/thumb/v7e-m/nofp\libg.a(lib_a-wcrtomb.o)
                0x0800c278                _wcrtomb_r
 .text._write_r
                0x0800c2b4       0x2c c:/progra~2/gnuarm~1/92020-~1/bin/../lib/gcc/arm-none-eabi/9.3.1/../../../../arm-none-eabi/lib/thumb/v7e-m/nofp\libg.a(lib_a-writer.o)
                0x0800c2b4                _write_r
 .text._close_r
                0x0800c2e0       0x24 c:/progra~2/gnuarm~1/92020-~1/bin/../lib/gcc/arm-none-eabi/9.3.1/../../../../arm-none-eabi/lib/thumb/v7e-m/nofp\libg.a(lib_a-closer.o)
                0x0800c2e0                _close_r
 .text._fclose_r
                0x0800c304       0xcc c:/progra~2/gnuarm~1/92020-~1/bin/../lib/gcc/arm-none-eabi/9.3.1/../../../../arm-none-eabi/lib/thumb/v7e-m/nofp\libg.a(lib_a-fclose.o)
                0x0800c304                _fclose_r
 .text._fstat_r
                0x0800c3d0       0x2c c:/progra~2/gnuarm~1/92020-~1/bin/../lib/gcc/arm-none-eabi/9.3.1/../../../../arm-none-eabi/lib/thumb/v7e-m/nofp\libg.a(lib_a-fstatr.o)
                0x0800c3d0                _fstat_r
 .text._isatty_r
                0x0800c3fc       0x24 c:/progra~2/gnuarm~1/92020-~1/bin/../lib/gcc/arm-none-eabi/9.3.1/../../../../arm-none-eabi/lib/thumb/v7e-m/nofp\libg.a(lib_a-isattyr.o)
                0x0800c3fc                _isatty_r
 .text._lseek_r
                0x0800c420       0x2c c:/progra~2/gnuarm~1/92020-~1/bin/../lib/gcc/arm-none-eabi/9.3.1/../../../../arm-none-eabi/lib/thumb/v7e-m/nofp\libg.a(lib_a-lseekr.o)
                0x0800c420                _lseek_r
 .text._read_r  0x0800c44c       0x2c c:/progra~2/gnuarm~1/92020-~1/bin/../lib/gcc/arm-none-eabi/9.3.1/../../../../arm-none-eabi/lib/thumb/v7e-m/nofp\libg.a(lib_a-readr.o)
                0x0800c44c                _read_r
 *(.glue_7)
 .glue_7        0x0800c478        0x0 linker stubs
 *(.glue_7t)
 .glue_7t       0x0800c478        0x0 linker stubs
 *(.eh_frame)
 .eh_frame      0x0800c478        0x0 c:/progra~2/gnuarm~1/92020-~1/bin/../lib/gcc/arm-none-eabi/9.3.1/thumb/v7e-m/nofp/crtbegin.o
 *(.init)
 .init          0x0800c478        0x4 c:/progra~2/gnuarm~1/92020-~1/bin/../lib/gcc/arm-none-eabi/9.3.1/thumb/v7e-m/nofp/crti.o
                0x0800c478                _init
 .init          0x0800c47c        0x8 c:/progra~2/gnuarm~1/92020-~1/bin/../lib/gcc/arm-none-eabi/9.3.1/thumb/v7e-m/nofp/crtn.o
 *(.fini)
 .fini          0x0800c484        0x4 c:/progra~2/gnuarm~1/92020-~1/bin/../lib/gcc/arm-none-eabi/9.3.1/thumb/v7e-m/nofp/crti.o
                0x0800c484                _fini
 .fini          0x0800c488        0x8 c:/progra~2/gnuarm~1/92020-~1/bin/../lib/gcc/arm-none-eabi/9.3.1/thumb/v7e-m/nofp/crtn.o
                0x0800c490                . = ALIGN (0x4)
                0x0800c490                _etext = .

.vfp11_veneer   0x0800c490        0x0
 .vfp11_veneer  0x0800c490        0x0 linker stubs

.v4_bx          0x0800c490        0x0
 .v4_bx         0x0800c490        0x0 linker stubs

.iplt           0x0800c490        0x0
 .iplt          0x0800c490        0x0 c:/progra~2/gnuarm~1/92020-~1/bin/../lib/gcc/arm-none-eabi/9.3.1/thumb/v7e-m/nofp/crtbegin.o

.rodata         0x0800c490      0xf64
                0x0800c490                . = ALIGN (0x4)
 *(.rodata)
 *(.rodata*)
 .rodata.base_font
                0x0800c490      0x600 CMakeFiles/smart_flowerpot_project.elf.dir/Core/Src/lcd5110.c.obj
 .rodata.lcd5110_def_scr
                0x0800ca90        0xe CMakeFiles/smart_flowerpot_project.elf.dir/Core/Src/lcd5110.c.obj
                0x0800ca90                lcd5110_def_scr
 *fill*         0x0800ca9e        0x2 
 .rodata.main.str1.4
                0x0800caa0       0x88 CMakeFiles/smart_flowerpot_project.elf.dir/Core/Src/main.c.obj
 .rodata.AHBPrescTable
                0x0800cb28       0x10 CMakeFiles/smart_flowerpot_project.elf.dir/Core/Src/system_stm32f4xx.c.obj
                0x0800cb28                AHBPrescTable
 .rodata.APBPrescTable
                0x0800cb38        0x8 CMakeFiles/smart_flowerpot_project.elf.dir/Core/Src/system_stm32f4xx.c.obj
                0x0800cb38                APBPrescTable
 .rodata.ADC_Init.str1.4
                0x0800cb40       0x6a CMakeFiles/smart_flowerpot_project.elf.dir/Drivers/STM32F4xx_HAL_Driver/Src/stm32f4xx_hal_adc.c.obj
 *fill*         0x0800cbaa        0x2 
 .rodata.HAL_NVIC_SetPriorityGrouping.str1.4
                0x0800cbac       0x6d CMakeFiles/smart_flowerpot_project.elf.dir/Drivers/STM32F4xx_HAL_Driver/Src/stm32f4xx_hal_cortex.c.obj
 *fill*         0x0800cc19        0x3 
 .rodata.HAL_DMA_Init.str1.4
                0x0800cc1c       0x6a CMakeFiles/smart_flowerpot_project.elf.dir/Drivers/STM32F4xx_HAL_Driver/Src/stm32f4xx_hal_dma.c.obj
 *fill*         0x0800cc86        0x2 
 .rodata.flagBitshiftOffset.7225
                0x0800cc88        0x8 CMakeFiles/smart_flowerpot_project.elf.dir/Drivers/STM32F4xx_HAL_Driver/Src/stm32f4xx_hal_dma.c.obj
 .rodata.HAL_GPIO_Init.str1.4
                0x0800cc90       0x6b CMakeFiles/smart_flowerpot_project.elf.dir/Drivers/STM32F4xx_HAL_Driver/Src/stm32f4xx_hal_gpio.c.obj
 *fill*         0x0800ccfb        0x1 
 .rodata.HAL_I2C_Init.str1.4
                0x0800ccfc       0x6a CMakeFiles/smart_flowerpot_project.elf.dir/Drivers/STM32F4xx_HAL_Driver/Src/stm32f4xx_hal_i2c.c.obj
 *fill*         0x0800cd66        0x2 
 .rodata.HAL_I2S_Init.str1.4
                0x0800cd68       0x6a CMakeFiles/smart_flowerpot_project.elf.dir/Drivers/STM32F4xx_HAL_Driver/Src/stm32f4xx_hal_i2s.c.obj
 *fill*         0x0800cdd2        0x2 
 .rodata.HAL_RCC_OscConfig.str1.4
                0x0800cdd4       0x6a CMakeFiles/smart_flowerpot_project.elf.dir/Drivers/STM32F4xx_HAL_Driver/Src/stm32f4xx_hal_rcc.c.obj
 *fill*         0x0800ce3e        0x2 
 .rodata.HAL_RCCEx_PeriphCLKConfig.str1.4
                0x0800ce40       0x6d CMakeFiles/smart_flowerpot_project.elf.dir/Drivers/STM32F4xx_HAL_Driver/Src/stm32f4xx_hal_rcc_ex.c.obj
 *fill*         0x0800cead        0x3 
 .rodata.HAL_SPI_Init.str1.4
                0x0800ceb0       0x6a CMakeFiles/smart_flowerpot_project.elf.dir/Drivers/STM32F4xx_HAL_Driver/Src/stm32f4xx_hal_spi.c.obj
 *fill*         0x0800cf1a        0x2 
 .rodata.TIM_OC1_SetConfig.str1.4
                0x0800cf1c       0x6a CMakeFiles/smart_flowerpot_project.elf.dir/Drivers/STM32F4xx_HAL_Driver/Src/stm32f4xx_hal_tim.c.obj
 *fill*         0x0800cf86        0x2 
 .rodata.HAL_TIMEx_HallSensor_Init.str1.4
                0x0800cf88       0x6d CMakeFiles/smart_flowerpot_project.elf.dir/Drivers/STM32F4xx_HAL_Driver/Src/stm32f4xx_hal_tim_ex.c.obj
 *fill*         0x0800cff5        0x3 
 .rodata._ctype_
                0x0800cff8      0x101 c:/progra~2/gnuarm~1/92020-~1/bin/../lib/gcc/arm-none-eabi/9.3.1/../../../../arm-none-eabi/lib/thumb/v7e-m/nofp\libg.a(lib_a-ctype_.o)
                0x0800cff8                _ctype_
 *fill*         0x0800d0f9        0x3 
 .rodata._global_impure_ptr
                0x0800d0fc        0x4 c:/progra~2/gnuarm~1/92020-~1/bin/../lib/gcc/arm-none-eabi/9.3.1/../../../../arm-none-eabi/lib/thumb/v7e-m/nofp\libg.a(lib_a-impure.o)
                0x0800d0fc                _global_impure_ptr
 .rodata._svfprintf_r.str1.4
                0x0800d100       0x42 c:/progra~2/gnuarm~1/92020-~1/bin/../lib/gcc/arm-none-eabi/9.3.1/../../../../arm-none-eabi/lib/thumb/v7e-m/nofp\libg.a(lib_a-svfprintf.o)
 *fill*         0x0800d142        0x2 
 .rodata.blanks.7335
                0x0800d144       0x10 c:/progra~2/gnuarm~1/92020-~1/bin/../lib/gcc/arm-none-eabi/9.3.1/../../../../arm-none-eabi/lib/thumb/v7e-m/nofp\libg.a(lib_a-svfprintf.o)
 .rodata.zeroes.7336
                0x0800d154       0x10 c:/progra~2/gnuarm~1/92020-~1/bin/../lib/gcc/arm-none-eabi/9.3.1/../../../../arm-none-eabi/lib/thumb/v7e-m/nofp\libg.a(lib_a-svfprintf.o)
 .rodata._dtoa_r.str1.4
                0x0800d164       0xa0 c:/progra~2/gnuarm~1/92020-~1/bin/../lib/gcc/arm-none-eabi/9.3.1/../../../../arm-none-eabi/lib/thumb/v7e-m/nofp\libg.a(lib_a-dtoa.o)
                                 0xa4 (size before relaxing)
 .rodata.__multadd.str1.4
                0x0800d204       0x7d c:/progra~2/gnuarm~1/92020-~1/bin/../lib/gcc/arm-none-eabi/9.3.1/../../../../arm-none-eabi/lib/thumb/v7e-m/nofp\libg.a(lib_a-mprec.o)
                                 0x91 (size before relaxing)
 *fill*         0x0800d281        0x7 
 .rodata.__mprec_bigtens
                0x0800d288       0x28 c:/progra~2/gnuarm~1/92020-~1/bin/../lib/gcc/arm-none-eabi/9.3.1/../../../../arm-none-eabi/lib/thumb/v7e-m/nofp\libg.a(lib_a-mprec.o)
                0x0800d288                __mprec_bigtens
 .rodata.__mprec_tens
                0x0800d2b0       0xc8 c:/progra~2/gnuarm~1/92020-~1/bin/../lib/gcc/arm-none-eabi/9.3.1/../../../../arm-none-eabi/lib/thumb/v7e-m/nofp\libg.a(lib_a-mprec.o)
                0x0800d2b0                __mprec_tens
 .rodata.p05.6122
                0x0800d378        0xc c:/progra~2/gnuarm~1/92020-~1/bin/../lib/gcc/arm-none-eabi/9.3.1/../../../../arm-none-eabi/lib/thumb/v7e-m/nofp\libg.a(lib_a-mprec.o)
 .rodata.__assert_func.str1.4
                0x0800d384       0x3f c:/progra~2/gnuarm~1/92020-~1/bin/../lib/gcc/arm-none-eabi/9.3.1/../../../../arm-none-eabi/lib/thumb/v7e-m/nofp\libg.a(lib_a-assert.o)
                                 0x43 (size before relaxing)
 *fill*         0x0800d3c3        0x1 
 .rodata._setlocale_r.str1.4
                0x0800d3c4        0xa c:/progra~2/gnuarm~1/92020-~1/bin/../lib/gcc/arm-none-eabi/9.3.1/../../../../arm-none-eabi/lib/thumb/v7e-m/nofp\libg.a(lib_a-locale.o)
                                  0xd (size before relaxing)
 *fill*         0x0800d3ce        0x2 
 .rodata.str1.4
                0x0800d3d0        0x2 c:/progra~2/gnuarm~1/92020-~1/bin/../lib/gcc/arm-none-eabi/9.3.1/../../../../arm-none-eabi/lib/thumb/v7e-m/nofp\libg.a(lib_a-locale.o)
 .rodata._vfiprintf_r.str1.4
                0x0800d3d2       0x2f c:/progra~2/gnuarm~1/92020-~1/bin/../lib/gcc/arm-none-eabi/9.3.1/../../../../arm-none-eabi/lib/thumb/v7e-m/nofp\libg.a(lib_a-vfiprintf.o)
 *fill*         0x0800d3d2        0x2 
 .rodata.blanks.7328
                0x0800d3d4       0x10 c:/progra~2/gnuarm~1/92020-~1/bin/../lib/gcc/arm-none-eabi/9.3.1/../../../../arm-none-eabi/lib/thumb/v7e-m/nofp\libg.a(lib_a-vfiprintf.o)
 .rodata.zeroes.7329
                0x0800d3e4       0x10 c:/progra~2/gnuarm~1/92020-~1/bin/../lib/gcc/arm-none-eabi/9.3.1/../../../../arm-none-eabi/lib/thumb/v7e-m/nofp\libg.a(lib_a-vfiprintf.o)
                0x0800d3f4                . = ALIGN (0x4)

.ARM.extab
 *(.ARM.extab* .gnu.linkonce.armextab.*)

.ARM            0x0800d3f4        0x8
                0x0800d3f4                __exidx_start = .
 *(.ARM.exidx*)
 .ARM.exidx     0x0800d3f4        0x8 c:/progra~2/gnuarm~1/92020-~1/bin/../lib/gcc/arm-none-eabi/9.3.1/thumb/v7e-m/nofp\libgcc.a(_udivmoddi4.o)
                0x0800d3fc                __exidx_end = .

.rel.dyn        0x0800d3fc        0x0
 .rel.iplt      0x0800d3fc        0x0 c:/progra~2/gnuarm~1/92020-~1/bin/../lib/gcc/arm-none-eabi/9.3.1/thumb/v7e-m/nofp/crtbegin.o

.preinit_array  0x0800d3fc        0x0
                0x0800d3fc                PROVIDE (__preinit_array_start = .)
 *(.preinit_array*)
                0x0800d3fc                PROVIDE (__preinit_array_end = .)

.init_array     0x0800d3fc        0x8
                0x0800d3fc                PROVIDE (__init_array_start = .)
 *(SORT_BY_NAME(.init_array.*))
 .init_array.00000
                0x0800d3fc        0x4 c:/progra~2/gnuarm~1/92020-~1/bin/../lib/gcc/arm-none-eabi/9.3.1/../../../../arm-none-eabi/lib/thumb/v7e-m/nofp\libg.a(lib_a-__call_atexit.o)
 *(.init_array*)
 .init_array    0x0800d400        0x4 c:/progra~2/gnuarm~1/92020-~1/bin/../lib/gcc/arm-none-eabi/9.3.1/thumb/v7e-m/nofp/crtbegin.o
                0x0800d404                PROVIDE (__init_array_end = .)

.fini_array     0x0800d404        0x4
                0x0800d404                PROVIDE (__fini_array_start = .)
 *(SORT_BY_NAME(.fini_array.*))
 *(.fini_array*)
 .fini_array    0x0800d404        0x4 c:/progra~2/gnuarm~1/92020-~1/bin/../lib/gcc/arm-none-eabi/9.3.1/thumb/v7e-m/nofp/crtbegin.o
                0x0800d408                PROVIDE (__fini_array_end = .)
                0x0800d408                _sidata = LOADADDR (.data)

.data           0x20000000      0x9b8 load address 0x0800d408
                0x20000000                . = ALIGN (0x4)
                0x20000000                _sdata = .
 *(.data)
 *(.data*)
 .data.SystemCoreClock
                0x20000000        0x4 CMakeFiles/smart_flowerpot_project.elf.dir/Core/Src/system_stm32f4xx.c.obj
                0x20000000                SystemCoreClock
 .data.uwTickFreq
                0x20000004        0x1 CMakeFiles/smart_flowerpot_project.elf.dir/Drivers/STM32F4xx_HAL_Driver/Src/stm32f4xx_hal.c.obj
                0x20000004                uwTickFreq
 *fill*         0x20000005        0x3 
 .data.uwTickPrio
                0x20000008        0x4 CMakeFiles/smart_flowerpot_project.elf.dir/Drivers/STM32F4xx_HAL_Driver/Src/stm32f4xx_hal.c.obj
                0x20000008                uwTickPrio
 .data._impure_ptr
                0x2000000c        0x4 c:/progra~2/gnuarm~1/92020-~1/bin/../lib/gcc/arm-none-eabi/9.3.1/../../../../arm-none-eabi/lib/thumb/v7e-m/nofp\libg.a(lib_a-impure.o)
                0x2000000c                _impure_ptr
 .data.impure_data
                0x20000010      0x428 c:/progra~2/gnuarm~1/92020-~1/bin/../lib/gcc/arm-none-eabi/9.3.1/../../../../arm-none-eabi/lib/thumb/v7e-m/nofp\libg.a(lib_a-impure.o)
 .data.__atexit_recursive_mutex
                0x20000438        0x4 c:/progra~2/gnuarm~1/92020-~1/bin/../lib/gcc/arm-none-eabi/9.3.1/../../../../arm-none-eabi/lib/thumb/v7e-m/nofp\libg.a(lib_a-__call_atexit.o)
                0x20000438                __atexit_recursive_mutex
 .data.__malloc_av_
                0x2000043c      0x408 c:/progra~2/gnuarm~1/92020-~1/bin/../lib/gcc/arm-none-eabi/9.3.1/../../../../arm-none-eabi/lib/thumb/v7e-m/nofp\libg.a(lib_a-mallocr.o)
                0x2000043c                __malloc_av_
 .data.__malloc_sbrk_base
                0x20000844        0x4 c:/progra~2/gnuarm~1/92020-~1/bin/../lib/gcc/arm-none-eabi/9.3.1/../../../../arm-none-eabi/lib/thumb/v7e-m/nofp\libg.a(lib_a-mallocr.o)
                0x20000844                __malloc_sbrk_base
 .data.__malloc_trim_threshold
                0x20000848        0x4 c:/progra~2/gnuarm~1/92020-~1/bin/../lib/gcc/arm-none-eabi/9.3.1/../../../../arm-none-eabi/lib/thumb/v7e-m/nofp\libg.a(lib_a-mallocr.o)
                0x20000848                __malloc_trim_threshold
 .data.__global_locale
                0x2000084c      0x16c c:/progra~2/gnuarm~1/92020-~1/bin/../lib/gcc/arm-none-eabi/9.3.1/../../../../arm-none-eabi/lib/thumb/v7e-m/nofp\libg.a(lib_a-locale.o)
                0x2000084c                __global_locale
                0x200009b8                . = ALIGN (0x4)
                0x200009b8                _edata = .

.igot.plt       0x200009b8        0x0 load address 0x0800ddc0
 .igot.plt      0x200009b8        0x0 c:/progra~2/gnuarm~1/92020-~1/bin/../lib/gcc/arm-none-eabi/9.3.1/thumb/v7e-m/nofp/crtbegin.o
                0x200009b8                . = ALIGN (0x4)

.bss            0x200009b8      0x52c load address 0x0800ddc0
                0x200009b8                _sbss = .
                0x200009b8                __bss_start__ = _sbss
 *(.bss)
 .bss           0x200009b8       0x1c c:/progra~2/gnuarm~1/92020-~1/bin/../lib/gcc/arm-none-eabi/9.3.1/thumb/v7e-m/nofp/crtbegin.o
 *(.bss*)
 .bss.hadc1     0x200009d4       0x48 CMakeFiles/smart_flowerpot_project.elf.dir/Core/Src/adc.c.obj
                0x200009d4                hadc1
 .bss.hdma_adc1
                0x20000a1c       0x60 CMakeFiles/smart_flowerpot_project.elf.dir/Core/Src/adc.c.obj
                0x20000a1c                hdma_adc1
 .bss.hi2c1     0x20000a7c       0x54 CMakeFiles/smart_flowerpot_project.elf.dir/Core/Src/i2c.c.obj
                0x20000a7c                hi2c1
 .bss.hi2s3     0x20000ad0       0x48 CMakeFiles/smart_flowerpot_project.elf.dir/Core/Src/i2s.c.obj
                0x20000ad0                hi2s3
 .bss.adc       0x20000b18        0x4 CMakeFiles/smart_flowerpot_project.elf.dir/Core/Src/main.c.obj
                0x20000b18                adc
 .bss.flag      0x20000b1c        0x1 CMakeFiles/smart_flowerpot_project.elf.dir/Core/Src/main.c.obj
                0x20000b1c                flag
 *fill*         0x20000b1d        0x3 
 .bss.lcd1      0x20000b20      0x224 CMakeFiles/smart_flowerpot_project.elf.dir/Core/Src/main.c.obj
                0x20000b20                lcd1
 .bss.light     0x20000d44        0x2 CMakeFiles/smart_flowerpot_project.elf.dir/Core/Src/main.c.obj
                0x20000d44                light
 .bss.moisture  0x20000d46        0x2 CMakeFiles/smart_flowerpot_project.elf.dir/Core/Src/main.c.obj
                0x20000d46                moisture
 .bss.soil_moisture_percent
                0x20000d48        0x4 CMakeFiles/smart_flowerpot_project.elf.dir/Core/Src/main.c.obj
                0x20000d48                soil_moisture_percent
 .bss.tim10_overflows
                0x20000d4c        0x4 CMakeFiles/smart_flowerpot_project.elf.dir/Core/Src/main.c.obj
                0x20000d4c                tim10_overflows
 .bss.hspi1     0x20000d50       0x58 CMakeFiles/smart_flowerpot_project.elf.dir/Core/Src/spi.c.obj
                0x20000d50                hspi1
 .bss.hspi2     0x20000da8       0x58 CMakeFiles/smart_flowerpot_project.elf.dir/Core/Src/spi.c.obj
                0x20000da8                hspi2
 .bss.heap_end.6022
                0x20000e00        0x4 CMakeFiles/smart_flowerpot_project.elf.dir/Core/Src/syscalls.c.obj
 .bss.htim10    0x20000e04       0x40 CMakeFiles/smart_flowerpot_project.elf.dir/Core/Src/tim.c.obj
                0x20000e04                htim10
 .bss.htim3     0x20000e44       0x40 CMakeFiles/smart_flowerpot_project.elf.dir/Core/Src/tim.c.obj
                0x20000e44                htim3
 .bss.uwTick    0x20000e84        0x4 CMakeFiles/smart_flowerpot_project.elf.dir/Drivers/STM32F4xx_HAL_Driver/Src/stm32f4xx_hal.c.obj
                0x20000e84                uwTick
 .bss.__malloc_current_mallinfo
                0x20000e88       0x28 c:/progra~2/gnuarm~1/92020-~1/bin/../lib/gcc/arm-none-eabi/9.3.1/../../../../arm-none-eabi/lib/thumb/v7e-m/nofp\libg.a(lib_a-mallocr.o)
                0x20000e88                __malloc_current_mallinfo
 .bss.__malloc_max_sbrked_mem
                0x20000eb0        0x4 c:/progra~2/gnuarm~1/92020-~1/bin/../lib/gcc/arm-none-eabi/9.3.1/../../../../arm-none-eabi/lib/thumb/v7e-m/nofp\libg.a(lib_a-mallocr.o)
                0x20000eb0                __malloc_max_sbrked_mem
 .bss.__malloc_max_total_mem
                0x20000eb4        0x4 c:/progra~2/gnuarm~1/92020-~1/bin/../lib/gcc/arm-none-eabi/9.3.1/../../../../arm-none-eabi/lib/thumb/v7e-m/nofp\libg.a(lib_a-mallocr.o)
                0x20000eb4                __malloc_max_total_mem
 .bss.__malloc_top_pad
                0x20000eb8        0x4 c:/progra~2/gnuarm~1/92020-~1/bin/../lib/gcc/arm-none-eabi/9.3.1/../../../../arm-none-eabi/lib/thumb/v7e-m/nofp\libg.a(lib_a-mallocr.o)
                0x20000eb8                __malloc_top_pad
 *(COMMON)
 COMMON         0x20000ebc       0x21 c:/progra~2/gnuarm~1/92020-~1/bin/../lib/gcc/arm-none-eabi/9.3.1/../../../../arm-none-eabi/lib/thumb/v7e-m/nofp\libg.a(lib_a-lock.o)
                0x20000ebc                __lock___atexit_recursive_mutex
                0x20000ec0                __lock___arc4random_mutex
                0x20000ec4                __lock___env_recursive_mutex
                0x20000ec8                __lock___sinit_recursive_mutex
                0x20000ecc                __lock___malloc_recursive_mutex
                0x20000ed0                __lock___at_quick_exit_mutex
                0x20000ed4                __lock___dd_hash_mutex
                0x20000ed8                __lock___tz_mutex
                0x20000edc                __lock___sfp_recursive_mutex
 *fill*         0x20000edd        0x3 
 COMMON         0x20000ee0        0x4 c:/progra~2/gnuarm~1/92020-~1/bin/../lib/gcc/arm-none-eabi/9.3.1/../../../../arm-none-eabi/lib/thumb/v7e-m/nofp\libg.a(lib_a-reent.o)
                0x20000ee0                errno
                0x20000ee4                . = ALIGN (0x4)
                0x20000ee4                _ebss = .
                0x20000ee4                __bss_end__ = _ebss

._user_heap_stack
                0x20000ee4      0x604 load address 0x0800ddc0
                0x20000ee8                . = ALIGN (0x8)
 *fill*         0x20000ee4        0x4 
                0x20000ee8                PROVIDE (end = .)
                [!provide]                PROVIDE (_end = .)
                0x200010e8                . = (. + _Min_Heap_Size)
 *fill*         0x20000ee8      0x200 
                0x200014e8                . = (. + _Min_Stack_Size)
 *fill*         0x200010e8      0x400 
                0x200014e8                . = ALIGN (0x8)

/DISCARD/
 libc.a(*)
 libm.a(*)
 libgcc.a(*)

.ARM.attributes
                0x00000000       0x2a
 *(.ARM.attributes)
 .ARM.attributes
                0x00000000       0x1e c:/progra~2/gnuarm~1/92020-~1/bin/../lib/gcc/arm-none-eabi/9.3.1/thumb/v7e-m/nofp/crti.o
 .ARM.attributes
                0x0000001e       0x2e c:/progra~2/gnuarm~1/92020-~1/bin/../lib/gcc/arm-none-eabi/9.3.1/thumb/v7e-m/nofp/crtbegin.o
 .ARM.attributes
                0x0000004c       0x2e CMakeFiles/smart_flowerpot_project.elf.dir/Core/Src/adc.c.obj
 .ARM.attributes
                0x0000007a       0x2e CMakeFiles/smart_flowerpot_project.elf.dir/Core/Src/dma.c.obj
 .ARM.attributes
                0x000000a8       0x2e CMakeFiles/smart_flowerpot_project.elf.dir/Core/Src/gpio.c.obj
 .ARM.attributes
                0x000000d6       0x2e CMakeFiles/smart_flowerpot_project.elf.dir/Core/Src/i2c.c.obj
 .ARM.attributes
                0x00000104       0x2e CMakeFiles/smart_flowerpot_project.elf.dir/Core/Src/i2s.c.obj
 .ARM.attributes
                0x00000132       0x2e CMakeFiles/smart_flowerpot_project.elf.dir/Core/Src/lcd5110.c.obj
 .ARM.attributes
                0x00000160       0x2e CMakeFiles/smart_flowerpot_project.elf.dir/Core/Src/lcd5110_hal.c.obj
 .ARM.attributes
                0x0000018e       0x2e CMakeFiles/smart_flowerpot_project.elf.dir/Core/Src/lcd5110_ll.c.obj
 .ARM.attributes
                0x000001bc       0x2e CMakeFiles/smart_flowerpot_project.elf.dir/Core/Src/main.c.obj
 .ARM.attributes
                0x000001ea       0x2e CMakeFiles/smart_flowerpot_project.elf.dir/Core/Src/spi.c.obj
 .ARM.attributes
                0x00000218       0x2e CMakeFiles/smart_flowerpot_project.elf.dir/Core/Src/stm32f4xx_hal_msp.c.obj
 .ARM.attributes
                0x00000246       0x2e CMakeFiles/smart_flowerpot_project.elf.dir/Core/Src/stm32f4xx_it.c.obj
 .ARM.attributes
                0x00000274       0x2e CMakeFiles/smart_flowerpot_project.elf.dir/Core/Src/syscalls.c.obj
 .ARM.attributes
                0x000002a2       0x2e CMakeFiles/smart_flowerpot_project.elf.dir/Core/Src/system_stm32f4xx.c.obj
 .ARM.attributes
                0x000002d0       0x2e CMakeFiles/smart_flowerpot_project.elf.dir/Core/Src/tim.c.obj
 .ARM.attributes
                0x000002fe       0x2e CMakeFiles/smart_flowerpot_project.elf.dir/Core/Src/usb_otg.c.obj
 .ARM.attributes
                0x0000032c       0x2e CMakeFiles/smart_flowerpot_project.elf.dir/Drivers/STM32F4xx_HAL_Driver/Src/stm32f4xx_hal.c.obj
 .ARM.attributes
                0x0000035a       0x2e CMakeFiles/smart_flowerpot_project.elf.dir/Drivers/STM32F4xx_HAL_Driver/Src/stm32f4xx_hal_adc.c.obj
 .ARM.attributes
                0x00000388       0x2e CMakeFiles/smart_flowerpot_project.elf.dir/Drivers/STM32F4xx_HAL_Driver/Src/stm32f4xx_hal_cortex.c.obj
 .ARM.attributes
                0x000003b6       0x2e CMakeFiles/smart_flowerpot_project.elf.dir/Drivers/STM32F4xx_HAL_Driver/Src/stm32f4xx_hal_dma.c.obj
 .ARM.attributes
                0x000003e4       0x2e CMakeFiles/smart_flowerpot_project.elf.dir/Drivers/STM32F4xx_HAL_Driver/Src/stm32f4xx_hal_gpio.c.obj
 .ARM.attributes
                0x00000412       0x2e CMakeFiles/smart_flowerpot_project.elf.dir/Drivers/STM32F4xx_HAL_Driver/Src/stm32f4xx_hal_i2c.c.obj
 .ARM.attributes
                0x00000440       0x2e CMakeFiles/smart_flowerpot_project.elf.dir/Drivers/STM32F4xx_HAL_Driver/Src/stm32f4xx_hal_i2s.c.obj
 .ARM.attributes
                0x0000046e       0x2e CMakeFiles/smart_flowerpot_project.elf.dir/Drivers/STM32F4xx_HAL_Driver/Src/stm32f4xx_hal_i2s_ex.c.obj
 .ARM.attributes
                0x0000049c       0x2e CMakeFiles/smart_flowerpot_project.elf.dir/Drivers/STM32F4xx_HAL_Driver/Src/stm32f4xx_hal_rcc.c.obj
 .ARM.attributes
                0x000004ca       0x2e CMakeFiles/smart_flowerpot_project.elf.dir/Drivers/STM32F4xx_HAL_Driver/Src/stm32f4xx_hal_rcc_ex.c.obj
 .ARM.attributes
                0x000004f8       0x2e CMakeFiles/smart_flowerpot_project.elf.dir/Drivers/STM32F4xx_HAL_Driver/Src/stm32f4xx_hal_spi.c.obj
 .ARM.attributes
                0x00000526       0x2e CMakeFiles/smart_flowerpot_project.elf.dir/Drivers/STM32F4xx_HAL_Driver/Src/stm32f4xx_hal_tim.c.obj
 .ARM.attributes
                0x00000554       0x2e CMakeFiles/smart_flowerpot_project.elf.dir/Drivers/STM32F4xx_HAL_Driver/Src/stm32f4xx_hal_tim_ex.c.obj
 .ARM.attributes
                0x00000582       0x21 CMakeFiles/smart_flowerpot_project.elf.dir/startup/startup_stm32f411xe.s.obj
 .ARM.attributes
                0x000005a3       0x1e c:/progra~2/gnuarm~1/92020-~1/bin/../lib/gcc/arm-none-eabi/9.3.1/thumb/v7e-m/nofp\libgcc.a(_arm_addsubdf3.o)
 .ARM.attributes
                0x000005c1       0x1e c:/progra~2/gnuarm~1/92020-~1/bin/../lib/gcc/arm-none-eabi/9.3.1/thumb/v7e-m/nofp\libgcc.a(_arm_addsubsf3.o)
 .ARM.attributes
                0x000005df       0x1e c:/progra~2/gnuarm~1/92020-~1/bin/../lib/gcc/arm-none-eabi/9.3.1/thumb/v7e-m/nofp\libgcc.a(_arm_muldivsf3.o)
 .ARM.attributes
                0x000005fd       0x1e c:/progra~2/gnuarm~1/92020-~1/bin/../lib/gcc/arm-none-eabi/9.3.1/thumb/v7e-m/nofp\libgcc.a(_arm_cmpsf2.o)
 .ARM.attributes
                0x0000061b       0x1e c:/progra~2/gnuarm~1/92020-~1/bin/../lib/gcc/arm-none-eabi/9.3.1/thumb/v7e-m/nofp\libgcc.a(_aeabi_uldivmod.o)
 .ARM.attributes
                0x00000639       0x2e c:/progra~2/gnuarm~1/92020-~1/bin/../lib/gcc/arm-none-eabi/9.3.1/thumb/v7e-m/nofp\libgcc.a(_udivmoddi4.o)
 .ARM.attributes
                0x00000667       0x1e c:/progra~2/gnuarm~1/92020-~1/bin/../lib/gcc/arm-none-eabi/9.3.1/thumb/v7e-m/nofp\libgcc.a(_dvmd_tls.o)
 .ARM.attributes
                0x00000685       0x2e c:/progra~2/gnuarm~1/92020-~1/bin/../lib/gcc/arm-none-eabi/9.3.1/../../../../arm-none-eabi/lib/thumb/v7e-m/nofp\libg.a(lib_a-ctype_.o)
 .ARM.attributes
                0x000006b3       0x2e c:/progra~2/gnuarm~1/92020-~1/bin/../lib/gcc/arm-none-eabi/9.3.1/../../../../arm-none-eabi/lib/thumb/v7e-m/nofp\libg.a(lib_a-errno.o)
 .ARM.attributes
                0x000006e1       0x2e c:/progra~2/gnuarm~1/92020-~1/bin/../lib/gcc/arm-none-eabi/9.3.1/../../../../arm-none-eabi/lib/thumb/v7e-m/nofp\libg.a(lib_a-impure.o)
 .ARM.attributes
                0x0000070f       0x2e c:/progra~2/gnuarm~1/92020-~1/bin/../lib/gcc/arm-none-eabi/9.3.1/../../../../arm-none-eabi/lib/thumb/v7e-m/nofp\libg.a(lib_a-init.o)
 .ARM.attributes
                0x0000073d       0x2e c:/progra~2/gnuarm~1/92020-~1/bin/../lib/gcc/arm-none-eabi/9.3.1/../../../../arm-none-eabi/lib/thumb/v7e-m/nofp\libg.a(lib_a-memset.o)
 .ARM.attributes
                0x0000076b       0x2e c:/progra~2/gnuarm~1/92020-~1/bin/../lib/gcc/arm-none-eabi/9.3.1/../../../../arm-none-eabi/lib/thumb/v7e-m/nofp\libg.a(lib_a-vsnprintf.o)
 .ARM.attributes
                0x00000799       0x2e c:/progra~2/gnuarm~1/92020-~1/bin/../lib/gcc/arm-none-eabi/9.3.1/../../../../arm-none-eabi/lib/thumb/v7e-m/nofp\libg.a(lib_a-__call_atexit.o)
 .ARM.attributes
                0x000007c7       0x2e c:/progra~2/gnuarm~1/92020-~1/bin/../lib/gcc/arm-none-eabi/9.3.1/../../../../arm-none-eabi/lib/thumb/v7e-m/nofp\libg.a(lib_a-atexit.o)
 .ARM.attributes
                0x000007f5       0x2e c:/progra~2/gnuarm~1/92020-~1/bin/../lib/gcc/arm-none-eabi/9.3.1/../../../../arm-none-eabi/lib/thumb/v7e-m/nofp\libg.a(lib_a-fini.o)
 .ARM.attributes
                0x00000823       0x2e c:/progra~2/gnuarm~1/92020-~1/bin/../lib/gcc/arm-none-eabi/9.3.1/../../../../arm-none-eabi/lib/thumb/v7e-m/nofp\libg.a(lib_a-lock.o)
 .ARM.attributes
                0x00000851       0x2e c:/progra~2/gnuarm~1/92020-~1/bin/../lib/gcc/arm-none-eabi/9.3.1/../../../../arm-none-eabi/lib/thumb/v7e-m/nofp\libg.a(lib_a-svfprintf.o)
 .ARM.attributes
                0x0000087f       0x2e c:/progra~2/gnuarm~1/92020-~1/bin/../lib/gcc/arm-none-eabi/9.3.1/../../../../arm-none-eabi/lib/thumb/v7e-m/nofp\libg.a(lib_a-__atexit.o)
 .ARM.attributes
                0x000008ad       0x2e c:/progra~2/gnuarm~1/92020-~1/bin/../lib/gcc/arm-none-eabi/9.3.1/../../../../arm-none-eabi/lib/thumb/v7e-m/nofp\libg.a(lib_a-dtoa.o)
 .ARM.attributes
                0x000008db       0x2e c:/progra~2/gnuarm~1/92020-~1/bin/../lib/gcc/arm-none-eabi/9.3.1/../../../../arm-none-eabi/lib/thumb/v7e-m/nofp\libg.a(lib_a-freer.o)
 .ARM.attributes
                0x00000909       0x2e c:/progra~2/gnuarm~1/92020-~1/bin/../lib/gcc/arm-none-eabi/9.3.1/../../../../arm-none-eabi/lib/thumb/v7e-m/nofp\libg.a(lib_a-localeconv.o)
 .ARM.attributes
                0x00000937       0x2e c:/progra~2/gnuarm~1/92020-~1/bin/../lib/gcc/arm-none-eabi/9.3.1/../../../../arm-none-eabi/lib/thumb/v7e-m/nofp\libg.a(lib_a-mallocr.o)
 .ARM.attributes
                0x00000965       0x1c c:/progra~2/gnuarm~1/92020-~1/bin/../lib/gcc/arm-none-eabi/9.3.1/../../../../arm-none-eabi/lib/thumb/v7e-m/nofp\libg.a(lib_a-memchr.o)
 .ARM.attributes
                0x00000981       0x1c c:/progra~2/gnuarm~1/92020-~1/bin/../lib/gcc/arm-none-eabi/9.3.1/../../../../arm-none-eabi/lib/thumb/v7e-m/nofp\libg.a(lib_a-memcpy.o)
 .ARM.attributes
                0x0000099d       0x2e c:/progra~2/gnuarm~1/92020-~1/bin/../lib/gcc/arm-none-eabi/9.3.1/../../../../arm-none-eabi/lib/thumb/v7e-m/nofp\libg.a(lib_a-mlock.o)
 .ARM.attributes
                0x000009cb       0x2e c:/progra~2/gnuarm~1/92020-~1/bin/../lib/gcc/arm-none-eabi/9.3.1/../../../../arm-none-eabi/lib/thumb/v7e-m/nofp\libg.a(lib_a-mprec.o)
 .ARM.attributes
                0x000009f9       0x2e c:/progra~2/gnuarm~1/92020-~1/bin/../lib/gcc/arm-none-eabi/9.3.1/../../../../arm-none-eabi/lib/thumb/v7e-m/nofp\libg.a(lib_a-s_frexp.o)
 .ARM.attributes
                0x00000a27       0x2e c:/progra~2/gnuarm~1/92020-~1/bin/../lib/gcc/arm-none-eabi/9.3.1/../../../../arm-none-eabi/lib/thumb/v7e-m/nofp\libg.a(lib_a-sbrkr.o)
 .ARM.attributes
                0x00000a55       0x1c c:/progra~2/gnuarm~1/92020-~1/bin/../lib/gcc/arm-none-eabi/9.3.1/../../../../arm-none-eabi/lib/thumb/v7e-m/nofp\libg.a(lib_a-strlen.o)
 .ARM.attributes
                0x00000a71       0x2e c:/progra~2/gnuarm~1/92020-~1/bin/../lib/gcc/arm-none-eabi/9.3.1/../../../../arm-none-eabi/lib/thumb/v7e-m/nofp\libg.a(lib_a-strncpy.o)
 .ARM.attributes
                0x00000a9f       0x2e c:/progra~2/gnuarm~1/92020-~1/bin/../lib/gcc/arm-none-eabi/9.3.1/../../../../arm-none-eabi/lib/thumb/v7e-m/nofp\libg.a(lib_a-svfiprintf.o)
 .ARM.attributes
                0x00000acd       0x2e c:/progra~2/gnuarm~1/92020-~1/bin/../lib/gcc/arm-none-eabi/9.3.1/../../../../arm-none-eabi/lib/thumb/v7e-m/nofp\libg.a(lib_a-assert.o)
 .ARM.attributes
                0x00000afb       0x2e c:/progra~2/gnuarm~1/92020-~1/bin/../lib/gcc/arm-none-eabi/9.3.1/../../../../arm-none-eabi/lib/thumb/v7e-m/nofp\libg.a(lib_a-callocr.o)
 .ARM.attributes
                0x00000b29       0x2e c:/progra~2/gnuarm~1/92020-~1/bin/../lib/gcc/arm-none-eabi/9.3.1/../../../../arm-none-eabi/lib/thumb/v7e-m/nofp\libg.a(lib_a-fiprintf.o)
 .ARM.attributes
                0x00000b57       0x2e c:/progra~2/gnuarm~1/92020-~1/bin/../lib/gcc/arm-none-eabi/9.3.1/../../../../arm-none-eabi/lib/thumb/v7e-m/nofp\libg.a(lib_a-locale.o)
 .ARM.attributes
                0x00000b85       0x2e c:/progra~2/gnuarm~1/92020-~1/bin/../lib/gcc/arm-none-eabi/9.3.1/../../../../arm-none-eabi/lib/thumb/v7e-m/nofp\libg.a(lib_a-mbtowc_r.o)
 .ARM.attributes
                0x00000bb3       0x2e c:/progra~2/gnuarm~1/92020-~1/bin/../lib/gcc/arm-none-eabi/9.3.1/../../../../arm-none-eabi/lib/thumb/v7e-m/nofp\libg.a(lib_a-memmove.o)
 .ARM.attributes
                0x00000be1       0x2e c:/progra~2/gnuarm~1/92020-~1/bin/../lib/gcc/arm-none-eabi/9.3.1/../../../../arm-none-eabi/lib/thumb/v7e-m/nofp\libg.a(lib_a-reallocr.o)
 .ARM.attributes
                0x00000c0f       0x2e c:/progra~2/gnuarm~1/92020-~1/bin/../lib/gcc/arm-none-eabi/9.3.1/../../../../arm-none-eabi/lib/thumb/v7e-m/nofp\libg.a(lib_a-reent.o)
 .ARM.attributes
                0x00000c3d       0x2e c:/progra~2/gnuarm~1/92020-~1/bin/../lib/gcc/arm-none-eabi/9.3.1/../../../../arm-none-eabi/lib/thumb/v7e-m/nofp\libg.a(lib_a-vfiprintf.o)
 .ARM.attributes
                0x00000c6b       0x2e c:/progra~2/gnuarm~1/92020-~1/bin/../lib/gcc/arm-none-eabi/9.3.1/../../../../arm-none-eabi/lib/thumb/v7e-m/nofp\libg.a(lib_a-wctomb_r.o)
 .ARM.attributes