Archive member included to satisfy reference by file (symbol)

c:/progra~2/gnuarm~1/92020-~1/bin/../lib/gcc/arm-none-eabi/9.3.1/thumb/v7e-m/nofp\libgcc.a(_arm_mulsf3.o)
                              CMakeFiles/smart_flowerpot_project.elf.dir/Core/Src/main.c.obj (__aeabi_fmul)
c:/progra~2/gnuarm~1/92020-~1/bin/../lib/gcc/arm-none-eabi/9.3.1/thumb/v7e-m/nofp\libgcc.a(_arm_addsubdf3.o)
                              CMakeFiles/smart_flowerpot_project.elf.dir/Core/Src/main.c.obj (__aeabi_ui2d)
c:/progra~2/gnuarm~1/92020-~1/bin/../lib/gcc/arm-none-eabi/9.3.1/thumb/v7e-m/nofp\libgcc.a(_arm_cmpdf2.o)
                              CMakeFiles/smart_flowerpot_project.elf.dir/Core/Src/main.c.obj (__aeabi_dcmplt)
c:/progra~2/gnuarm~1/92020-~1/bin/../lib/gcc/arm-none-eabi/9.3.1/thumb/v7e-m/nofp\libgcc.a(_arm_addsubsf3.o)
                              CMakeFiles/smart_flowerpot_project.elf.dir/Core/Src/main.c.obj (__aeabi_fsub)
c:/progra~2/gnuarm~1/92020-~1/bin/../lib/gcc/arm-none-eabi/9.3.1/thumb/v7e-m/nofp\libgcc.a(_arm_muldivsf3.o)
                              CMakeFiles/smart_flowerpot_project.elf.dir/Core/Src/main.c.obj (__aeabi_fdiv)
c:/progra~2/gnuarm~1/92020-~1/bin/../lib/gcc/arm-none-eabi/9.3.1/thumb/v7e-m/nofp\libgcc.a(_arm_cmpsf2.o)
                              CMakeFiles/smart_flowerpot_project.elf.dir/Core/Src/main.c.obj (__aeabi_fcmple)
c:/progra~2/gnuarm~1/92020-~1/bin/../lib/gcc/arm-none-eabi/9.3.1/thumb/v7e-m/nofp\libgcc.a(_aeabi_uldivmod.o)
                              CMakeFiles/smart_flowerpot_project.elf.dir/Drivers/STM32F4xx_HAL_Driver/Src/stm32f4xx_hal_rcc.c.obj (__aeabi_uldivmod)
c:/progra~2/gnuarm~1/92020-~1/bin/../lib/gcc/arm-none-eabi/9.3.1/thumb/v7e-m/nofp\libgcc.a(_udivmoddi4.o)
                              c:/progra~2/gnuarm~1/92020-~1/bin/../lib/gcc/arm-none-eabi/9.3.1/thumb/v7e-m/nofp\libgcc.a(_aeabi_uldivmod.o) (__udivmoddi4)
c:/progra~2/gnuarm~1/92020-~1/bin/../lib/gcc/arm-none-eabi/9.3.1/thumb/v7e-m/nofp\libgcc.a(_dvmd_tls.o)
                              c:/progra~2/gnuarm~1/92020-~1/bin/../lib/gcc/arm-none-eabi/9.3.1/thumb/v7e-m/nofp\libgcc.a(_aeabi_uldivmod.o) (__aeabi_ldiv0)
c:/progra~2/gnuarm~1/92020-~1/bin/../lib/gcc/arm-none-eabi/9.3.1/../../../../arm-none-eabi/lib/thumb/v7e-m/nofp\libg.a(lib_a-ctype_.o)
                              CMakeFiles/smart_flowerpot_project.elf.dir/Core/Src/lcd5110.c.obj (_ctype_)
c:/progra~2/gnuarm~1/92020-~1/bin/../lib/gcc/arm-none-eabi/9.3.1/../../../../arm-none-eabi/lib/thumb/v7e-m/nofp\libg.a(lib_a-errno.o)
                              CMakeFiles/smart_flowerpot_project.elf.dir/Core/Src/syscalls.c.obj (__errno)
c:/progra~2/gnuarm~1/92020-~1/bin/../lib/gcc/arm-none-eabi/9.3.1/../../../../arm-none-eabi/lib/thumb/v7e-m/nofp\libg.a(lib_a-exit.o)
                              c:/progra~2/gnuarm~1/92020-~1/bin/../lib/gcc/arm-none-eabi/9.3.1/../../../../arm-none-eabi/lib/thumb/v7e-m/nofp/crt0.o (exit)
c:/progra~2/gnuarm~1/92020-~1/bin/../lib/gcc/arm-none-eabi/9.3.1/../../../../arm-none-eabi/lib/thumb/v7e-m/nofp\libg.a(lib_a-impure.o)
                              c:/progra~2/gnuarm~1/92020-~1/bin/../lib/gcc/arm-none-eabi/9.3.1/../../../../arm-none-eabi/lib/thumb/v7e-m/nofp\libg.a(lib_a-exit.o) (_global_impure_ptr)
c:/progra~2/gnuarm~1/92020-~1/bin/../lib/gcc/arm-none-eabi/9.3.1/../../../../arm-none-eabi/lib/thumb/v7e-m/nofp\libg.a(lib_a-init.o)
                              c:/progra~2/gnuarm~1/92020-~1/bin/../lib/gcc/arm-none-eabi/9.3.1/../../../../arm-none-eabi/lib/thumb/v7e-m/nofp/crt0.o (__libc_init_array)
c:/progra~2/gnuarm~1/92020-~1/bin/../lib/gcc/arm-none-eabi/9.3.1/../../../../arm-none-eabi/lib/thumb/v7e-m/nofp\libg.a(lib_a-itoa.o)
                              CMakeFiles/smart_flowerpot_project.elf.dir/Core/Src/lcd5110.c.obj (itoa)
c:/progra~2/gnuarm~1/92020-~1/bin/../lib/gcc/arm-none-eabi/9.3.1/../../../../arm-none-eabi/lib/thumb/v7e-m/nofp\libg.a(lib_a-memset.o)
                              c:/progra~2/gnuarm~1/92020-~1/bin/../lib/gcc/arm-none-eabi/9.3.1/../../../../arm-none-eabi/lib/thumb/v7e-m/nofp/crt0.o (memset)
c:/progra~2/gnuarm~1/92020-~1/bin/../lib/gcc/arm-none-eabi/9.3.1/../../../../arm-none-eabi/lib/thumb/v7e-m/nofp\libg.a(lib_a-utoa.o)
                              c:/progra~2/gnuarm~1/92020-~1/bin/../lib/gcc/arm-none-eabi/9.3.1/../../../../arm-none-eabi/lib/thumb/v7e-m/nofp\libg.a(lib_a-itoa.o) (__utoa)
c:/progra~2/gnuarm~1/92020-~1/bin/../lib/gcc/arm-none-eabi/9.3.1/../../../../arm-none-eabi/lib/thumb/v7e-m/nofp\libg.a(lib_a-vsnprintf.o)
                              CMakeFiles/smart_flowerpot_project.elf.dir/Core/Src/lcd5110.c.obj (vsnprintf)
c:/progra~2/gnuarm~1/92020-~1/bin/../lib/gcc/arm-none-eabi/9.3.1/../../../../arm-none-eabi/lib/thumb/v7e-m/nofp\libg.a(lib_a-__call_atexit.o)
                              c:/progra~2/gnuarm~1/92020-~1/bin/../lib/gcc/arm-none-eabi/9.3.1/../../../../arm-none-eabi/lib/thumb/v7e-m/nofp\libg.a(lib_a-exit.o) (__call_exitprocs)
[...]
Memory Configuration

Name             Origin             Length             Attributes
RAM              0x20000000         0x00020000         xrw
FLASH            0x08000000         0x00080000         xr
*default*        0x00000000         0xffffffff

Linker script and memory map

LOAD c:/progra~2/gnuarm~1/92020-~1/bin/../lib/gcc/arm-none-eabi/9.3.1/thumb/v7e-m/nofp/crti.o
LOAD c:/progra~2/gnuarm~1/92020-~1/bin/../lib/gcc/arm-none-eabi/9.3.1/thumb/v7e-m/nofp/crtbegin.o
LOAD c:/progra~2/gnuarm~1/92020-~1/bin/../lib/gcc/arm-none-eabi/9.3.1/../../../../arm-none-eabi/lib/thumb/v7e-m/nofp/crt0.o
LOAD CMakeFiles/smart_flowerpot_project.elf.dir/Core/Src/adc.c.obj
LOAD CMakeFiles/smart_flowerpot_project.elf.dir/Core/Src/dma.c.obj
LOAD CMakeFiles/smart_flowerpot_project.elf.dir/Core/Src/gpio.c.obj
LOAD CMakeFiles/smart_flowerpot_project.elf.dir/Core/Src/i2c.c.obj
LOAD CMakeFiles/smart_flowerpot_project.elf.dir/Core/Src/i2s.c.obj
LOAD CMakeFiles/smart_flowerpot_project.elf.dir/Core/Src/lcd5110.c.obj
LOAD CMakeFiles/smart_flowerpot_project.elf.dir/Core/Src/lcd5110_hal.c.obj
LOAD CMakeFiles/smart_flowerpot_project.elf.dir/Core/Src/lcd5110_ll.c.obj
LOAD CMakeFiles/smart_flowerpot_project.elf.dir/Core/Src/main.c.obj
LOAD CMakeFiles/smart_flowerpot_project.elf.dir/Core/Src/spi.c.obj
LOAD CMakeFiles/smart_flowerpot_project.elf.dir/Core/Src/stm32f4xx_hal_msp.c.obj
LOAD CMakeFiles/smart_flowerpot_project.elf.dir/Core/Src/stm32f4xx_it.c.obj
LOAD CMakeFiles/smart_flowerpot_project.elf.dir/Core/Src/syscalls.c.obj
LOAD CMakeFiles/smart_flowerpot_project.elf.dir/Core/Src/system_stm32f4xx.c.obj
LOAD CMakeFiles/smart_flowerpot_project.elf.dir/Core/Src/tim.c.obj
LOAD CMakeFiles/smart_flowerpot_project.elf.dir/Core/Src/usb_otg.c.obj
LOAD CMakeFiles/smart_flowerpot_project.elf.dir/Drivers/STM32F4xx_HAL_Driver/Src/stm32f4xx_hal.c.obj
LOAD CMakeFiles/smart_flowerpot_project.elf.dir/Drivers/STM32F4xx_HAL_Driver/Src/stm32f4xx_hal_adc.c.obj
LOAD CMakeFiles/smart_flowerpot_project.elf.dir/Drivers/STM32F4xx_HAL_Driver/Src/stm32f4xx_hal_adc_ex.c.obj
LOAD CMakeFiles/smart_flowerpot_project.elf.dir/Drivers/STM32F4xx_HAL_Driver/Src/stm32f4xx_hal_cortex.c.obj
LOAD CMakeFiles/smart_flowerpot_project.elf.dir/Drivers/STM32F4xx_HAL_Driver/Src/stm32f4xx_hal_dma.c.obj
LOAD CMakeFiles/smart_flowerpot_project.elf.dir/Drivers/STM32F4xx_HAL_Driver/Src/stm32f4xx_hal_dma_ex.c.obj
LOAD CMakeFiles/smart_flowerpot_project.elf.dir/Drivers/STM32F4xx_HAL_Driver/Src/stm32f4xx_hal_exti.c.obj
LOAD CMakeFiles/smart_flowerpot_project.elf.dir/Drivers/STM32F4xx_HAL_Driver/Src/stm32f4xx_hal_flash.c.obj
LOAD CMakeFiles/smart_flowerpot_project.elf.dir/Drivers/STM32F4xx_HAL_Driver/Src/stm32f4xx_hal_flash_ex.c.obj
LOAD CMakeFiles/smart_flowerpot_project.elf.dir/Drivers/STM32F4xx_HAL_Driver/Src/stm32f4xx_hal_flash_ramfunc.c.obj
LOAD CMakeFiles/smart_flowerpot_project.elf.dir/Drivers/STM32F4xx_HAL_Driver/Src/stm32f4xx_hal_gpio.c.obj
LOAD CMakeFiles/smart_flowerpot_project.elf.dir/Drivers/STM32F4xx_HAL_Driver/Src/stm32f4xx_hal_i2c.c.obj
LOAD CMakeFiles/smart_flowerpot_project.elf.dir/Drivers/STM32F4xx_HAL_Driver/Src/stm32f4xx_hal_i2c_ex.c.obj
LOAD CMakeFiles/smart_flowerpot_project.elf.dir/Drivers/STM32F4xx_HAL_Driver/Src/stm32f4xx_hal_i2s.c.obj
LOAD CMakeFiles/smart_flowerpot_project.elf.dir/Drivers/STM32F4xx_HAL_Driver/Src/stm32f4xx_hal_i2s_ex.c.obj
LOAD CMakeFiles/smart_flowerpot_project.elf.dir/Drivers/STM32F4xx_HAL_Driver/Src/stm32f4xx_hal_pwr.c.obj
LOAD CMakeFiles/smart_flowerpot_project.elf.dir/Drivers/STM32F4xx_HAL_Driver/Src/stm32f4xx_hal_pwr_ex.c.obj
LOAD CMakeFiles/smart_flowerpot_project.elf.dir/Drivers/STM32F4xx_HAL_Driver/Src/stm32f4xx_hal_rcc.c.obj
LOAD CMakeFiles/smart_flowerpot_project.elf.dir/Drivers/STM32F4xx_HAL_Driver/Src/stm32f4xx_hal_rcc_ex.c.obj
LOAD CMakeFiles/smart_flowerpot_project.elf.dir/Drivers/STM32F4xx_HAL_Driver/Src/stm32f4xx_hal_spi.c.obj
LOAD CMakeFiles/smart_flowerpot_project.elf.dir/Drivers/STM32F4xx_HAL_Driver/Src/stm32f4xx_hal_tim.c.obj
LOAD CMakeFiles/smart_flowerpot_project.elf.dir/Drivers/STM32F4xx_HAL_Driver/Src/stm32f4xx_hal_tim_ex.c.obj
LOAD CMakeFiles/smart_flowerpot_project.elf.dir/startup/startup_stm32f411xe.s.obj
START GROUP
LOAD c:/progra~2/gnuarm~1/92020-~1/bin/../lib/gcc/arm-none-eabi/9.3.1/thumb/v7e-m/nofp\libgcc.a
LOAD c:/progra~2/gnuarm~1/92020-~1/bin/../lib/gcc/arm-none-eabi/9.3.1/../../../../arm-none-eabi/lib/thumb/v7e-m/nofp\libg.a
LOAD c:/progra~2/gnuarm~1/92020-~1/bin/../lib/gcc/arm-none-eabi/9.3.1/../../../../arm-none-eabi/lib/thumb/v7e-m/nofp\libc.a
END GROUP
LOAD c:/progra~2/gnuarm~1/92020-~1/bin/../lib/gcc/arm-none-eabi/9.3.1/thumb/v7e-m/nofp/crtend.o
LOAD c:/progra~2/gnuarm~1/92020-~1/bin/../lib/gcc/arm-none-eabi/9.3.1/thumb/v7e-m/nofp/crtn.o
                0x20020000                _estack = 0x20020000
                0x00000200                _Min_Heap_Size = 0x200
                0x00000400                _Min_Stack_Size = 0x400

.isr_vector     0x08000000      0x198
                0x08000000                . = ALIGN (0x4)
 *(.isr_vector)
 .isr_vector    0x08000000      0x198 CMakeFiles/smart_flowerpot_project.elf.dir/startup/startup_stm32f411xe.s.obj
                0x08000000                g_pfnVectors
                0x08000198                . = ALIGN (0x4)

.text           0x08000198     0x551c
                0x08000198                . = ALIGN (0x4)
 *(.text)
 .text          0x08000198       0x40 c:/progra~2/gnuarm~1/92020-~1/bin/../lib/gcc/arm-none-eabi/9.3.1/thumb/v7e-m/nofp/crtbegin.o
 .text          0x080001d8      0x378 c:/progra~2/gnuarm~1/92020-~1/bin/../lib/gcc/arm-none-eabi/9.3.1/thumb/v7e-m/nofp\libgcc.a(_arm_addsubdf3.o)
                0x080001d8                __aeabi_drsub
                0x080001e0                __aeabi_dsub
                0x080001e0                __subdf3
                0x080001e4                __aeabi_dadd
                0x080001e4                __adddf3
                0x0800045c                __floatunsidf
                0x0800045c                __aeabi_ui2d
                0x0800047c                __floatsidf
                0x0800047c                __aeabi_i2d
                0x080004a0                __aeabi_f2d
                0x080004a0                __extendsfdf2
                0x080004e4                __floatundidf
                0x080004e4                __aeabi_ul2d
                0x080004f4                __floatdidf
                0x080004f4                __aeabi_l2d
 .text          0x08000550      0x110 c:/progra~2/gnuarm~1/92020-~1/bin/../lib/gcc/arm-none-eabi/9.3.1/thumb/v7e-m/nofp\libgcc.a(_arm_cmpdf2.o)
                0x08000550                __gtdf2
                0x08000550                __gedf2
                0x08000558                __ltdf2
                0x08000558                __ledf2
                0x08000560                __nedf2
                0x08000560                __eqdf2
                0x08000560                __cmpdf2
                0x080005dc                __aeabi_cdrcmple
                0x080005ec                __aeabi_cdcmpeq
                0x080005ec                __aeabi_cdcmple
                0x080005fc                __aeabi_dcmpeq
                0x08000610                __aeabi_dcmplt
                0x08000624                __aeabi_dcmple
                0x08000638                __aeabi_dcmpge
                0x0800064c                __aeabi_dcmpgt
 .text          0x08000660      0x21c c:/progra~2/gnuarm~1/92020-~1/bin/../lib/gcc/arm-none-eabi/9.3.1/thumb/v7e-m/nofp\libgcc.a(_arm_addsubsf3.o)
                0x08000660                __aeabi_frsub
                0x08000668                __subsf3
                0x08000668                __aeabi_fsub
                0x0800066c                __aeabi_fadd
                0x0800066c                __addsf3
                0x080007cc                __aeabi_ui2f
                0x080007cc                __floatunsisf
                0x080007d4                __aeabi_i2f
                0x080007d4                __floatsisf
                0x080007f0                __aeabi_ul2f
                0x080007f0                __floatundisf
                0x08000800                __aeabi_l2f
                0x08000800                __floatdisf
 .text          0x0800087c      0x2a0 c:/progra~2/gnuarm~1/92020-~1/bin/../lib/gcc/arm-none-eabi/9.3.1/thumb/v7e-m/nofp\libgcc.a(_arm_muldivsf3.o)
                0x0800087c                __mulsf3
                0x0800087c                __aeabi_fmul
                0x080009e4                __aeabi_fdiv
                0x080009e4                __divsf3
 .text          0x08000b1c       0xec c:/progra~2/gnuarm~1/92020-~1/bin/../lib/gcc/arm-none-eabi/9.3.1/thumb/v7e-m/nofp\libgcc.a(_arm_cmpsf2.o)
                0x08000b1c                __gesf2
                0x08000b1c                __gtsf2
                0x08000b24                __lesf2
                0x08000b24                __ltsf2
                0x08000b2c                __nesf2
                0x08000b2c                __eqsf2
                0x08000b2c                __cmpsf2
                0x08000b8c                __aeabi_cfrcmple
                0x08000b94                __aeabi_cfcmpeq
                0x08000b94                __aeabi_cfcmple
                0x08000ba4                __aeabi_fcmpeq
                0x08000bb8                __aeabi_fcmplt
                0x08000bcc                __aeabi_fcmple
                0x08000be0                __aeabi_fcmpge
                0x08000bf4                __aeabi_fcmpgt
 .text          0x08000c08       0x30 c:/progra~2/gnuarm~1/92020-~1/bin/../lib/gcc/arm-none-eabi/9.3.1/thumb/v7e-m/nofp\libgcc.a(_aeabi_uldivmod.o)
                0x08000c08                __aeabi_uldivmod
 .text          0x08000c38      0x2c0 c:/progra~2/gnuarm~1/92020-~1/bin/../lib/gcc/arm-none-eabi/9.3.1/thumb/v7e-m/nofp\libgcc.a(_udivmoddi4.o)
                0x08000c38                __udivmoddi4
 .text          0x08000ef8        0x4 c:/progra~2/gnuarm~1/92020-~1/bin/../lib/gcc/arm-none-eabi/9.3.1/thumb/v7e-m/nofp\libgcc.a(_dvmd_tls.o)
                0x08000ef8                __aeabi_idiv0
                0x08000ef8                __aeabi_ldiv0
 *(.text*)
 .text.MX_ADC1_Init
                0x08000efc       0x84 CMakeFiles/smart_flowerpot_project.elf.dir/Core/Src/adc.c.obj
                0x08000efc                MX_ADC1_Init
 .text.HAL_ADC_MspInit
                0x08000f80       0xa8 CMakeFiles/smart_flowerpot_project.elf.dir/Core/Src/adc.c.obj
                0x08000f80                HAL_ADC_MspInit
 .text.MX_DMA_Init
                0x08001028       0x34 CMakeFiles/smart_flowerpot_project.elf.dir/Core/Src/dma.c.obj
                0x08001028                MX_DMA_Init
 .text.MX_GPIO_Init
                0x0800105c      0x1e0 CMakeFiles/smart_flowerpot_project.elf.dir/Core/Src/gpio.c.obj
                0x0800105c                MX_GPIO_Init
 .text.MX_I2C1_Init
                0x0800123c       0x3c CMakeFiles/smart_flowerpot_project.elf.dir/Core/Src/i2c.c.obj
                0x0800123c                MX_I2C1_Init
 .text.HAL_I2C_MspInit
                0x08001278       0x74 CMakeFiles/smart_flowerpot_project.elf.dir/Core/Src/i2c.c.obj
                0x08001278                HAL_I2C_MspInit
 .text.MX_I2S3_Init
                0x080012ec       0x3c CMakeFiles/smart_flowerpot_project.elf.dir/Core/Src/i2s.c.obj
                0x080012ec                MX_I2S3_Init
 .text.HAL_I2S_MspInit
                0x08001328       0x9c CMakeFiles/smart_flowerpot_project.elf.dir/Core/Src/i2s.c.obj
                0x08001328                HAL_I2S_MspInit
 .text.HAL_ADC_ConvCpltCallback
                0x080013c4       0x3c CMakeFiles/smart_flowerpot_project.elf.dir/Core/Src/main.c.obj
                0x080013c4                HAL_ADC_ConvCpltCallback
 .text.HAL_TIM_PeriodElapsedCallback
                0x08001400       0x1c CMakeFiles/smart_flowerpot_project.elf.dir/Core/Src/main.c.obj
                0x08001400                HAL_TIM_PeriodElapsedCallback
 .text.SystemClock_Config
                0x0800141c       0xb0 CMakeFiles/smart_flowerpot_project.elf.dir/Core/Src/main.c.obj
                0x0800141c                SystemClock_Config
 .text.main     0x080014cc      0x3ec CMakeFiles/smart_flowerpot_project.elf.dir/Core/Src/main.c.obj
                0x080014cc                main
 .text.Error_Handler
                0x080018b8        0x2 CMakeFiles/smart_flowerpot_project.elf.dir/Core/Src/main.c.obj
                0x080018b8                Error_Handler
 .text.assert_failed
                0x080018ba        0x2 CMakeFiles/smart_flowerpot_project.elf.dir/Core/Src/main.c.obj
                0x080018ba                assert_failed
 .text.MX_SPI1_Init
                0x080018bc       0x40 CMakeFiles/smart_flowerpot_project.elf.dir/Core/Src/spi.c.obj
                0x080018bc                MX_SPI1_Init
 .text.MX_SPI2_Init
                0x080018fc       0x40 CMakeFiles/smart_flowerpot_project.elf.dir/Core/Src/spi.c.obj
                0x080018fc                MX_SPI2_Init
 .text.HAL_SPI_MspInit
                0x0800193c       0xcc CMakeFiles/smart_flowerpot_project.elf.dir/Core/Src/spi.c.obj
                0x0800193c                HAL_SPI_MspInit
 .text.HAL_MspInit
                0x08001a08       0x40 CMakeFiles/smart_flowerpot_project.elf.dir/Core/Src/stm32f4xx_hal_msp.c.obj
                0x08001a08                HAL_MspInit
 .text.NMI_Handler
                0x08001a48        0x2 CMakeFiles/smart_flowerpot_project.elf.dir/Core/Src/stm32f4xx_it.c.obj
                0x08001a48                NMI_Handler
 .text.HardFault_Handler
                0x08001a4a        0x2 CMakeFiles/smart_flowerpot_project.elf.dir/Core/Src/stm32f4xx_it.c.obj
                0x08001a4a                HardFault_Handler
 .text.MemManage_Handler
                0x08001a4c        0x2 CMakeFiles/smart_flowerpot_project.elf.dir/Core/Src/stm32f4xx_it.c.obj
                0x08001a4c                MemManage_Handler
 .text.BusFault_Handler
                0x08001a4e        0x2 CMakeFiles/smart_flowerpot_project.elf.dir/Core/Src/stm32f4xx_it.c.obj
                0x08001a4e                BusFault_Handler
 .text.UsageFault_Handler
                0x08001a50        0x2 CMakeFiles/smart_flowerpot_project.elf.dir/Core/Src/stm32f4xx_it.c.obj
                0x08001a50                UsageFault_Handler
 .text.SVC_Handler
                0x08001a52        0x2 CMakeFiles/smart_flowerpot_project.elf.dir/Core/Src/stm32f4xx_it.c.obj
                0x08001a52                SVC_Handler
 .text.DebugMon_Handler
                0x08001a54        0x2 CMakeFiles/smart_flowerpot_project.elf.dir/Core/Src/stm32f4xx_it.c.obj
                0x08001a54                DebugMon_Handler
 .text.PendSV_Handler
                0x08001a56        0x2 CMakeFiles/smart_flowerpot_project.elf.dir/Core/Src/stm32f4xx_it.c.obj
                0x08001a56                PendSV_Handler
 .text.SysTick_Handler
                0x08001a58        0x8 CMakeFiles/smart_flowerpot_project.elf.dir/Core/Src/stm32f4xx_it.c.obj
                0x08001a58                SysTick_Handler
 .text.TIM1_UP_TIM10_IRQHandler
                0x08001a60       0x10 CMakeFiles/smart_flowerpot_project.elf.dir/Core/Src/stm32f4xx_it.c.obj
                0x08001a60                TIM1_UP_TIM10_IRQHandler
 .text.DMA2_Stream0_IRQHandler
                0x08001a70       0x10 CMakeFiles/smart_flowerpot_project.elf.dir/Core/Src/stm32f4xx_it.c.obj
                0x08001a70                DMA2_Stream0_IRQHandler
 .text.SystemInit
                0x08001a80       0x10 CMakeFiles/smart_flowerpot_project.elf.dir/Core/Src/system_stm32f4xx.c.obj
                0x08001a80                SystemInit
 .text.MX_TIM3_Init
                0x08001a90       0x6c CMakeFiles/smart_flowerpot_project.elf.dir/Core/Src/tim.c.obj
                0x08001a90                MX_TIM3_Init
 .text.HAL_TIM_Base_MspInit
                0x08001afc       0x68 CMakeFiles/smart_flowerpot_project.elf.dir/Core/Src/tim.c.obj
                0x08001afc                HAL_TIM_Base_MspInit
 .text.HAL_TIM_MspPostInit
                0x08001b64       0x60 CMakeFiles/smart_flowerpot_project.elf.dir/Core/Src/tim.c.obj
                0x08001b64                HAL_TIM_MspPostInit
 .text.MX_TIM10_Init
                0x08001bc4       0x78 CMakeFiles/smart_flowerpot_project.elf.dir/Core/Src/tim.c.obj
                0x08001bc4                MX_TIM10_Init
 .text.MX_USB_OTG_FS_USB_Init
                0x08001c3c        0x2 CMakeFiles/smart_flowerpot_project.elf.dir/Core/Src/usb_otg.c.obj
                0x08001c3c                MX_USB_OTG_FS_USB_Init
 *fill*         0x08001c3e        0x2 
 .text.HAL_InitTick
                0x08001c40       0x4c CMakeFiles/smart_flowerpot_project.elf.dir/Drivers/STM32F4xx_HAL_Driver/Src/stm32f4xx_hal.c.obj
                0x08001c40                HAL_InitTick
 .text.HAL_Init
                0x08001c8c       0x34 CMakeFiles/smart_flowerpot_project.elf.dir/Drivers/STM32F4xx_HAL_Driver/Src/stm32f4xx_hal.c.obj
                0x08001c8c                HAL_Init
 .text.HAL_IncTick
                0x08001cc0       0x18 CMakeFiles/smart_flowerpot_project.elf.dir/Drivers/STM32F4xx_HAL_Driver/Src/stm32f4xx_hal.c.obj
                0x08001cc0                HAL_IncTick
 .text.HAL_GetTick
                0x08001cd8        0xc CMakeFiles/smart_flowerpot_project.elf.dir/Drivers/STM32F4xx_HAL_Driver/Src/stm32f4xx_hal.c.obj
                0x08001cd8                HAL_GetTick
 .text.HAL_Delay
                0x08001ce4       0x28 CMakeFiles/smart_flowerpot_project.elf.dir/Drivers/STM32F4xx_HAL_Driver/Src/stm32f4xx_hal.c.obj
                0x08001ce4                HAL_Delay
 .text.ADC_Init
                0x08001d0c      0x150 CMakeFiles/smart_flowerpot_project.elf.dir/Drivers/STM32F4xx_HAL_Driver/Src/stm32f4xx_hal_adc.c.obj
 .text.HAL_ADC_Init
                0x08001e5c      0x1e4 CMakeFiles/smart_flowerpot_project.elf.dir/Drivers/STM32F4xx_HAL_Driver/Src/stm32f4xx_hal_adc.c.obj
                0x08001e5c                HAL_ADC_Init
 .text.HAL_ADC_Start_DMA
                0x08002040      0x17c CMakeFiles/smart_flowerpot_project.elf.dir/Drivers/STM32F4xx_HAL_Driver/Src/stm32f4xx_hal_adc.c.obj
                0x08002040                HAL_ADC_Start_DMA
 .text.HAL_ADC_Stop_DMA
                0x080021bc       0x78 CMakeFiles/smart_flowerpot_project.elf.dir/Drivers/STM32F4xx_HAL_Driver/Src/stm32f4xx_hal_adc.c.obj
                0x080021bc                HAL_ADC_Stop_DMA
 .text.HAL_ADC_ConvHalfCpltCallback
                0x08002234        0x2 CMakeFiles/smart_flowerpot_project.elf.dir/Drivers/STM32F4xx_HAL_Driver/Src/stm32f4xx_hal_adc.c.obj
                0x08002234                HAL_ADC_ConvHalfCpltCallback
 .text.ADC_DMAHalfConvCplt
                0x08002236        0xa CMakeFiles/smart_flowerpot_project.elf.dir/Drivers/STM32F4xx_HAL_Driver/Src/stm32f4xx_hal_adc.c.obj
 .text.HAL_ADC_ErrorCallback
                0x08002240        0x2 CMakeFiles/smart_flowerpot_project.elf.dir/Drivers/STM32F4xx_HAL_Driver/Src/stm32f4xx_hal_adc.c.obj
                0x08002240                HAL_ADC_ErrorCallback
 .text.ADC_DMAError
                0x08002242       0x16 CMakeFiles/smart_flowerpot_project.elf.dir/Drivers/STM32F4xx_HAL_Driver/Src/stm32f4xx_hal_adc.c.obj
 .text.ADC_DMAConvCplt
                0x08002258       0x72 CMakeFiles/smart_flowerpot_project.elf.dir/Drivers/STM32F4xx_HAL_Driver/Src/stm32f4xx_hal_adc.c.obj
 *fill*         0x080022ca        0x2 
 .text.HAL_ADC_ConfigChannel
                0x080022cc      0x1e0 CMakeFiles/smart_flowerpot_project.elf.dir/Drivers/STM32F4xx_HAL_Driver/Src/stm32f4xx_hal_adc.c.obj
                0x080022cc                HAL_ADC_ConfigChannel
 .text.HAL_NVIC_SetPriorityGrouping
                0x080024ac       0x3c CMakeFiles/smart_flowerpot_project.elf.dir/Drivers/STM32F4xx_HAL_Driver/Src/stm32f4xx_hal_cortex.c.obj
                0x080024ac                HAL_NVIC_SetPriorityGrouping
 .text.HAL_NVIC_SetPriority
                0x080024e8       0x8c CMakeFiles/smart_flowerpot_project.elf.dir/Drivers/STM32F4xx_HAL_Driver/Src/stm32f4xx_hal_cortex.c.obj
                0x080024e8                HAL_NVIC_SetPriority
 .text.HAL_NVIC_EnableIRQ
                0x08002574       0x30 CMakeFiles/smart_flowerpot_project.elf.dir/Drivers/STM32F4xx_HAL_Driver/Src/stm32f4xx_hal_cortex.c.obj
                0x08002574                HAL_NVIC_EnableIRQ
 .text.HAL_SYSTICK_Config
                0x080025a4       0x2c CMakeFiles/smart_flowerpot_project.elf.dir/Drivers/STM32F4xx_HAL_Driver/Src/stm32f4xx_hal_cortex.c.obj
                0x080025a4                HAL_SYSTICK_Config
 .text.DMA_SetConfig
                0x080025d0       0x2c CMakeFiles/smart_flowerpot_project.elf.dir/Drivers/STM32F4xx_HAL_Driver/Src/stm32f4xx_hal_dma.c.obj
 .text.DMA_CalcBaseAndBitshift
                0x080025fc       0x40 CMakeFiles/smart_flowerpot_project.elf.dir/Drivers/STM32F4xx_HAL_Driver/Src/stm32f4xx_hal_dma.c.obj
 .text.DMA_CheckFifoParam
                0x0800263c       0x8e CMakeFiles/smart_flowerpot_project.elf.dir/Drivers/STM32F4xx_HAL_Driver/Src/stm32f4xx_hal_dma.c.obj
 *fill*         0x080026ca        0x2 
 .text.HAL_DMA_Init
                0x080026cc      0x290 CMakeFiles/smart_flowerpot_project.elf.dir/Drivers/STM32F4xx_HAL_Driver/Src/stm32f4xx_hal_dma.c.obj
                0x080026cc                HAL_DMA_Init
 .text.HAL_DMA_Start_IT
                0x0800295c       0x98 CMakeFiles/smart_flowerpot_project.elf.dir/Drivers/STM32F4xx_HAL_Driver/Src/stm32f4xx_hal_dma.c.obj
                0x0800295c                HAL_DMA_Start_IT
 .text.HAL_DMA_Abort
                0x080029f4       0x94 CMakeFiles/smart_flowerpot_project.elf.dir/Drivers/STM32F4xx_HAL_Driver/Src/stm32f4xx_hal_dma.c.obj
                0x080029f4                HAL_DMA_Abort
 .text.HAL_DMA_IRQHandler
                0x08002a88      0x1dc CMakeFiles/smart_flowerpot_project.elf.dir/Drivers/STM32F4xx_HAL_Driver/Src/stm32f4xx_hal_dma.c.obj
                0x08002a88                HAL_DMA_IRQHandler
 .text.HAL_GPIO_Init
                0x08002c64      0x2a4 CMakeFiles/smart_flowerpot_project.elf.dir/Drivers/STM32F4xx_HAL_Driver/Src/stm32f4xx_hal_gpio.c.obj
                0x08002c64                HAL_GPIO_Init
 .text.HAL_GPIO_ReadPin
                0x08002f08       0x28 CMakeFiles/smart_flowerpot_project.elf.dir/Drivers/STM32F4xx_HAL_Driver/Src/stm32f4xx_hal_gpio.c.obj
                0x08002f08                HAL_GPIO_ReadPin
 .text.HAL_GPIO_WritePin
                0x08002f30       0x38 CMakeFiles/smart_flowerpot_project.elf.dir/Drivers/STM32F4xx_HAL_Driver/Src/stm32f4xx_hal_gpio.c.obj
                0x08002f30                HAL_GPIO_WritePin
 .text.HAL_I2C_Init
                0x08002f68      0x2b0 CMakeFiles/smart_flowerpot_project.elf.dir/Drivers/STM32F4xx_HAL_Driver/Src/stm32f4xx_hal_i2c.c.obj
                0x08002f68                HAL_I2C_Init
 .text.HAL_I2S_Init
                0x08003218      0x2a8 CMakeFiles/smart_flowerpot_project.elf.dir/Drivers/STM32F4xx_HAL_Driver/Src/stm32f4xx_hal_i2s.c.obj
                0x08003218                HAL_I2S_Init
 .text.HAL_I2S_TxCpltCallback
                0x080034c0        0x2 CMakeFiles/smart_flowerpot_project.elf.dir/Drivers/STM32F4xx_HAL_Driver/Src/stm32f4xx_hal_i2s.c.obj
                0x080034c0                HAL_I2S_TxCpltCallback
 .text.I2S_Transmit_IT
                0x080034c2       0x38 CMakeFiles/smart_flowerpot_project.elf.dir/Drivers/STM32F4xx_HAL_Driver/Src/stm32f4xx_hal_i2s.c.obj
 .text.HAL_I2S_RxCpltCallback
                0x080034fa        0x2 CMakeFiles/smart_flowerpot_project.elf.dir/Drivers/STM32F4xx_HAL_Driver/Src/stm32f4xx_hal_i2s.c.obj
                0x080034fa                HAL_I2S_RxCpltCallback
 .text.I2S_Receive_IT
                0x080034fc       0x38 CMakeFiles/smart_flowerpot_project.elf.dir/Drivers/STM32F4xx_HAL_Driver/Src/stm32f4xx_hal_i2s.c.obj
 .text.HAL_I2S_ErrorCallback
                0x08003534        0x2 CMakeFiles/smart_flowerpot_project.elf.dir/Drivers/STM32F4xx_HAL_Driver/Src/stm32f4xx_hal_i2s.c.obj
                0x08003534                HAL_I2S_ErrorCallback
 .text.I2S_IRQHandler
                0x08003536       0xd0 CMakeFiles/smart_flowerpot_project.elf.dir/Drivers/STM32F4xx_HAL_Driver/Src/stm32f4xx_hal_i2s.c.obj
 .text.HAL_I2SEx_TxRxCpltCallback
                0x08003606        0x2 CMakeFiles/smart_flowerpot_project.elf.dir/Drivers/STM32F4xx_HAL_Driver/Src/stm32f4xx_hal_i2s_ex.c.obj
                0x08003606                HAL_I2SEx_TxRxCpltCallback
 .text.I2SEx_TxISR_I2S
                0x08003608       0x3c CMakeFiles/smart_flowerpot_project.elf.dir/Drivers/STM32F4xx_HAL_Driver/Src/stm32f4xx_hal_i2s_ex.c.obj
 .text.I2SEx_RxISR_I2SExt
                0x08003644       0x64 CMakeFiles/smart_flowerpot_project.elf.dir/Drivers/STM32F4xx_HAL_Driver/Src/stm32f4xx_hal_i2s_ex.c.obj
 .text.I2SEx_TxISR_I2SExt
                0x080036a8       0x64 CMakeFiles/smart_flowerpot_project.elf.dir/Drivers/STM32F4xx_HAL_Driver/Src/stm32f4xx_hal_i2s_ex.c.obj
 .text.I2SEx_RxISR_I2S
                0x0800370c       0x3c CMakeFiles/smart_flowerpot_project.elf.dir/Drivers/STM32F4xx_HAL_Driver/Src/stm32f4xx_hal_i2s_ex.c.obj
 .text.HAL_I2SEx_FullDuplex_IRQHandler
                0x08003748      0x1d8 CMakeFiles/smart_flowerpot_project.elf.dir/Drivers/STM32F4xx_HAL_Driver/Src/stm32f4xx_hal_i2s_ex.c.obj
                0x08003748                HAL_I2SEx_FullDuplex_IRQHandler
 .text.HAL_RCC_OscConfig
                0x08003920      0x4f8 CMakeFiles/smart_flowerpot_project.elf.dir/Drivers/STM32F4xx_HAL_Driver/Src/stm32f4xx_hal_rcc.c.obj
                0x08003920                HAL_RCC_OscConfig
 .text.HAL_RCC_GetSysClockFreq
                0x08003e18       0xcc CMakeFiles/smart_flowerpot_project.elf.dir/Drivers/STM32F4xx_HAL_Driver/Src/stm32f4xx_hal_rcc.c.obj
                0x08003e18                HAL_RCC_GetSysClockFreq
 .text.HAL_RCC_ClockConfig
                0x08003ee4      0x21c CMakeFiles/smart_flowerpot_project.elf.dir/Drivers/STM32F4xx_HAL_Driver/Src/stm32f4xx_hal_rcc.c.obj
                0x08003ee4                HAL_RCC_ClockConfig
 .text.HAL_RCC_GetHCLKFreq
                0x08004100        0xc CMakeFiles/smart_flowerpot_project.elf.dir/Drivers/STM32F4xx_HAL_Driver/Src/stm32f4xx_hal_rcc.c.obj
                0x08004100                HAL_RCC_GetHCLKFreq
 .text.HAL_RCC_GetPCLK1Freq
                0x0800410c       0x20 CMakeFiles/smart_flowerpot_project.elf.dir/Drivers/STM32F4xx_HAL_Driver/Src/stm32f4xx_hal_rcc.c.obj
                0x0800410c                HAL_RCC_GetPCLK1Freq
 .text.HAL_RCCEx_PeriphCLKConfig
                0x0800412c      0x2cc CMakeFiles/smart_flowerpot_project.elf.dir/Drivers/STM32F4xx_HAL_Driver/Src/stm32f4xx_hal_rcc_ex.c.obj
                0x0800412c                HAL_RCCEx_PeriphCLKConfig
 .text.HAL_RCCEx_GetPeriphCLKFreq
                0x080043f8       0x78 CMakeFiles/smart_flowerpot_project.elf.dir/Drivers/STM32F4xx_HAL_Driver/Src/stm32f4xx_hal_rcc_ex.c.obj
                0x080043f8                HAL_RCCEx_GetPeriphCLKFreq
 .text.HAL_SPI_Init
                0x08004470      0x1a4 CMakeFiles/smart_flowerpot_project.elf.dir/Drivers/STM32F4xx_HAL_Driver/Src/stm32f4xx_hal_spi.c.obj
                0x08004470                HAL_SPI_Init
 .text.TIM_TI1_ConfigInputStage
                0x08004614       0x24 CMakeFiles/smart_flowerpot_project.elf.dir/Drivers/STM32F4xx_HAL_Driver/Src/stm32f4xx_hal_tim.c.obj
 .text.TIM_TI2_ConfigInputStage
                0x08004638       0x26 CMakeFiles/smart_flowerpot_project.elf.dir/Drivers/STM32F4xx_HAL_Driver/Src/stm32f4xx_hal_tim.c.obj
 .text.TIM_ITRx_SetConfig
                0x0800465e       0x10 CMakeFiles/smart_flowerpot_project.elf.dir/Drivers/STM32F4xx_HAL_Driver/Src/stm32f4xx_hal_tim.c.obj
 *fill*         0x0800466e        0x2 
 .text.TIM_OC1_SetConfig
                0x08004670       0xac CMakeFiles/smart_flowerpot_project.elf.dir/Drivers/STM32F4xx_HAL_Driver/Src/stm32f4xx_hal_tim.c.obj
 .text.TIM_OC3_SetConfig
                0x0800471c       0xb0 CMakeFiles/smart_flowerpot_project.elf.dir/Drivers/STM32F4xx_HAL_Driver/Src/stm32f4xx_hal_tim.c.obj
 .text.TIM_OC4_SetConfig
                0x080047cc       0x6c CMakeFiles/smart_flowerpot_project.elf.dir/Drivers/STM32F4xx_HAL_Driver/Src/stm32f4xx_hal_tim.c.obj
 .text.HAL_TIM_Base_Start_IT
                0x08004838       0x78 CMakeFiles/smart_flowerpot_project.elf.dir/Drivers/STM32F4xx_HAL_Driver/Src/stm32f4xx_hal_tim.c.obj
                0x08004838                HAL_TIM_Base_Start_IT
 .text.HAL_TIM_PWM_MspInit
                0x080048b0        0x2 CMakeFiles/smart_flowerpot_project.elf.dir/Drivers/STM32F4xx_HAL_Driver/Src/stm32f4xx_hal_tim.c.obj
                0x080048b0                HAL_TIM_PWM_MspInit
 .text.HAL_TIM_OC_DelayElapsedCallback
                0x080048b2        0x2 CMakeFiles/smart_flowerpot_project.elf.dir/Drivers/STM32F4xx_HAL_Driver/Src/stm32f4xx_hal_tim.c.obj
                0x080048b2                HAL_TIM_OC_DelayElapsedCallback
 .text.HAL_TIM_IC_CaptureCallback
                0x080048b4        0x2 CMakeFiles/smart_flowerpot_project.elf.dir/Drivers/STM32F4xx_HAL_Driver/Src/stm32f4xx_hal_tim.c.obj
                0x080048b4                HAL_TIM_IC_CaptureCallback
 .text.HAL_TIM_PWM_PulseFinishedCallback
                0x080048b6        0x2 CMakeFiles/smart_flowerpot_project.elf.dir/Drivers/STM32F4xx_HAL_Driver/Src/stm32f4xx_hal_tim.c.obj
                0x080048b6                HAL_TIM_PWM_PulseFinishedCallback
 .text.HAL_TIM_TriggerCallback
                0x080048b8        0x2 CMakeFiles/smart_flowerpot_project.elf.dir/Drivers/STM32F4xx_HAL_Driver/Src/stm32f4xx_hal_tim.c.obj
                0x080048b8                HAL_TIM_TriggerCallback
 .text.HAL_TIM_IRQHandler
                0x080048ba      0x17a CMakeFiles/smart_flowerpot_project.elf.dir/Drivers/STM32F4xx_HAL_Driver/Src/stm32f4xx_hal_tim.c.obj
                0x080048ba                HAL_TIM_IRQHandler
 .text.TIM_Base_SetConfig
                0x08004a34       0x9c CMakeFiles/smart_flowerpot_project.elf.dir/Drivers/STM32F4xx_HAL_Driver/Src/stm32f4xx_hal_tim.c.obj
                0x08004a34                TIM_Base_SetConfig
 .text.HAL_TIM_Base_Init
                0x08004ad0       0xd8 CMakeFiles/smart_flowerpot_project.elf.dir/Drivers/STM32F4xx_HAL_Driver/Src/stm32f4xx_hal_tim.c.obj
                0x08004ad0                HAL_TIM_Base_Init
 .text.HAL_TIM_PWM_Init
                0x08004ba8       0xd8 CMakeFiles/smart_flowerpot_project.elf.dir/Drivers/STM32F4xx_HAL_Driver/Src/stm32f4xx_hal_tim.c.obj
                0x08004ba8                HAL_TIM_PWM_Init
 .text.TIM_OC2_SetConfig
                0x08004c80       0xb4 CMakeFiles/smart_flowerpot_project.elf.dir/Drivers/STM32F4xx_HAL_Driver/Src/stm32f4xx_hal_tim.c.obj
                0x08004c80                TIM_OC2_SetConfig
 .text.HAL_TIM_PWM_ConfigChannel
                0x08004d34      0x22c CMakeFiles/smart_flowerpot_project.elf.dir/Drivers/STM32F4xx_HAL_Driver/Src/stm32f4xx_hal_tim.c.obj
                0x08004d34                HAL_TIM_PWM_ConfigChannel
 .text.TIM_ETR_SetConfig
                0x08004f60       0x16 CMakeFiles/smart_flowerpot_project.elf.dir/Drivers/STM32F4xx_HAL_Driver/Src/stm32f4xx_hal_tim.c.obj
                0x08004f60                TIM_ETR_SetConfig
 *fill*         0x08004f76        0x2 
 .text.HAL_TIM_ConfigClockSource
                0x08004f78      0x414 CMakeFiles/smart_flowerpot_project.elf.dir/Drivers/STM32F4xx_HAL_Driver/Src/stm32f4xx_hal_tim.c.obj
                0x08004f78                HAL_TIM_ConfigClockSource
 .text.HAL_TIMEx_MasterConfigSynchronization
                0x0800538c       0xf0 CMakeFiles/smart_flowerpot_project.elf.dir/Drivers/STM32F4xx_HAL_Driver/Src/stm32f4xx_hal_tim_ex.c.obj
                0x0800538c                HAL_TIMEx_MasterConfigSynchronization
 .text.HAL_TIMEx_CommutCallback
                0x0800547c        0x2 CMakeFiles/smart_flowerpot_project.elf.dir/Drivers/STM32F4xx_HAL_Driver/Src/stm32f4xx_hal_tim_ex.c.obj
                0x0800547c                HAL_TIMEx_CommutCallback
 .text.HAL_TIMEx_BreakCallback
                0x0800547e        0x2 CMakeFiles/smart_flowerpot_project.elf.dir/Drivers/STM32F4xx_HAL_Driver/Src/stm32f4xx_hal_tim_ex.c.obj
                0x0800547e                HAL_TIMEx_BreakCallback
 .text.Reset_Handler
                0x08005480       0x50 CMakeFiles/smart_flowerpot_project.elf.dir/startup/startup_stm32f411xe.s.obj
                0x08005480                Reset_Handler
 .text.Default_Handler
                0x080054d0        0x2 CMakeFiles/smart_flowerpot_project.elf.dir/startup/startup_stm32f411xe.s.obj
                0x080054d0                RTC_Alarm_IRQHandler
                0x080054d0                EXTI2_IRQHandler
                0x080054d0                SPI4_IRQHandler
                0x080054d0                TIM1_CC_IRQHandler
                0x080054d0                DMA2_Stream5_IRQHandler
                0x080054d0                DMA1_Stream5_IRQHandler
                0x080054d0                PVD_IRQHandler
                0x080054d0                SDIO_IRQHandler
                0x080054d0                TAMP_STAMP_IRQHandler
                0x080054d0                EXTI3_IRQHandler
                0x080054d0                I2C3_ER_IRQHandler
                0x080054d0                EXTI0_IRQHandler
                0x080054d0                I2C2_EV_IRQHandler
                0x080054d0                DMA1_Stream2_IRQHandler
                0x080054d0                FPU_IRQHandler
                0x080054d0                DMA2_Stream2_IRQHandler
                0x080054d0                SPI1_IRQHandler
                0x080054d0                TIM1_BRK_TIM9_IRQHandler
                0x080054d0                DMA2_Stream3_IRQHandler
                0x080054d0                USART6_IRQHandler
                0x080054d0                TIM4_IRQHandler
                0x080054d0                I2C1_EV_IRQHandler
                0x080054d0                DMA1_Stream6_IRQHandler
                0x080054d0                DMA1_Stream1_IRQHandler
                0x080054d0                TIM3_IRQHandler
                0x080054d0                RCC_IRQHandler
                0x080054d0                Default_Handler
                0x080054d0                EXTI15_10_IRQHandler
                0x080054d0                ADC_IRQHandler
                0x080054d0                DMA1_Stream7_IRQHandler
                0x080054d0                SPI5_IRQHandler
                0x080054d0                TIM5_IRQHandler
                0x080054d0                DMA2_Stream7_IRQHandler
                0x080054d0                I2C3_EV_IRQHandler
                0x080054d0                EXTI9_5_IRQHandler
                0x080054d0                RTC_WKUP_IRQHandler
                0x080054d0                SPI2_IRQHandler
                0x080054d0                DMA1_Stream0_IRQHandler
                0x080054d0                EXTI4_IRQHandler
                0x080054d0                WWDG_IRQHandler
                0x080054d0                TIM2_IRQHandler
                0x080054d0                OTG_FS_WKUP_IRQHandler
                0x080054d0                TIM1_TRG_COM_TIM11_IRQHandler
                0x080054d0                EXTI1_IRQHandler
                0x080054d0                USART2_IRQHandler
                0x080054d0                I2C2_ER_IRQHandler
                0x080054d0                DMA2_Stream1_IRQHandler
                0x080054d0                FLASH_IRQHandler
                0x080054d0                DMA2_Stream4_IRQHandler
                0x080054d0                USART1_IRQHandler
                0x080054d0                OTG_FS_IRQHandler
                0x080054d0                SPI3_IRQHandler
                0x080054d0                DMA1_Stream4_IRQHandler
                0x080054d0                I2C1_ER_IRQHandler
                0x080054d0                DMA2_Stream6_IRQHandler
                0x080054d0                DMA1_Stream3_IRQHandler
 *fill*         0x080054d2        0x2 
 .text.__libc_init_array
                0x080054d4       0x48 c:/progra~2/gnuarm~1/92020-~1/bin/../lib/gcc/arm-none-eabi/9.3.1/../../../../arm-none-eabi/lib/thumb/v7e-m/nofp\libg.a(lib_a-init.o)
                0x080054d4                __libc_init_array
 .text.memset   0x0800551c       0xa0 c:/progra~2/gnuarm~1/92020-~1/bin/../lib/gcc/arm-none-eabi/9.3.1/../../../../arm-none-eabi/lib/thumb/v7e-m/nofp\libg.a(lib_a-memset.o)
                0x0800551c                memset
 .text.startup.register_fini
                0x080055bc       0x14 c:/progra~2/gnuarm~1/92020-~1/bin/../lib/gcc/arm-none-eabi/9.3.1/../../../../arm-none-eabi/lib/thumb/v7e-m/nofp\libg.a(lib_a-__call_atexit.o)
 .text.atexit   0x080055d0        0xc c:/progra~2/gnuarm~1/92020-~1/bin/../lib/gcc/arm-none-eabi/9.3.1/../../../../arm-none-eabi/lib/thumb/v7e-m/nofp\libg.a(lib_a-atexit.o)
                0x080055d0                atexit
 .text.__libc_fini_array
                0x080055dc       0x2c c:/progra~2/gnuarm~1/92020-~1/bin/../lib/gcc/arm-none-eabi/9.3.1/../../../../arm-none-eabi/lib/thumb/v7e-m/nofp\libg.a(lib_a-fini.o)
                0x080055dc                __libc_fini_array
 .text.__retarget_lock_acquire_recursive
                0x08005608        0x4 c:/progra~2/gnuarm~1/92020-~1/bin/../lib/gcc/arm-none-eabi/9.3.1/../../../../arm-none-eabi/lib/thumb/v7e-m/nofp\libg.a(lib_a-lock.o)
                0x08005608                __retarget_lock_acquire_recursive
 .text.__retarget_lock_release_recursive
                0x0800560c        0x4 c:/progra~2/gnuarm~1/92020-~1/bin/../lib/gcc/arm-none-eabi/9.3.1/../../../../arm-none-eabi/lib/thumb/v7e-m/nofp\libg.a(lib_a-lock.o)
                0x0800560c                __retarget_lock_release_recursive
 .text.__register_exitproc
                0x08005610       0x8c c:/progra~2/gnuarm~1/92020-~1/bin/../lib/gcc/arm-none-eabi/9.3.1/../../../../arm-none-eabi/lib/thumb/v7e-m/nofp\libg.a(lib_a-__atexit.o)
                0x08005610                __register_exitproc
 *(.glue_7)
 .glue_7        0x0800569c        0x0 linker stubs
 *(.glue_7t)
 .glue_7t       0x0800569c        0x0 linker stubs
 *(.eh_frame)
 .eh_frame      0x0800569c        0x0 c:/progra~2/gnuarm~1/92020-~1/bin/../lib/gcc/arm-none-eabi/9.3.1/thumb/v7e-m/nofp/crtbegin.o
 *(.init)
 .init          0x0800569c        0x4 c:/progra~2/gnuarm~1/92020-~1/bin/../lib/gcc/arm-none-eabi/9.3.1/thumb/v7e-m/nofp/crti.o
                0x0800569c                _init
 .init          0x080056a0        0x8 c:/progra~2/gnuarm~1/92020-~1/bin/../lib/gcc/arm-none-eabi/9.3.1/thumb/v7e-m/nofp/crtn.o
 *(.fini)
 .fini          0x080056a8        0x4 c:/progra~2/gnuarm~1/92020-~1/bin/../lib/gcc/arm-none-eabi/9.3.1/thumb/v7e-m/nofp/crti.o
                0x080056a8                _fini
 .fini          0x080056ac        0x8 c:/progra~2/gnuarm~1/92020-~1/bin/../lib/gcc/arm-none-eabi/9.3.1/thumb/v7e-m/nofp/crtn.o
                0x080056b4                . = ALIGN (0x4)
                0x080056b4                _etext = .

.vfp11_veneer   0x080056b4        0x0
 .vfp11_veneer  0x080056b4        0x0 linker stubs

.v4_bx          0x080056b4        0x0
 .v4_bx         0x080056b4        0x0 linker stubs

.iplt           0x080056b4        0x0
 .iplt          0x080056b4        0x0 c:/progra~2/gnuarm~1/92020-~1/bin/../lib/gcc/arm-none-eabi/9.3.1/thumb/v7e-m/nofp/crtbegin.o

.rodata         0x080056b4      0x4f4
                0x080056b4                . = ALIGN (0x4)
 *(.rodata)
 *(.rodata*)
 .rodata.AHBPrescTable
                0x080056b4       0x10 CMakeFiles/smart_flowerpot_project.elf.dir/Core/Src/system_stm32f4xx.c.obj
                0x080056b4                AHBPrescTable
 .rodata.APBPrescTable
                0x080056c4        0x8 CMakeFiles/smart_flowerpot_project.elf.dir/Core/Src/system_stm32f4xx.c.obj
                0x080056c4                APBPrescTable
 .rodata.ADC_Init.str1.4
                0x080056cc       0x6d CMakeFiles/smart_flowerpot_project.elf.dir/Drivers/STM32F4xx_HAL_Driver/Src/stm32f4xx_hal_adc.c.obj
 *fill*         0x08005739        0x3 
 .rodata.HAL_NVIC_SetPriorityGrouping.str1.4
                0x0800573c       0x70 CMakeFiles/smart_flowerpot_project.elf.dir/Drivers/STM32F4xx_HAL_Driver/Src/stm32f4xx_hal_cortex.c.obj
 .rodata.HAL_DMA_Init.str1.4
                0x080057ac       0x6d CMakeFiles/smart_flowerpot_project.elf.dir/Drivers/STM32F4xx_HAL_Driver/Src/stm32f4xx_hal_dma.c.obj
 *fill*         0x08005819        0x3 
 .rodata.flagBitshiftOffset.7225
                0x0800581c        0x8 CMakeFiles/smart_flowerpot_project.elf.dir/Drivers/STM32F4xx_HAL_Driver/Src/stm32f4xx_hal_dma.c.obj
 .rodata.HAL_GPIO_Init.str1.4
                0x08005824       0x6e CMakeFiles/smart_flowerpot_project.elf.dir/Drivers/STM32F4xx_HAL_Driver/Src/stm32f4xx_hal_gpio.c.obj
 *fill*         0x08005892        0x2 
 .rodata.HAL_I2C_Init.str1.4
                0x08005894       0x6d CMakeFiles/smart_flowerpot_project.elf.dir/Drivers/STM32F4xx_HAL_Driver/Src/stm32f4xx_hal_i2c.c.obj
 *fill*         0x08005901        0x3 
 .rodata.HAL_I2S_Init.str1.4
                0x08005904       0x6d CMakeFiles/smart_flowerpot_project.elf.dir/Drivers/STM32F4xx_HAL_Driver/Src/stm32f4xx_hal_i2s.c.obj
 *fill*         0x08005971        0x3 
 .rodata.HAL_RCC_OscConfig.str1.4
                0x08005974       0x6d CMakeFiles/smart_flowerpot_project.elf.dir/Drivers/STM32F4xx_HAL_Driver/Src/stm32f4xx_hal_rcc.c.obj
 *fill*         0x080059e1        0x3 
 .rodata.HAL_RCCEx_PeriphCLKConfig.str1.4
                0x080059e4       0x70 CMakeFiles/smart_flowerpot_project.elf.dir/Drivers/STM32F4xx_HAL_Driver/Src/stm32f4xx_hal_rcc_ex.c.obj
 .rodata.HAL_SPI_Init.str1.4
                0x08005a54       0x6d CMakeFiles/smart_flowerpot_project.elf.dir/Drivers/STM32F4xx_HAL_Driver/Src/stm32f4xx_hal_spi.c.obj
 *fill*         0x08005ac1        0x3 
 .rodata.TIM_OC1_SetConfig.str1.4
                0x08005ac4       0x6d CMakeFiles/smart_flowerpot_project.elf.dir/Drivers/STM32F4xx_HAL_Driver/Src/stm32f4xx_hal_tim.c.obj
 *fill*         0x08005b31        0x3 
 .rodata.HAL_TIMEx_HallSensor_Init.str1.4
                0x08005b34       0x70 CMakeFiles/smart_flowerpot_project.elf.dir/Drivers/STM32F4xx_HAL_Driver/Src/stm32f4xx_hal_tim_ex.c.obj
 .rodata._global_impure_ptr
                0x08005ba4        0x4 c:/progra~2/gnuarm~1/92020-~1/bin/../lib/gcc/arm-none-eabi/9.3.1/../../../../arm-none-eabi/lib/thumb/v7e-m/nofp\libg.a(lib_a-impure.o)
                0x08005ba4                _global_impure_ptr
                0x08005ba8                . = ALIGN (0x4)

.ARM.extab
 *(.ARM.extab* .gnu.linkonce.armextab.*)

.ARM            0x08005ba8        0x8
                0x08005ba8                __exidx_start = .
 *(.ARM.exidx*)
 .ARM.exidx     0x08005ba8        0x8 c:/progra~2/gnuarm~1/92020-~1/bin/../lib/gcc/arm-none-eabi/9.3.1/thumb/v7e-m/nofp\libgcc.a(_udivmoddi4.o)
                0x08005bb0                __exidx_end = .

.rel.dyn        0x08005bb0        0x0
 .rel.iplt      0x08005bb0        0x0 c:/progra~2/gnuarm~1/92020-~1/bin/../lib/gcc/arm-none-eabi/9.3.1/thumb/v7e-m/nofp/crtbegin.o

.preinit_array  0x08005bb0        0x0
                0x08005bb0                PROVIDE (__preinit_array_start = .)
 *(.preinit_array*)
                0x08005bb0                PROVIDE (__preinit_array_end = .)

.init_array     0x08005bb0        0x8
                0x08005bb0                PROVIDE (__init_array_start = .)
 *(SORT_BY_NAME(.init_array.*))
 .init_array.00000
                0x08005bb0        0x4 c:/progra~2/gnuarm~1/92020-~1/bin/../lib/gcc/arm-none-eabi/9.3.1/../../../../arm-none-eabi/lib/thumb/v7e-m/nofp\libg.a(lib_a-__call_atexit.o)
 *(.init_array*)
 .init_array    0x08005bb4        0x4 c:/progra~2/gnuarm~1/92020-~1/bin/../lib/gcc/arm-none-eabi/9.3.1/thumb/v7e-m/nofp/crtbegin.o
                0x08005bb8                PROVIDE (__init_array_end = .)

.fini_array     0x08005bb8        0x4
                0x08005bb8                PROVIDE (__fini_array_start = .)
 *(SORT_BY_NAME(.fini_array.*))
 *(.fini_array*)
 .fini_array    0x08005bb8        0x4 c:/progra~2/gnuarm~1/92020-~1/bin/../lib/gcc/arm-none-eabi/9.3.1/thumb/v7e-m/nofp/crtbegin.o
                0x08005bbc                PROVIDE (__fini_array_end = .)
                0x08005bbc                _sidata = LOADADDR (.data)

.data           0x20000000      0x43c load address 0x08005bbc
                0x20000000                . = ALIGN (0x4)
                0x20000000                _sdata = .
 *(.data)
 *(.data*)
 .data.SystemCoreClock
                0x20000000        0x4 CMakeFiles/smart_flowerpot_project.elf.dir/Core/Src/system_stm32f4xx.c.obj
                0x20000000                SystemCoreClock
 .data.uwTickFreq
                0x20000004        0x1 CMakeFiles/smart_flowerpot_project.elf.dir/Drivers/STM32F4xx_HAL_Driver/Src/stm32f4xx_hal.c.obj
                0x20000004                uwTickFreq
 *fill*         0x20000005        0x3 
 .data.uwTickPrio
                0x20000008        0x4 CMakeFiles/smart_flowerpot_project.elf.dir/Drivers/STM32F4xx_HAL_Driver/Src/stm32f4xx_hal.c.obj
                0x20000008                uwTickPrio
 *fill*         0x2000000c        0x4 
 .data.impure_data
                0x20000010      0x428 c:/progra~2/gnuarm~1/92020-~1/bin/../lib/gcc/arm-none-eabi/9.3.1/../../../../arm-none-eabi/lib/thumb/v7e-m/nofp\libg.a(lib_a-impure.o)
 .data.__atexit_recursive_mutex
                0x20000438        0x4 c:/progra~2/gnuarm~1/92020-~1/bin/../lib/gcc/arm-none-eabi/9.3.1/../../../../arm-none-eabi/lib/thumb/v7e-m/nofp\libg.a(lib_a-__call_atexit.o)
                0x20000438                __atexit_recursive_mutex
                0x2000043c                . = ALIGN (0x4)
                0x2000043c                _edata = .

.igot.plt       0x2000043c        0x0 load address 0x08005ff8
 .igot.plt      0x2000043c        0x0 c:/progra~2/gnuarm~1/92020-~1/bin/../lib/gcc/arm-none-eabi/9.3.1/thumb/v7e-m/nofp/crtbegin.o
                0x2000043c                . = ALIGN (0x4)

.bss            0x2000043c      0x2c4 load address 0x08005ff8
                0x2000043c                _sbss = .
                0x2000043c                __bss_start__ = _sbss
 *(.bss)
 .bss           0x2000043c       0x1c c:/progra~2/gnuarm~1/92020-~1/bin/../lib/gcc/arm-none-eabi/9.3.1/thumb/v7e-m/nofp/crtbegin.o
 *(.bss*)
 .bss.hadc1     0x20000458       0x48 CMakeFiles/smart_flowerpot_project.elf.dir/Core/Src/adc.c.obj
                0x20000458                hadc1
 .bss.hdma_adc1
                0x200004a0       0x60 CMakeFiles/smart_flowerpot_project.elf.dir/Core/Src/adc.c.obj
                0x200004a0                hdma_adc1
 .bss.hi2c1     0x20000500       0x54 CMakeFiles/smart_flowerpot_project.elf.dir/Core/Src/i2c.c.obj
                0x20000500                hi2c1
 .bss.hi2s3     0x20000554       0x48 CMakeFiles/smart_flowerpot_project.elf.dir/Core/Src/i2s.c.obj
                0x20000554                hi2s3
 .bss.adc       0x2000059c        0x4 CMakeFiles/smart_flowerpot_project.elf.dir/Core/Src/main.c.obj
                0x2000059c                adc
 .bss.flag      0x200005a0        0x1 CMakeFiles/smart_flowerpot_project.elf.dir/Core/Src/main.c.obj
                0x200005a0                flag
 *fill*         0x200005a1        0x3 
 .bss.tim10_overflows
                0x200005a4        0x4 CMakeFiles/smart_flowerpot_project.elf.dir/Core/Src/main.c.obj
                0x200005a4                tim10_overflows
 .bss.hspi1     0x200005a8       0x58 CMakeFiles/smart_flowerpot_project.elf.dir/Core/Src/spi.c.obj
                0x200005a8                hspi1
 .bss.hspi2     0x20000600       0x58 CMakeFiles/smart_flowerpot_project.elf.dir/Core/Src/spi.c.obj
                0x20000600                hspi2
 .bss.htim10    0x20000658       0x40 CMakeFiles/smart_flowerpot_project.elf.dir/Core/Src/tim.c.obj
                0x20000658                htim10
 .bss.htim3     0x20000698       0x40 CMakeFiles/smart_flowerpot_project.elf.dir/Core/Src/tim.c.obj
                0x20000698                htim3
 .bss.uwTick    0x200006d8        0x4 CMakeFiles/smart_flowerpot_project.elf.dir/Drivers/STM32F4xx_HAL_Driver/Src/stm32f4xx_hal.c.obj
                0x200006d8                uwTick
 *(COMMON)
 COMMON         0x200006dc       0x21 c:/progra~2/gnuarm~1/92020-~1/bin/../lib/gcc/arm-none-eabi/9.3.1/../../../../arm-none-eabi/lib/thumb/v7e-m/nofp\libg.a(lib_a-lock.o)
                0x200006dc                __lock___atexit_recursive_mutex
                0x200006e0                __lock___arc4random_mutex
                0x200006e4                __lock___env_recursive_mutex
                0x200006e8                __lock___sinit_recursive_mutex
                0x200006ec                __lock___malloc_recursive_mutex
                0x200006f0                __lock___at_quick_exit_mutex
                0x200006f4                __lock___dd_hash_mutex
                0x200006f8                __lock___tz_mutex
                0x200006fc                __lock___sfp_recursive_mutex
                0x20000700                . = ALIGN (0x4)
 *fill*         0x200006fd        0x3 
                0x20000700                _ebss = .
                0x20000700                __bss_end__ = _ebss

._user_heap_stack
                0x20000700      0x600 load address 0x08005ff8
                0x20000700                . = ALIGN (0x8)
                0x20000700                PROVIDE (end = .)
                [!provide]                PROVIDE (_end = .)
                0x20000900                . = (. + _Min_Heap_Size)
 *fill*         0x20000700      0x200 
                0x20000d00                . = (. + _Min_Stack_Size)
 *fill*         0x20000900      0x400 
                0x20000d00                . = ALIGN (0x8)

/DISCARD/
 libc.a(*)
 libm.a(*)
 libgcc.a(*)

.ARM.attributes
                0x00000000       0x2a
 *(.ARM.attributes)
 .ARM.attributes
                0x00000000       0x1e c:/progra~2/gnuarm~1/92020-~1/bin/../lib/gcc/arm-none-eabi/9.3.1/thumb/v7e-m/nofp/crti.o
 .ARM.attributes
                0x0000001e       0x2e c:/progra~2/gnuarm~1/92020-~1/bin/../lib/gcc/arm-none-eabi/9.3.1/thumb/v7e-m/nofp/crtbegin.o
 .ARM.attributes
                0x0000004c       0x2e CMakeFiles/smart_flowerpot_project.elf.dir/Core/Src/adc.c.obj
 .ARM.attributes
                0x0000007a       0x2e CMakeFiles/smart_flowerpot_project.elf.dir/Core/Src/dma.c.obj
 .ARM.attributes
                0x000000a8       0x2e CMakeFiles/smart_flowerpot_project.elf.dir/Core/Src/gpio.c.obj
 .ARM.attributes
                0x000000d6       0x2e CMakeFiles/smart_flowerpot_project.elf.dir/Core/Src/i2c.c.obj
 .ARM.attributes
                0x00000104       0x2e CMakeFiles/smart_flowerpot_project.elf.dir/Core/Src/i2s.c.obj
 .ARM.attributes
                0x00000132       0x2e CMakeFiles/smart_flowerpot_project.elf.dir/Core/Src/main.c.obj
 .ARM.attributes
                0x00000160       0x2e CMakeFiles/smart_flowerpot_project.elf.dir/Core/Src/spi.c.obj
 .ARM.attributes
                0x0000018e       0x2e CMakeFiles/smart_flowerpot_project.elf.dir/Core/Src/stm32f4xx_hal_msp.c.obj
 .ARM.attributes
                0x000001bc       0x2e CMakeFiles/smart_flowerpot_project.elf.dir/Core/Src/stm32f4xx_it.c.obj
 .ARM.attributes
                0x000001ea       0x2e CMakeFiles/smart_flowerpot_project.elf.dir/Core/Src/system_stm32f4xx.c.obj
 .ARM.attributes
                0x00000218       0x2e CMakeFiles/smart_flowerpot_project.elf.dir/Core/Src/tim.c.obj
 .ARM.attributes
                0x00000246       0x2e CMakeFiles/smart_flowerpot_project.elf.dir/Core/Src/usb_otg.c.obj
 .ARM.attributes
                0x00000274       0x2e CMakeFiles/smart_flowerpot_project.elf.dir/Drivers/STM32F4xx_HAL_Driver/Src/stm32f4xx_hal.c.obj
 .ARM.attributes
                0x000002a2       0x2e CMakeFiles/smart_flowerpot_project.elf.dir/Drivers/STM32F4xx_HAL_Driver/Src/stm32f4xx_hal_adc.c.obj
 .ARM.attributes
                0x000002d0       0x2e CMakeFiles/smart_flowerpot_project.elf.dir/Drivers/STM32F4xx_HAL_Driver/Src/stm32f4xx_hal_cortex.c.obj
 .ARM.attributes
                0x000002fe       0x2e CMakeFiles/smart_flowerpot_project.elf.dir/Drivers/STM32F4xx_HAL_Driver/Src/stm32f4xx_hal_dma.c.obj
 .ARM.attributes
                0x0000032c       0x2e CMakeFiles/smart_flowerpot_project.elf.dir/Drivers/STM32F4xx_HAL_Driver/Src/stm32f4xx_hal_gpio.c.obj
 .ARM.attributes
                0x0000035a       0x2e CMakeFiles/smart_flowerpot_project.elf.dir/Drivers/STM32F4xx_HAL_Driver/Src/stm32f4xx_hal_i2c.c.obj
 .ARM.attributes
                0x00000388       0x2e CMakeFiles/smart_flowerpot_project.elf.dir/Drivers/STM32F4xx_HAL_Driver/Src/stm32f4xx_hal_i2s.c.obj
 .ARM.attributes
                0x000003b6       0x2e CMakeFiles/smart_flowerpot_project.elf.dir/Drivers/STM32F4xx_HAL_Driver/Src/stm32f4xx_hal_i2s_ex.c.obj
 .ARM.attributes
                0x000003e4       0x2e CMakeFiles/smart_flowerpot_project.elf.dir/Drivers/STM32F4xx_HAL_Driver/Src/stm32f4xx_hal_rcc.c.obj
 .ARM.attributes
                0x00000412       0x2e CMakeFiles/smart_flowerpot_project.elf.dir/Drivers/STM32F4xx_HAL_Driver/Src/stm32f4xx_hal_rcc_ex.c.obj
 .ARM.attributes
                0x00000440       0x2e CMakeFiles/smart_flowerpot_project.elf.dir/Drivers/STM32F4xx_HAL_Driver/Src/stm32f4xx_hal_spi.c.obj
 .ARM.attributes
                0x0000046e       0x2e CMakeFiles/smart_flowerpot_project.elf.dir/Drivers/STM32F4xx_HAL_Driver/Src/stm32f4xx_hal_tim.c.obj
 .ARM.attributes
                0x0000049c       0x2e CMakeFiles/smart_flowerpot_project.elf.dir/Drivers/STM32F4xx_HAL_Driver/Src/stm32f4xx_hal_tim_ex.c.obj
 .ARM.attributes
                0x000004ca       0x21 CMakeFiles/smart_flowerpot_project.elf.dir/startup/startup_stm32f411xe.s.obj
 .ARM.attributes
                0x000004eb       0x1e c:/progra~2/gnuarm~1/92020-~1/bin/../lib/gcc/arm-none-eabi/9.3.1/thumb/v7e-m/nofp\libgcc.a(_arm_addsubdf3.o)
 .ARM.attributes
                0x00000509       0x1e c:/progra~2/gnuarm~1/92020-~1/bin/../lib/gcc/arm-none-eabi/9.3.1/thumb/v7e-m/nofp\libgcc.a(_arm_cmpdf2.o)
 .ARM.attributes
                0x00000527       0x1e c:/progra~2/gnuarm~1/92020-~1/bin/../lib/gcc/arm-none-eabi/9.3.1/thumb/v7e-m/nofp\libgcc.a(_arm_addsubsf3.o)
 .ARM.attributes
                0x00000545       0x1e c:/progra~2/gnuarm~1/92020-~1/bin/../lib/gcc/arm-none-eabi/9.3.1/thumb/v7e-m/nofp\libgcc.a(_arm_muldivsf3.o)
 .ARM.attributes
                0x00000563       0x1e c:/progra~2/gnuarm~1/92020-~1/bin/../lib/gcc/arm-none-eabi/9.3.1/thumb/v7e-m/nofp\libgcc.a(_arm_cmpsf2.o)
 .ARM.attributes
                0x00000581       0x1e c:/progra~2/gnuarm~1/92020-~1/bin/../lib/gcc/arm-none-eabi/9.3.1/thumb/v7e-m/nofp\libgcc.a(_aeabi_uldivmod.o)
 .ARM.attributes
                0x0000059f       0x2e c:/progra~2/gnuarm~1/92020-~1/bin/../lib/gcc/arm-none-eabi/9.3.1/thumb/v7e-m/nofp\libgcc.a(_udivmoddi4.o)
 .ARM.attributes
                0x000005cd       0x1e c:/progra~2/gnuarm~1/92020-~1/bin/../lib/gcc/arm-none-eabi/9.3.1/thumb/v7e-m/nofp\libgcc.a(_dvmd_tls.o)
 .ARM.attributes
                0x000005eb       0x2e c:/progra~2/gnuarm~1/92020-~1/bin/../lib/gcc/arm-none-eabi/9.3.1/../../../../arm-none-eabi/lib/thumb/v7e-m/nofp\libg.a(lib_a-impure.o)
 .ARM.attributes
                0x00000619       0x2e c:/progra~2/gnuarm~1/92020-~1/bin/../lib/gcc/arm-none-eabi/9.3.1/../../../../arm-none-eabi/lib/thumb/v7e-m/nofp\libg.a(lib_a-init.o)
 .ARM.attributes
                0x00000647       0x2e c:/progra~2/gnuarm~1/92020-~1/bin/../lib/gcc/arm-none-eabi/9.3.1/../../../../arm-none-eabi/lib/thumb/v7e-m/nofp\libg.a(lib_a-memset.o)
 .ARM.attributes
                0x00000675       0x2e c:/progra~2/gnuarm~1/92020-~1/bin/../lib/gcc/arm-none-eabi/9.3.1/../../../../arm-none-eabi/lib/thumb/v7e-m/nofp\libg.a(lib_a-__call_atexit.o)
 .ARM.attributes
                0x000006a3       0x2e c:/progra~2/gnuarm~1/92020-~1/bin/../lib/gcc/arm-none-eabi/9.3.1/../../../../arm-none-eabi/lib/thumb/v7e-m/nofp\libg.a(lib_a-atexit.o)
 .ARM.attributes
                0x000006d1       0x2e c:/progra~2/gnuarm~1/92020-~1/bin/../lib/gcc/arm-none-eabi/9.3.1/../../../../arm-none-eabi/lib/thumb/v7e-m/nofp\libg.a(lib_a-fini.o)
 .ARM.attributes
                0x000006ff       0x2e c:/progra~2/gnuarm~1/92020-~1/bin/../lib/gcc/arm-none-eabi/9.3.1/../../../../arm-none-eabi/lib/thumb/v7e-m/nofp\libg.a(lib_a-lock.o)
 .ARM.attributes
                0x0000072d       0x2e c:/progra~2/gnuarm~1/92020-~1/bin/../lib/gcc/arm-none-eabi/9.3.1/../../../../arm-none-eabi/lib/thumb/v7e-m/nofp\libg.a(lib_a-__atexit.o)
 .ARM.attributes
                0x0000075b       0x1e c:/progra~2/gnuarm~1/92020-~1/bin/../lib/gcc/arm-none-eabi/9.3.1/thumb/v7e-m/nofp/crtn.o
OUTPUT(smart_flowerpot_project.elf elf32-littlearm)
LOAD linker stubs
LOAD c:/progra~2/gnuarm~1/92020-~1/bin/../lib/gcc/arm-none-eabi/9.3.1/../../../../arm-none-eabi/lib/thumb/v7e-m/nofp\libc.a
LOAD c:/progra~2/gnuarm~1/92020-~1/bin/../lib/gcc/arm-none-eabi/9.3.1/../../../../arm-none-eabi/lib/thumb/v7e-m/nofp\libm.a
LOAD c:/progra~2/gnuarm~1/92020-~1/bin/../lib/gcc/arm-none-eabi/9.3.1/thumb/v7e-m/nofp\libgcc.a

.debug_info     0x00000000    0x1c899
 .debug_info    0x00000000      0xbf8 CMakeFiles/smart_flowerpot_project.elf.dir/Core/Src/adc.c.obj
 .debug_info    0x00000bf8      0x584 CMakeFiles/smart_flowerpot_project.elf.dir/Core/Src/dma.c.obj
 .debug_info    0x0000117c      0x74e CMakeFiles/smart_flowerpot_project.elf.dir/Core/Src/gpio.c.obj
 .debug_info    0x000018ca      0xb59 CMakeFiles/smart_flowerpot_project.elf.dir/Core/Src/i2c.c.obj
 .debug_info    0x00002423      0xb38 CMakeFiles/smart_flowerpot_project.elf.dir/Core/Src/i2s.c.obj
 .debug_info    0x00002f5b     0x1f16 CMakeFiles/smart_flowerpot_project.elf.dir/Core/Src/main.c.obj
 .debug_info    0x00004e71      0xbd6 CMakeFiles/smart_flowerpot_project.elf.dir/Core/Src/spi.c.obj
 .debug_info    0x00005a47      0x3e0 CMakeFiles/smart_flowerpot_project.elf.dir/Core/Src/stm32f4xx_hal_msp.c.obj
 .debug_info    0x00005e27      0x7bc CMakeFiles/smart_flowerpot_project.elf.dir/Core/Src/stm32f4xx_it.c.obj
 .debug_info    0x000065e3      0x5e5 CMakeFiles/smart_flowerpot_project.elf.dir/Core/Src/system_stm32f4xx.c.obj
 .debug_info    0x00006bc8      0xf84 CMakeFiles/smart_flowerpot_project.elf.dir/Core/Src/tim.c.obj
 .debug_info    0x00007b4c      0x18e CMakeFiles/smart_flowerpot_project.elf.dir/Core/Src/usb_otg.c.obj
 .debug_info    0x00007cda      0xa36 CMakeFiles/smart_flowerpot_project.elf.dir/Drivers/STM32F4xx_HAL_Driver/Src/stm32f4xx_hal.c.obj
 .debug_info    0x00008710     0x13da CMakeFiles/smart_flowerpot_project.elf.dir/Drivers/STM32F4xx_HAL_Driver/Src/stm32f4xx_hal_adc.c.obj
 .debug_info    0x00009aea     0x1368 CMakeFiles/smart_flowerpot_project.elf.dir/Drivers/STM32F4xx_HAL_Driver/Src/stm32f4xx_hal_cortex.c.obj
 .debug_info    0x0000ae52      0xde9 CMakeFiles/smart_flowerpot_project.elf.dir/Drivers/STM32F4xx_HAL_Driver/Src/stm32f4xx_hal_dma.c.obj
 .debug_info    0x0000bc3b      0xa24 CMakeFiles/smart_flowerpot_project.elf.dir/Drivers/STM32F4xx_HAL_Driver/Src/stm32f4xx_hal_gpio.c.obj
 .debug_info    0x0000c65f     0x3cc0 CMakeFiles/smart_flowerpot_project.elf.dir/Drivers/STM32F4xx_HAL_Driver/Src/stm32f4xx_hal_i2c.c.obj
 .debug_info    0x0001031f     0x13ca CMakeFiles/smart_flowerpot_project.elf.dir/Drivers/STM32F4xx_HAL_Driver/Src/stm32f4xx_hal_i2s.c.obj
 .debug_info    0x000116e9      0xf20 CMakeFiles/smart_flowerpot_project.elf.dir/Drivers/STM32F4xx_HAL_Driver/Src/stm32f4xx_hal_i2s_ex.c.obj
 .debug_info    0x00012609      0xe20 CMakeFiles/smart_flowerpot_project.elf.dir/Drivers/STM32F4xx_HAL_Driver/Src/stm32f4xx_hal_rcc.c.obj
 .debug_info    0x00013429      0x8cc CMakeFiles/smart_flowerpot_project.elf.dir/Drivers/STM32F4xx_HAL_Driver/Src/stm32f4xx_hal_rcc_ex.c.obj
 .debug_info    0x00013cf5     0x2193 CMakeFiles/smart_flowerpot_project.elf.dir/Drivers/STM32F4xx_HAL_Driver/Src/stm32f4xx_hal_spi.c.obj
 .debug_info    0x00015e88     0x4cf3 CMakeFiles/smart_flowerpot_project.elf.dir/Drivers/STM32F4xx_HAL_Driver/Src/stm32f4xx_hal_tim.c.obj
 .debug_info    0x0001ab7b     0x1cfc CMakeFiles/smart_flowerpot_project.elf.dir/Drivers/STM32F4xx_HAL_Driver/Src/stm32f4xx_hal_tim_ex.c.obj
 .debug_info    0x0001c877       0x22 CMakeFiles/smart_flowerpot_project.elf.dir/startup/startup_stm32f411xe.s.obj

.debug_abbrev   0x00000000     0x3664
 .debug_abbrev  0x00000000      0x1f5 CMakeFiles/smart_flowerpot_project.elf.dir/Core/Src/adc.c.obj
 .debug_abbrev  0x000001f5      0x153 CMakeFiles/smart_flowerpot_project.elf.dir/Core/Src/dma.c.obj
 .debug_abbrev  0x00000348      0x17b CMakeFiles/smart_flowerpot_project.elf.dir/Core/Src/gpio.c.obj
 .debug_abbrev  0x000004c3      0x1ed CMakeFiles/smart_flowerpot_project.elf.dir/Core/Src/i2c.c.obj
 .debug_abbrev  0x000006b0      0x1ed CMakeFiles/smart_flowerpot_project.elf.dir/Core/Src/i2s.c.obj
 .debug_abbrev  0x0000089d      0x395 CMakeFiles/smart_flowerpot_project.elf.dir/Core/Src/main.c.obj
 .debug_abbrev  0x00000c32      0x1ed CMakeFiles/smart_flowerpot_project.elf.dir/Core/Src/spi.c.obj
 .debug_abbrev  0x00000e1f      0x13d CMakeFiles/smart_flowerpot_project.elf.dir/Core/Src/stm32f4xx_hal_msp.c.obj
 .debug_abbrev  0x00000f5c      0x1b7 CMakeFiles/smart_flowerpot_project.elf.dir/Core/Src/stm32f4xx_it.c.obj
 .debug_abbrev  0x00001113      0x148 CMakeFiles/smart_flowerpot_project.elf.dir/Core/Src/system_stm32f4xx.c.obj
 .debug_abbrev  0x0000125b      0x209 CMakeFiles/smart_flowerpot_project.elf.dir/Core/Src/tim.c.obj
 .debug_abbrev  0x00001464       0xb5 CMakeFiles/smart_flowerpot_project.elf.dir/Core/Src/usb_otg.c.obj
 .debug_abbrev  0x00001519      0x24a CMakeFiles/smart_flowerpot_project.elf.dir/Drivers/STM32F4xx_HAL_Driver/Src/stm32f4xx_hal.c.obj
 .debug_abbrev  0x00001763      0x23a CMakeFiles/smart_flowerpot_project.elf.dir/Drivers/STM32F4xx_HAL_Driver/Src/stm32f4xx_hal_adc.c.obj
 .debug_abbrev  0x0000199d      0x3ad CMakeFiles/smart_flowerpot_project.elf.dir/Drivers/STM32F4xx_HAL_Driver/Src/stm32f4xx_hal_cortex.c.obj
 .debug_abbrev  0x00001d4a      0x2a8 CMakeFiles/smart_flowerpot_project.elf.dir/Drivers/STM32F4xx_HAL_Driver/Src/stm32f4xx_hal_dma.c.obj
 .debug_abbrev  0x00001ff2      0x258 CMakeFiles/smart_flowerpot_project.elf.dir/Drivers/STM32F4xx_HAL_Driver/Src/stm32f4xx_hal_gpio.c.obj
 .debug_abbrev  0x0000224a      0x2bc CMakeFiles/smart_flowerpot_project.elf.dir/Drivers/STM32F4xx_HAL_Driver/Src/stm32f4xx_hal_i2c.c.obj
 .debug_abbrev  0x00002506      0x286 CMakeFiles/smart_flowerpot_project.elf.dir/Drivers/STM32F4xx_HAL_Driver/Src/stm32f4xx_hal_i2s.c.obj
 .debug_abbrev  0x0000278c      0x2d2 CMakeFiles/smart_flowerpot_project.elf.dir/Drivers/STM32F4xx_HAL_Driver/Src/stm32f4xx_hal_i2s_ex.c.obj
 .debug_abbrev  0x00002a5e      0x2c1 CMakeFiles/smart_flowerpot_project.elf.dir/Drivers/STM32F4xx_HAL_Driver/Src/stm32f4xx_hal_rcc.c.obj
 .debug_abbrev  0x00002d1f      0x1d1 CMakeFiles/smart_flowerpot_project.elf.dir/Drivers/STM32F4xx_HAL_Driver/Src/stm32f4xx_hal_rcc_ex.c.obj
 .debug_abbrev  0x00002ef0      0x27a CMakeFiles/smart_flowerpot_project.elf.dir/Drivers/STM32F4xx_HAL_Driver/Src/stm32f4xx_hal_spi.c.obj
 .debug_abbrev  0x0000316a      0x269 CMakeFiles/smart_flowerpot_project.elf.dir/Drivers/STM32F4xx_HAL_Driver/Src/stm32f4xx_hal_tim.c.obj
 .debug_abbrev  0x000033d3      0x27f CMakeFiles/smart_flowerpot_project.elf.dir/Drivers/STM32F4xx_HAL_Driver/Src/stm32f4xx_hal_tim_ex.c.obj
 .debug_abbrev  0x00003652       0x12 CMakeFiles/smart_flowerpot_project.elf.dir/startup/startup_stm32f411xe.s.obj

.debug_loc      0x00000000     0xe022
 .debug_loc     0x00000000       0x71 CMakeFiles/smart_flowerpot_project.elf.dir/Core/Src/adc.c.obj
 .debug_loc     0x00000071       0x67 CMakeFiles/smart_flowerpot_project.elf.dir/Core/Src/i2c.c.obj
 .debug_loc     0x000000d8       0x84 CMakeFiles/smart_flowerpot_project.elf.dir/Core/Src/i2s.c.obj
 .debug_loc     0x0000015c      0x20f CMakeFiles/smart_flowerpot_project.elf.dir/Core/Src/main.c.obj
 .debug_loc     0x0000036b       0xbe CMakeFiles/smart_flowerpot_project.elf.dir/Core/Src/spi.c.obj
 .debug_loc     0x00000429      0x16c CMakeFiles/smart_flowerpot_project.elf.dir/Core/Src/system_stm32f4xx.c.obj
 .debug_loc     0x00000595       0xc6 CMakeFiles/smart_flowerpot_project.elf.dir/Core/Src/tim.c.obj
 .debug_loc     0x0000065b      0x130 CMakeFiles/smart_flowerpot_project.elf.dir/Drivers/STM32F4xx_HAL_Driver/Src/stm32f4xx_hal.c.obj
 .debug_loc     0x0000078b      0x97c CMakeFiles/smart_flowerpot_project.elf.dir/Drivers/STM32F4xx_HAL_Driver/Src/stm32f4xx_hal_adc.c.obj
 .debug_loc     0x00001107      0x92e CMakeFiles/smart_flowerpot_project.elf.dir/Drivers/STM32F4xx_HAL_Driver/Src/stm32f4xx_hal_cortex.c.obj
 .debug_loc     0x00001a35      0xb53 CMakeFiles/smart_flowerpot_project.elf.dir/Drivers/STM32F4xx_HAL_Driver/Src/stm32f4xx_hal_dma.c.obj
 .debug_loc     0x00002588      0x67f CMakeFiles/smart_flowerpot_project.elf.dir/Drivers/STM32F4xx_HAL_Driver/Src/stm32f4xx_hal_gpio.c.obj
 .debug_loc     0x00002c07     0x37b4 CMakeFiles/smart_flowerpot_project.elf.dir/Drivers/STM32F4xx_HAL_Driver/Src/stm32f4xx_hal_i2c.c.obj
 .debug_loc     0x000063bb      0xf87 CMakeFiles/smart_flowerpot_project.elf.dir/Drivers/STM32F4xx_HAL_Driver/Src/stm32f4xx_hal_i2s.c.obj
 .debug_loc     0x00007342      0xb12 CMakeFiles/smart_flowerpot_project.elf.dir/Drivers/STM32F4xx_HAL_Driver/Src/stm32f4xx_hal_i2s_ex.c.obj
 .debug_loc     0x00007e54      0x562 CMakeFiles/smart_flowerpot_project.elf.dir/Drivers/STM32F4xx_HAL_Driver/Src/stm32f4xx_hal_rcc.c.obj
 .debug_loc     0x000083b6      0x45f CMakeFiles/smart_flowerpot_project.elf.dir/Drivers/STM32F4xx_HAL_Driver/Src/stm32f4xx_hal_rcc_ex.c.obj
 .debug_loc     0x00008815     0x19f3 CMakeFiles/smart_flowerpot_project.elf.dir/Drivers/STM32F4xx_HAL_Driver/Src/stm32f4xx_hal_spi.c.obj
 .debug_loc     0x0000a208     0x2dac CMakeFiles/smart_flowerpot_project.elf.dir/Drivers/STM32F4xx_HAL_Driver/Src/stm32f4xx_hal_tim.c.obj
 .debug_loc     0x0000cfb4     0x106e CMakeFiles/smart_flowerpot_project.elf.dir/Drivers/STM32F4xx_HAL_Driver/Src/stm32f4xx_hal_tim_ex.c.obj

.debug_aranges  0x00000000     0x11c8
 .debug_aranges
                0x00000000       0x30 CMakeFiles/smart_flowerpot_project.elf.dir/Core/Src/adc.c.obj
 .debug_aranges
                0x00000030       0x20 CMakeFiles/smart_flowerpot_project.elf.dir/Core/Src/dma.c.obj
 .debug_aranges
                0x00000050       0x20 CMakeFiles/smart_flowerpot_project.elf.dir/Core/Src/gpio.c.obj
 .debug_aranges
                0x00000070       0x30 CMakeFiles/smart_flowerpot_project.elf.dir/Core/Src/i2c.c.obj
 .debug_aranges
                0x000000a0       0x30 CMakeFiles/smart_flowerpot_project.elf.dir/Core/Src/i2s.c.obj
 .debug_aranges
                0x000000d0       0x48 CMakeFiles/smart_flowerpot_project.elf.dir/Core/Src/main.c.obj
 .debug_aranges
                0x00000118       0x38 CMakeFiles/smart_flowerpot_project.elf.dir/Core/Src/spi.c.obj
 .debug_aranges
                0x00000150       0x20 CMakeFiles/smart_flowerpot_project.elf.dir/Core/Src/stm32f4xx_hal_msp.c.obj
 .debug_aranges
                0x00000170       0x70 CMakeFiles/smart_flowerpot_project.elf.dir/Core/Src/stm32f4xx_it.c.obj
 .debug_aranges
                0x000001e0       0x28 CMakeFiles/smart_flowerpot_project.elf.dir/Core/Src/system_stm32f4xx.c.obj
 .debug_aranges
                0x00000208       0x40 CMakeFiles/smart_flowerpot_project.elf.dir/Core/Src/tim.c.obj
 .debug_aranges
                0x00000248       0x20 CMakeFiles/smart_flowerpot_project.elf.dir/Core/Src/usb_otg.c.obj
 .debug_aranges
                0x00000268       0xf0 CMakeFiles/smart_flowerpot_project.elf.dir/Drivers/STM32F4xx_HAL_Driver/Src/stm32f4xx_hal.c.obj
 .debug_aranges
                0x00000358       0xe8 CMakeFiles/smart_flowerpot_project.elf.dir/Drivers/STM32F4xx_HAL_Driver/Src/stm32f4xx_hal_adc.c.obj
 .debug_aranges
                0x00000440       0xa8 CMakeFiles/smart_flowerpot_project.elf.dir/Drivers/STM32F4xx_HAL_Driver/Src/stm32f4xx_hal_cortex.c.obj
 .debug_aranges
                0x000004e8       0x90 CMakeFiles/smart_flowerpot_project.elf.dir/Drivers/STM32F4xx_HAL_Driver/Src/stm32f4xx_hal_dma.c.obj
 .debug_aranges
                0x00000578       0x58 CMakeFiles/smart_flowerpot_project.elf.dir/Drivers/STM32F4xx_HAL_Driver/Src/stm32f4xx_hal_gpio.c.obj
 .debug_aranges
                0x000005d0      0x2a0 CMakeFiles/smart_flowerpot_project.elf.dir/Drivers/STM32F4xx_HAL_Driver/Src/stm32f4xx_hal_i2c.c.obj
 .debug_aranges
                0x00000870      0x108 CMakeFiles/smart_flowerpot_project.elf.dir/Drivers/STM32F4xx_HAL_Driver/Src/stm32f4xx_hal_i2s.c.obj
 .debug_aranges
                0x00000978       0x88 CMakeFiles/smart_flowerpot_project.elf.dir/Drivers/STM32F4xx_HAL_Driver/Src/stm32f4xx_hal_i2s_ex.c.obj
 .debug_aranges
                0x00000a00       0x88 CMakeFiles/smart_flowerpot_project.elf.dir/Drivers/STM32F4xx_HAL_Driver/Src/stm32f4xx_hal_rcc.c.obj
 .debug_aranges
                0x00000a88       0x50 CMakeFiles/smart_flowerpot_project.elf.dir/Drivers/STM32F4xx_HAL_Driver/Src/stm32f4xx_hal_rcc_ex.c.obj
 .debug_aranges
                0x00000ad8      0x1d0 CMakeFiles/smart_flowerpot_project.elf.dir/Drivers/STM32F4xx_HAL_Driver/Src/stm32f4xx_hal_spi.c.obj
 .debug_aranges
                0x00000ca8      0x3a8 CMakeFiles/smart_flowerpot_project.elf.dir/Drivers/STM32F4xx_HAL_Driver/Src/stm32f4xx_hal_tim.c.obj
 .debug_aranges
                0x00001050      0x150 CMakeFiles/smart_flowerpot_project.elf.dir/Drivers/STM32F4xx_HAL_Driver/Src/stm32f4xx_hal_tim_ex.c.obj
 .debug_aranges
                0x000011a0       0x28 CMakeFiles/smart_flowerpot_project.elf.dir/startup/startup_stm32f411xe.s.obj

.debug_ranges   0x00000000     0x1150
 .debug_ranges  0x00000000       0x20 CMakeFiles/smart_flowerpot_project.elf.dir/Core/Src/adc.c.obj
 .debug_ranges  0x00000020       0x10 CMakeFiles/smart_flowerpot_project.elf.dir/Core/Src/dma.c.obj
 .debug_ranges  0x00000030       0x10 CMakeFiles/smart_flowerpot_project.elf.dir/Core/Src/gpio.c.obj
 .debug_ranges  0x00000040       0x20 CMakeFiles/smart_flowerpot_project.elf.dir/Core/Src/i2c.c.obj
 .debug_ranges  0x00000060       0x20 CMakeFiles/smart_flowerpot_project.elf.dir/Core/Src/i2s.c.obj
 .debug_ranges  0x00000080       0x50 CMakeFiles/smart_flowerpot_project.elf.dir/Core/Src/main.c.obj
 .debug_ranges  0x000000d0       0x28 CMakeFiles/smart_flowerpot_project.elf.dir/Core/Src/spi.c.obj
 .debug_ranges  0x000000f8       0x10 CMakeFiles/smart_flowerpot_project.elf.dir/Core/Src/stm32f4xx_hal_msp.c.obj
 .debug_ranges  0x00000108       0x60 CMakeFiles/smart_flowerpot_project.elf.dir/Core/Src/stm32f4xx_it.c.obj
 .debug_ranges  0x00000168       0x18 CMakeFiles/smart_flowerpot_project.elf.dir/Core/Src/system_stm32f4xx.c.obj
 .debug_ranges  0x00000180       0x30 CMakeFiles/smart_flowerpot_project.elf.dir/Core/Src/tim.c.obj
 .debug_ranges  0x000001b0       0x10 CMakeFiles/smart_flowerpot_project.elf.dir/Core/Src/usb_otg.c.obj
 .debug_ranges  0x000001c0       0xe0 CMakeFiles/smart_flowerpot_project.elf.dir/Drivers/STM32F4xx_HAL_Driver/Src/stm32f4xx_hal.c.obj
 .debug_ranges  0x000002a0       0xd8 CMakeFiles/smart_flowerpot_project.elf.dir/Drivers/STM32F4xx_HAL_Driver/Src/stm32f4xx_hal_adc.c.obj
 .debug_ranges  0x00000378      0x128 CMakeFiles/smart_flowerpot_project.elf.dir/Drivers/STM32F4xx_HAL_Driver/Src/stm32f4xx_hal_cortex.c.obj
 .debug_ranges  0x000004a0       0x80 CMakeFiles/smart_flowerpot_project.elf.dir/Drivers/STM32F4xx_HAL_Driver/Src/stm32f4xx_hal_dma.c.obj
 .debug_ranges  0x00000520       0x48 CMakeFiles/smart_flowerpot_project.elf.dir/Drivers/STM32F4xx_HAL_Driver/Src/stm32f4xx_hal_gpio.c.obj
 .debug_ranges  0x00000568      0x2a8 CMakeFiles/smart_flowerpot_project.elf.dir/Drivers/STM32F4xx_HAL_Driver/Src/stm32f4xx_hal_i2c.c.obj
 .debug_ranges  0x00000810      0x128 CMakeFiles/smart_flowerpot_project.elf.dir/Drivers/STM32F4xx_HAL_Driver/Src/stm32f4xx_hal_i2s.c.obj
 .debug_ranges  0x00000938       0x90 CMakeFiles/smart_flowerpot_project.elf.dir/Drivers/STM32F4xx_HAL_Driver/Src/stm32f4xx_hal_i2s_ex.c.obj
 .debug_ranges  0x000009c8       0x90 CMakeFiles/smart_flowerpot_project.elf.dir/Drivers/STM32F4xx_HAL_Driver/Src/stm32f4xx_hal_rcc.c.obj
 .debug_ranges  0x00000a58       0x40 CMakeFiles/smart_flowerpot_project.elf.dir/Drivers/STM32F4xx_HAL_Driver/Src/stm32f4xx_hal_rcc_ex.c.obj
 .debug_ranges  0x00000a98      0x1c0 CMakeFiles/smart_flowerpot_project.elf.dir/Drivers/STM32F4xx_HAL_Driver/Src/stm32f4xx_hal_spi.c.obj
 .debug_ranges  0x00000c58      0x398 CMakeFiles/smart_flowerpot_project.elf.dir/Drivers/STM32F4xx_HAL_Driver/Src/stm32f4xx_hal_tim.c.obj
 .debug_ranges  0x00000ff0      0x140 CMakeFiles/smart_flowerpot_project.elf.dir/Drivers/STM32F4xx_HAL_Driver/Src/stm32f4xx_hal_tim_ex.c.obj
 .debug_ranges  0x00001130       0x20 CMakeFiles/smart_flowerpot_project.elf.dir/startup/startup_stm32f411xe.s.obj

.debug_line     0x00000000    0x18fab
 .debug_line    0x00000000      0x4cf CMakeFiles/smart_flowerpot_project.elf.dir/Core/Src/adc.c.obj
 .debug_line    0x000004cf      0x286 CMakeFiles/smart_flowerpot_project.elf.dir/Core/Src/dma.c.obj
 .debug_line    0x00000755      0x419 CMakeFiles/smart_flowerpot_project.elf.dir/Core/Src/gpio.c.obj
 .debug_line    0x00000b6e      0x404 CMakeFiles/smart_flowerpot_project.elf.dir/Core/Src/i2c.c.obj
 .debug_line    0x00000f72      0x43a CMakeFiles/smart_flowerpot_project.elf.dir/Core/Src/i2s.c.obj
 .debug_line    0x000013ac      0x7fe CMakeFiles/smart_flowerpot_project.elf.dir/Core/Src/main.c.obj
 .debug_line    0x00001baa      0x4fa CMakeFiles/smart_flowerpot_project.elf.dir/Core/Src/spi.c.obj
 .debug_line    0x000020a4      0x29a CMakeFiles/smart_flowerpot_project.elf.dir/Core/Src/stm32f4xx_hal_msp.c.obj
 .debug_line    0x0000233e      0x3c6 CMakeFiles/smart_flowerpot_project.elf.dir/Core/Src/stm32f4xx_it.c.obj
 .debug_line    0x00002704      0x33c CMakeFiles/smart_flowerpot_project.elf.dir/Core/Src/system_stm32f4xx.c.obj
 .debug_line    0x00002a40      0x54f CMakeFiles/smart_flowerpot_project.elf.dir/Core/Src/tim.c.obj
 .debug_line    0x00002f8f      0x252 CMakeFiles/smart_flowerpot_project.elf.dir/Core/Src/usb_otg.c.obj
 .debug_line    0x000031e1      0x68b CMakeFiles/smart_flowerpot_project.elf.dir/Drivers/STM32F4xx_HAL_Driver/Src/stm32f4xx_hal.c.obj
 .debug_line    0x0000386c     0x1321 CMakeFiles/smart_flowerpot_project.elf.dir/Drivers/STM32F4xx_HAL_Driver/Src/stm32f4xx_hal_adc.c.obj
 .debug_line    0x00004b8d      0x9cb CMakeFiles/smart_flowerpot_project.elf.dir/Drivers/STM32F4xx_HAL_Driver/Src/stm32f4xx_hal_cortex.c.obj
 .debug_line    0x00005558     0x10e2 CMakeFiles/smart_flowerpot_project.elf.dir/Drivers/STM32F4xx_HAL_Driver/Src/stm32f4xx_hal_dma.c.obj
 .debug_line    0x0000663a      0x95d CMakeFiles/smart_flowerpot_project.elf.dir/Drivers/STM32F4xx_HAL_Driver/Src/stm32f4xx_hal_gpio.c.obj
 .debug_line    0x00006f97     0x54be CMakeFiles/smart_flowerpot_project.elf.dir/Drivers/STM32F4xx_HAL_Driver/Src/stm32f4xx_hal_i2c.c.obj
 .debug_line    0x0000c455     0x15b7 CMakeFiles/smart_flowerpot_project.elf.dir/Drivers/STM32F4xx_HAL_Driver/Src/stm32f4xx_hal_i2s.c.obj
 .debug_line    0x0000da0c     0x1267 CMakeFiles/smart_flowerpot_project.elf.dir/Drivers/STM32F4xx_HAL_Driver/Src/stm32f4xx_hal_i2s_ex.c.obj
 .debug_line    0x0000ec73      0xd9f CMakeFiles/smart_flowerpot_project.elf.dir/Drivers/STM32F4xx_HAL_Driver/Src/stm32f4xx_hal_rcc.c.obj
 .debug_line    0x0000fa12      0x863 CMakeFiles/smart_flowerpot_project.elf.dir/Drivers/STM32F4xx_HAL_Driver/Src/stm32f4xx_hal_rcc_ex.c.obj
 .debug_line    0x00010275     0x26f0 CMakeFiles/smart_flowerpot_project.elf.dir/Drivers/STM32F4xx_HAL_Driver/Src/stm32f4xx_hal_spi.c.obj
 .debug_line    0x00012965     0x4e0a CMakeFiles/smart_flowerpot_project.elf.dir/Drivers/STM32F4xx_HAL_Driver/Src/stm32f4xx_hal_tim.c.obj
 .debug_line    0x0001776f     0x1789 CMakeFiles/smart_flowerpot_project.elf.dir/Drivers/STM32F4xx_HAL_Driver/Src/stm32f4xx_hal_tim_ex.c.obj
 .debug_line    0x00018ef8       0xb3 CMakeFiles/smart_flowerpot_project.elf.dir/startup/startup_stm32f411xe.s.obj

.debug_str      0x00000000     0x5542
 .debug_str     0x00000000      0x8a2 CMakeFiles/smart_flowerpot_project.elf.dir/Core/Src/adc.c.obj
                                0x94c (size before relaxing)
 .debug_str     0x000008a2      0x411 CMakeFiles/smart_flowerpot_project.elf.dir/Core/Src/dma.c.obj
                                0x7b6 (size before relaxing)
 .debug_str     0x00000cb3       0x83 CMakeFiles/smart_flowerpot_project.elf.dir/Core/Src/gpio.c.obj
                                0x4b7 (size before relaxing)
 .debug_str     0x00000d36      0x2f8 CMakeFiles/smart_flowerpot_project.elf.dir/Core/Src/i2c.c.obj
                                0x9d6 (size before relaxing)
 .debug_str     0x0000102e      0x21f CMakeFiles/smart_flowerpot_project.elf.dir/Core/Src/i2s.c.obj
                                0x91e (size before relaxing)
 .debug_str     0x0000124d      0x75b CMakeFiles/smart_flowerpot_project.elf.dir/Core/Src/main.c.obj
                               0x1449 (size before relaxing)
 .debug_str     0x000019a8       0x80 CMakeFiles/smart_flowerpot_project.elf.dir/Core/Src/spi.c.obj
                                0x941 (size before relaxing)
 .debug_str     0x00001a28       0x7e CMakeFiles/smart_flowerpot_project.elf.dir/Core/Src/stm32f4xx_hal_msp.c.obj
                                0x423 (size before relaxing)
 .debug_str     0x00001aa6      0x143 CMakeFiles/smart_flowerpot_project.elf.dir/Core/Src/stm32f4xx_it.c.obj
                                0x803 (size before relaxing)
 .debug_str     0x00001be9       0xe4 CMakeFiles/smart_flowerpot_project.elf.dir/Core/Src/system_stm32f4xx.c.obj
                                0x482 (size before relaxing)
 .debug_str     0x00001ccd      0x224 CMakeFiles/smart_flowerpot_project.elf.dir/Core/Src/tim.c.obj
                                0xea7 (size before relaxing)
 .debug_str     0x00001ef1       0x4b CMakeFiles/smart_flowerpot_project.elf.dir/Core/Src/usb_otg.c.obj
                                0x2f2 (size before relaxing)
 .debug_str     0x00001f3c      0x2df CMakeFiles/smart_flowerpot_project.elf.dir/Drivers/STM32F4xx_HAL_Driver/Src/stm32f4xx_hal.c.obj
                                0xaca (size before relaxing)
 .debug_str     0x0000221b      0x2b5 CMakeFiles/smart_flowerpot_project.elf.dir/Drivers/STM32F4xx_HAL_Driver/Src/stm32f4xx_hal_adc.c.obj
                                0xa78 (size before relaxing)
 .debug_str     0x000024d0      0x45b CMakeFiles/smart_flowerpot_project.elf.dir/Drivers/STM32F4xx_HAL_Driver/Src/stm32f4xx_hal_cortex.c.obj
                                0xc0b (size before relaxing)
 .debug_str     0x0000292b      0x2f5 CMakeFiles/smart_flowerpot_project.elf.dir/Drivers/STM32F4xx_HAL_Driver/Src/stm32f4xx_hal_dma.c.obj
                                0x89b (size before relaxing)
 .debug_str     0x00002c20      0x14c CMakeFiles/smart_flowerpot_project.elf.dir/Drivers/STM32F4xx_HAL_Driver/Src/stm32f4xx_hal_gpio.c.obj
                                0x627 (size before relaxing)
 .debug_str     0x00002d6c      0x8d4 CMakeFiles/smart_flowerpot_project.elf.dir/Drivers/STM32F4xx_HAL_Driver/Src/stm32f4xx_hal_i2c.c.obj
                               0x115a (size before relaxing)
 .debug_str     0x00003640      0x2ae CMakeFiles/smart_flowerpot_project.elf.dir/Drivers/STM32F4xx_HAL_Driver/Src/stm32f4xx_hal_i2s.c.obj
                                0xa77 (size before relaxing)
 .debug_str     0x000038ee      0x226 CMakeFiles/smart_flowerpot_project.elf.dir/Drivers/STM32F4xx_HAL_Driver/Src/stm32f4xx_hal_i2s_ex.c.obj
                                0x9aa (size before relaxing)
 .debug_str     0x00003b14      0x1a8 CMakeFiles/smart_flowerpot_project.elf.dir/Drivers/STM32F4xx_HAL_Driver/Src/stm32f4xx_hal_rcc.c.obj
                                0x805 (size before relaxing)
 .debug_str     0x00003cbc      0x12b CMakeFiles/smart_flowerpot_project.elf.dir/Drivers/STM32F4xx_HAL_Driver/Src/stm32f4xx_hal_rcc_ex.c.obj
                                0x629 (size before relaxing)
 .debug_str     0x00003de7      0x50e CMakeFiles/smart_flowerpot_project.elf.dir/Drivers/STM32F4xx_HAL_Driver/Src/stm32f4xx_hal_spi.c.obj
                                0xcfe (size before relaxing)
 .debug_str     0x000042f5      0xcdc CMakeFiles/smart_flowerpot_project.elf.dir/Drivers/STM32F4xx_HAL_Driver/Src/stm32f4xx_hal_tim.c.obj
                               0x15f2 (size before relaxing)
 .debug_str     0x00004fd1      0x50d CMakeFiles/smart_flowerpot_project.elf.dir/Drivers/STM32F4xx_HAL_Driver/Src/stm32f4xx_hal_tim_ex.c.obj
                                0xe0a (size before relaxing)
 .debug_str     0x000054de       0x64 CMakeFiles/smart_flowerpot_project.elf.dir/startup/startup_stm32f411xe.s.obj
                                 0xae (size before relaxing)

.comment        0x00000000       0x4c
 .comment       0x00000000       0x4c CMakeFiles/smart_flowerpot_project.elf.dir/Core/Src/adc.c.obj
                                 0x4d (size before relaxing)
 .comment       0x0000004c       0x4d CMakeFiles/smart_flowerpot_project.elf.dir/Core/Src/dma.c.obj
 .comment       0x0000004c       0x4d CMakeFiles/smart_flowerpot_project.elf.dir/Core/Src/gpio.c.obj
 .comment       0x0000004c       0x4d CMakeFiles/smart_flowerpot_project.elf.dir/Core/Src/i2c.c.obj
 .comment       0x0000004c       0x4d CMakeFiles/smart_flowerpot_project.elf.dir/Core/Src/i2s.c.obj
 .comment       0x0000004c       0x4d CMakeFiles/smart_flowerpot_project.elf.dir/Core/Src/main.c.obj
 .comment       0x0000004c       0x4d CMakeFiles/smart_flowerpot_project.elf.dir/Core/Src/spi.c.obj
 .comment       0x0000004c       0x4d CMakeFiles/smart_flowerpot_project.elf.dir/Core/Src/stm32f4xx_hal_msp.c.obj
 .comment       0x0000004c       0x4d CMakeFiles/smart_flowerpot_project.elf.dir/Core/Src/stm32f4xx_it.c.obj
 .comment       0x0000004c       0x4d CMakeFiles/smart_flowerpot_project.elf.dir/Core/Src/system_stm32f4xx.c.obj
 .comment       0x0000004c       0x4d CMakeFiles/smart_flowerpot_project.elf.dir/Core/Src/tim.c.obj
 .comment       0x0000004c       0x4d CMakeFiles/smart_flowerpot_project.elf.dir/Core/Src/usb_otg.c.obj
 .comment       0x0000004c       0x4d CMakeFiles/smart_flowerpot_project.elf.dir/Drivers/STM32F4xx_HAL_Driver/Src/stm32f4xx_hal.c.obj
 .comment       0x0000004c       0x4d CMakeFiles/smart_flowerpot_project.elf.dir/Drivers/STM32F4xx_HAL_Driver/Src/stm32f4xx_hal_adc.c.obj
 .comment       0x0000004c       0x4d CMakeFiles/smart_flowerpot_project.elf.dir/Drivers/STM32F4xx_HAL_Driver/Src/stm32f4xx_hal_cortex.c.obj
 .comment       0x0000004c       0x4d CMakeFiles/smart_flowerpot_project.elf.dir/Drivers/STM32F4xx_HAL_Driver/Src/stm32f4xx_hal_dma.c.obj
 .comment       0x0000004c       0x4d CMakeFiles/smart_flowerpot_project.elf.dir/Drivers/STM32F4xx_HAL_Driver/Src/stm32f4xx_hal_gpio.c.obj
 .comment       0x0000004c       0x4d CMakeFiles/smart_flowerpot_project.elf.dir/Drivers/STM32F4xx_HAL_Driver/Src/stm32f4xx_hal_i2c.c.obj
 .comment       0x0000004c       0x4d CMakeFiles/smart_flowerpot_project.elf.dir/Drivers/STM32F4xx_HAL_Driver/Src/stm32f4xx_hal_i2s.c.obj
 .comment       0x0000004c       0x4d CMakeFiles/smart_flowerpot_project.elf.dir/Drivers/STM32F4xx_HAL_Driver/Src/stm32f4xx_hal_i2s_ex.c.obj
 .comment       0x0000004c       0x4d CMakeFiles/smart_flowerpot_project.elf.dir/Drivers/STM32F4xx_HAL_Driver/Src/stm32f4xx_hal_rcc.c.obj
 .comment       0x0000004c       0x4d CMakeFiles/smart_flowerpot_project.elf.dir/Drivers/STM32F4xx_HAL_Driver/Src/stm32f4xx_hal_rcc_ex.c.obj
 .comment       0x0000004c       0x4d CMakeFiles/smart_flowerpot_project.elf.dir/Drivers/STM32F4xx_HAL_Driver/Src/stm32f4xx_hal_spi.c.obj
 .comment       0x0000004c       0x4d CMakeFiles/smart_flowerpot_project.elf.dir/Drivers/STM32F4xx_HAL_Driver/Src/stm32f4xx_hal_tim.c.obj
 .comment       0x0000004c       0x4d CMakeFiles/smart_flowerpot_project.elf.dir/Drivers/STM32F4xx_HAL_Driver/Src/stm32f4xx_hal_tim_ex.c.obj

.debug_frame    0x00000000     0x3798
 .debug_frame   0x00000000       0x6c CMakeFiles/smart_flowerpot_project.elf.dir/Core/Src/adc.c.obj
 .debug_frame   0x0000006c       0x2c CMakeFiles/smart_flowerpot_project.elf.dir/Core/Src/dma.c.obj
 .debug_frame   0x00000098       0x3c CMakeFiles/smart_flowerpot_project.elf.dir/Core/Src/gpio.c.obj
 .debug_frame   0x000000d4       0x64 CMakeFiles/smart_flowerpot_project.elf.dir/Core/Src/i2c.c.obj
 .debug_frame   0x00000138       0x64 CMakeFiles/smart_flowerpot_project.elf.dir/Core/Src/i2s.c.obj
 .debug_frame   0x0000019c       0x9c CMakeFiles/smart_flowerpot_project.elf.dir/Core/Src/main.c.obj
 .debug_frame   0x00000238       0x78 CMakeFiles/smart_flowerpot_project.elf.dir/Core/Src/spi.c.obj
 .debug_frame   0x000002b0       0x2c CMakeFiles/smart_flowerpot_project.elf.dir/Core/Src/stm32f4xx_hal_msp.c.obj
 .debug_frame   0x000002dc       0xd8 CMakeFiles/smart_flowerpot_project.elf.dir/Core/Src/stm32f4xx_it.c.obj
 .debug_frame   0x000003b4       0x30 CMakeFiles/smart_flowerpot_project.elf.dir/Core/Src/system_stm32f4xx.c.obj
 .debug_frame   0x000003e4       0xa8 CMakeFiles/smart_flowerpot_project.elf.dir/Core/Src/tim.c.obj
 .debug_frame   0x0000048c       0x20 CMakeFiles/smart_flowerpot_project.elf.dir/Core/Src/usb_otg.c.obj
 .debug_frame   0x000004ac      0x1f0 CMakeFiles/smart_flowerpot_project.elf.dir/Drivers/STM32F4xx_HAL_Driver/Src/stm32f4xx_hal.c.obj
 .debug_frame   0x0000069c      0x28c CMakeFiles/smart_flowerpot_project.elf.dir/Drivers/STM32F4xx_HAL_Driver/Src/stm32f4xx_hal_adc.c.obj
 .debug_frame   0x00000928      0x19c CMakeFiles/smart_flowerpot_project.elf.dir/Drivers/STM32F4xx_HAL_Driver/Src/stm32f4xx_hal_cortex.c.obj
 .debug_frame   0x00000ac4      0x190 CMakeFiles/smart_flowerpot_project.elf.dir/Drivers/STM32F4xx_HAL_Driver/Src/stm32f4xx_hal_dma.c.obj
 .debug_frame   0x00000c54       0xfc CMakeFiles/smart_flowerpot_project.elf.dir/Drivers/STM32F4xx_HAL_Driver/Src/stm32f4xx_hal_gpio.c.obj
 .debug_frame   0x00000d50      0x97c CMakeFiles/smart_flowerpot_project.elf.dir/Drivers/STM32F4xx_HAL_Driver/Src/stm32f4xx_hal_i2c.c.obj
 .debug_frame   0x000016cc      0x324 CMakeFiles/smart_flowerpot_project.elf.dir/Drivers/STM32F4xx_HAL_Driver/Src/stm32f4xx_hal_i2s.c.obj
 .debug_frame   0x000019f0      0x198 CMakeFiles/smart_flowerpot_project.elf.dir/Drivers/STM32F4xx_HAL_Driver/Src/stm32f4xx_hal_i2s_ex.c.obj
 .debug_frame   0x00001b88      0x174 CMakeFiles/smart_flowerpot_project.elf.dir/Drivers/STM32F4xx_HAL_Driver/Src/stm32f4xx_hal_rcc.c.obj
 .debug_frame   0x00001cfc       0xbc CMakeFiles/smart_flowerpot_project.elf.dir/Drivers/STM32F4xx_HAL_Driver/Src/stm32f4xx_hal_rcc_ex.c.obj
 .debug_frame   0x00001db8      0x5ac CMakeFiles/smart_flowerpot_project.elf.dir/Drivers/STM32F4xx_HAL_Driver/Src/stm32f4xx_hal_spi.c.obj
 .debug_frame   0x00002364      0xb1c CMakeFiles/smart_flowerpot_project.elf.dir/Drivers/STM32F4xx_HAL_Driver/Src/stm32f4xx_hal_tim.c.obj
 .debug_frame   0x00002e80      0x404 CMakeFiles/smart_flowerpot_project.elf.dir/Drivers/STM32F4xx_HAL_Driver/Src/stm32f4xx_hal_tim_ex.c.obj
 .debug_frame   0x00003284       0xac c:/progra~2/gnuarm~1/92020-~1/bin/../lib/gcc/arm-none-eabi/9.3.1/thumb/v7e-m/nofp\libgcc.a(_arm_addsubdf3.o)
 .debug_frame   0x00003330       0xc4 c:/progra~2/gnuarm~1/92020-~1/bin/../lib/gcc/arm-none-eabi/9.3.1/thumb/v7e-m/nofp\libgcc.a(_arm_cmpdf2.o)
 .debug_frame   0x000033f4       0x4c c:/progra~2/gnuarm~1/92020-~1/bin/../lib/gcc/arm-none-eabi/9.3.1/thumb/v7e-m/nofp\libgcc.a(_arm_addsubsf3.o)
 .debug_frame   0x00003440       0x38 c:/progra~2/gnuarm~1/92020-~1/bin/../lib/gcc/arm-none-eabi/9.3.1/thumb/v7e-m/nofp\libgcc.a(_arm_muldivsf3.o)
 .debug_frame   0x00003478       0xc8 c:/progra~2/gnuarm~1/92020-~1/bin/../lib/gcc/arm-none-eabi/9.3.1/thumb/v7e-m/nofp\libgcc.a(_arm_cmpsf2.o)
 .debug_frame   0x00003540       0x2c c:/progra~2/gnuarm~1/92020-~1/bin/../lib/gcc/arm-none-eabi/9.3.1/thumb/v7e-m/nofp\libgcc.a(_aeabi_uldivmod.o)
 .debug_frame   0x0000356c       0x34 c:/progra~2/gnuarm~1/92020-~1/bin/../lib/gcc/arm-none-eabi/9.3.1/thumb/v7e-m/nofp\libgcc.a(_udivmoddi4.o)
 .debug_frame   0x000035a0       0x2c c:/progra~2/gnuarm~1/92020-~1/bin/../lib/gcc/arm-none-eabi/9.3.1/../../../../arm-none-eabi/lib/thumb/v7e-m/nofp\libg.a(lib_a-init.o)
 .debug_frame   0x000035cc       0x38 c:/progra~2/gnuarm~1/92020-~1/bin/../lib/gcc/arm-none-eabi/9.3.1/../../../../arm-none-eabi/lib/thumb/v7e-m/nofp\libg.a(lib_a-memset.o)
 .debug_frame   0x00003604       0x5c c:/progra~2/gnuarm~1/92020-~1/bin/../lib/gcc/arm-none-eabi/9.3.1/../../../../arm-none-eabi/lib/thumb/v7e-m/nofp\libg.a(lib_a-__call_atexit.o)
 .debug_frame   0x00003660       0x20 c:/progra~2/gnuarm~1/92020-~1/bin/../lib/gcc/arm-none-eabi/9.3.1/../../../../arm-none-eabi/lib/thumb/v7e-m/nofp\libg.a(lib_a-atexit.o)
 .debug_frame   0x00003680       0x34 c:/progra~2/gnuarm~1/92020-~1/bin/../lib/gcc/arm-none-eabi/9.3.1/../../../../arm-none-eabi/lib/thumb/v7e-m/nofp\libg.a(lib_a-fini.o)
 .debug_frame   0x000036b4       0xb0 c:/progra~2/gnuarm~1/92020-~1/bin/../lib/gcc/arm-none-eabi/9.3.1/../../../../arm-none-eabi/lib/thumb/v7e-m/nofp\libg.a(lib_a-lock.o)
 .debug_frame   0x00003764       0x34 c:/progra~2/gnuarm~1/92020-~1/bin/../lib/gcc/arm-none-eabi/9.3.1/../../../../arm-none-eabi/lib/thumb/v7e-m/nofp\libg.a(lib_a-__atexit.o)
