Archive member included to satisfy reference by file (symbol)

/usr/lib/gcc/arm-none-eabi/10.2.0/thumb/v7e-m/nofp/libgcc.a(_aeabi_uldivmod.o)
                              CMakeFiles/stuff_adc.elf.dir/Drivers/STM32F4xx_HAL_Driver/Src/stm32f4xx_hal_rcc.c.obj (__aeabi_uldivmod)
/usr/lib/gcc/arm-none-eabi/10.2.0/thumb/v7e-m/nofp/libgcc.a(_udivmoddi4.o)
                              /usr/lib/gcc/arm-none-eabi/10.2.0/thumb/v7e-m/nofp/libgcc.a(_aeabi_uldivmod.o) (__udivmoddi4)
/usr/lib/gcc/arm-none-eabi/10.2.0/thumb/v7e-m/nofp/libgcc.a(_dvmd_tls.o)
                              /usr/lib/gcc/arm-none-eabi/10.2.0/thumb/v7e-m/nofp/libgcc.a(_aeabi_uldivmod.o) (__aeabi_ldiv0)
/usr/lib/gcc/arm-none-eabi/10.2.0/../../../../arm-none-eabi/lib/thumb/v7e-m/nofp/libg.a(lib_a-atexit.o)
                              /usr/lib/gcc/arm-none-eabi/10.2.0/../../../../arm-none-eabi/lib/thumb/v7e-m/nofp/crt0.o (atexit)
/usr/lib/gcc/arm-none-eabi/10.2.0/../../../../arm-none-eabi/lib/thumb/v7e-m/nofp/libg.a(lib_a-errno.o)
                              CMakeFiles/stuff_adc.elf.dir/Core/Src/syscalls.c.obj (__errno)
/usr/lib/gcc/arm-none-eabi/10.2.0/../../../../arm-none-eabi/lib/thumb/v7e-m/nofp/libg.a(lib_a-exit.o)
                              /usr/lib/gcc/arm-none-eabi/10.2.0/../../../../arm-none-eabi/lib/thumb/v7e-m/nofp/crt0.o (exit)
/usr/lib/gcc/arm-none-eabi/10.2.0/../../../../arm-none-eabi/lib/thumb/v7e-m/nofp/libg.a(lib_a-fini.o)
                              /usr/lib/gcc/arm-none-eabi/10.2.0/../../../../arm-none-eabi/lib/thumb/v7e-m/nofp/crt0.o (__libc_fini_array)
/usr/lib/gcc/arm-none-eabi/10.2.0/../../../../arm-none-eabi/lib/thumb/v7e-m/nofp/libg.a(lib_a-impure.o)
                              /usr/lib/gcc/arm-none-eabi/10.2.0/../../../../arm-none-eabi/lib/thumb/v7e-m/nofp/libg.a(lib_a-exit.o) (_global_impure_ptr)
/usr/lib/gcc/arm-none-eabi/10.2.0/../../../../arm-none-eabi/lib/thumb/v7e-m/nofp/libg.a(lib_a-init.o)
                              /usr/lib/gcc/arm-none-eabi/10.2.0/../../../../arm-none-eabi/lib/thumb/v7e-m/nofp/crt0.o (__libc_init_array)
/usr/lib/gcc/arm-none-eabi/10.2.0/../../../../arm-none-eabi/lib/thumb/v7e-m/nofp/libg.a(lib_a-malloc.o)
                              CMakeFiles/stuff_adc.elf.dir/Middlewares/ST/STM32_USB_Host_Library/Class/CDC/Src/usbh_cdc.c.obj (malloc)
/usr/lib/gcc/arm-none-eabi/10.2.0/../../../../arm-none-eabi/lib/thumb/v7e-m/nofp/libg.a(lib_a-mallocr.o)
                              /usr/lib/gcc/arm-none-eabi/10.2.0/../../../../arm-none-eabi/lib/thumb/v7e-m/nofp/libg.a(lib_a-malloc.o) (_malloc_r)
/usr/lib/gcc/arm-none-eabi/10.2.0/../../../../arm-none-eabi/lib/thumb/v7e-m/nofp/libg.a(lib_a-memset.o)
                              /usr/lib/gcc/arm-none-eabi/10.2.0/../../../../arm-none-eabi/lib/thumb/v7e-m/nofp/crt0.o (memset)
/usr/lib/gcc/arm-none-eabi/10.2.0/../../../../arm-none-eabi/lib/thumb/v7e-m/nofp/libg.a(lib_a-mlock.o)
                              /usr/lib/gcc/arm-none-eabi/10.2.0/../../../../arm-none-eabi/lib/thumb/v7e-m/nofp/libg.a(lib_a-mallocr.o) (__malloc_lock)
/usr/lib/gcc/arm-none-eabi/10.2.0/../../../../arm-none-eabi/lib/thumb/v7e-m/nofp/libg.a(lib_a-sbrkr.o)
                              /usr/lib/gcc/arm-none-eabi/10.2.0/../../../../arm-none-eabi/lib/thumb/v7e-m/nofp/libg.a(lib_a-mallocr.o) (_sbrk_r)
/usr/lib/gcc/arm-none-eabi/10.2.0/../../../../arm-none-eabi/lib/thumb/v7e-m/nofp/libg.a(lib_a-__atexit.o)
                              /usr/lib/gcc/arm-none-eabi/10.2.0/../../../../arm-none-eabi/lib/thumb/v7e-m/nofp/libg.a(lib_a-atexit.o) (__register_exitproc)
/usr/lib/gcc/arm-none-eabi/10.2.0/../../../../arm-none-eabi/lib/thumb/v7e-m/nofp/libg.a(lib_a-__call_atexit.o)
                              /usr/lib/gcc/arm-none-eabi/10.2.0/../../../../arm-none-eabi/lib/thumb/v7e-m/nofp/libg.a(lib_a-exit.o) (__call_exitprocs)
/usr/lib/gcc/arm-none-eabi/10.2.0/../../../../arm-none-eabi/lib/thumb/v7e-m/nofp/libg.a(lib_a-freer.o)
                              /usr/lib/gcc/arm-none-eabi/10.2.0/../../../../arm-none-eabi/lib/thumb/v7e-m/nofp/libg.a(lib_a-malloc.o) (_free_r)
/usr/lib/gcc/arm-none-eabi/10.2.0/../../../../arm-none-eabi/lib/thumb/v7e-m/nofp/libg.a(lib_a-lock.o)
                              /usr/lib/gcc/arm-none-eabi/10.2.0/../../../../arm-none-eabi/lib/thumb/v7e-m/nofp/libg.a(lib_a-mlock.o) (__retarget_lock_acquire_recursive)
/usr/lib/gcc/arm-none-eabi/10.2.0/../../../../arm-none-eabi/lib/thumb/v7e-m/nofp/libg.a(lib_a-reent.o)
                              /usr/lib/gcc/arm-none-eabi/10.2.0/../../../../arm-none-eabi/lib/thumb/v7e-m/nofp/libg.a(lib_a-sbrkr.o) (errno)

Allocating common symbols
Common symbol       size              file

__lock___atexit_recursive_mutex
                    0x1               /usr/lib/gcc/arm-none-eabi/10.2.0/../../../../arm-none-eabi/lib/thumb/v7e-m/nofp/libg.a(lib_a-lock.o)
__lock___arc4random_mutex
                    0x1               /usr/lib/gcc/arm-none-eabi/10.2.0/../../../../arm-none-eabi/lib/thumb/v7e-m/nofp/libg.a(lib_a-lock.o)
[...]
Memory Configuration

Name             Origin             Length             Attributes
RAM              0x0000000020000000 0x0000000000020000 xrw
FLASH            0x0000000008000000 0x0000000000080000 xr
*default*        0x0000000000000000 0xffffffffffffffff

Linker script and memory map

LOAD /usr/lib/gcc/arm-none-eabi/10.2.0/thumb/v7e-m/nofp/crti.o
LOAD /usr/lib/gcc/arm-none-eabi/10.2.0/thumb/v7e-m/nofp/crtbegin.o
LOAD /usr/lib/gcc/arm-none-eabi/10.2.0/../../../../arm-none-eabi/lib/thumb/v7e-m/nofp/crt0.o
LOAD CMakeFiles/stuff_adc.elf.dir/Core/Src/main.c.obj
LOAD CMakeFiles/stuff_adc.elf.dir/Core/Src/stm32f4xx_hal_msp.c.obj
LOAD CMakeFiles/stuff_adc.elf.dir/Core/Src/stm32f4xx_it.c.obj
LOAD CMakeFiles/stuff_adc.elf.dir/Core/Src/syscalls.c.obj
LOAD CMakeFiles/stuff_adc.elf.dir/Core/Src/sysmem.c.obj
LOAD CMakeFiles/stuff_adc.elf.dir/Core/Src/system_stm32f4xx.c.obj
LOAD CMakeFiles/stuff_adc.elf.dir/Core/Startup/startup_stm32f411vetx.s.obj
LOAD CMakeFiles/stuff_adc.elf.dir/Drivers/STM32F4xx_HAL_Driver/Src/stm32f4xx_hal.c.obj
LOAD CMakeFiles/stuff_adc.elf.dir/Drivers/STM32F4xx_HAL_Driver/Src/stm32f4xx_hal_adc.c.obj
LOAD CMakeFiles/stuff_adc.elf.dir/Drivers/STM32F4xx_HAL_Driver/Src/stm32f4xx_hal_adc_ex.c.obj
LOAD CMakeFiles/stuff_adc.elf.dir/Drivers/STM32F4xx_HAL_Driver/Src/stm32f4xx_hal_cortex.c.obj
LOAD CMakeFiles/stuff_adc.elf.dir/Drivers/STM32F4xx_HAL_Driver/Src/stm32f4xx_hal_dma.c.obj
LOAD CMakeFiles/stuff_adc.elf.dir/Drivers/STM32F4xx_HAL_Driver/Src/stm32f4xx_hal_dma_ex.c.obj
LOAD CMakeFiles/stuff_adc.elf.dir/Drivers/STM32F4xx_HAL_Driver/Src/stm32f4xx_hal_exti.c.obj
LOAD CMakeFiles/stuff_adc.elf.dir/Drivers/STM32F4xx_HAL_Driver/Src/stm32f4xx_hal_flash.c.obj
LOAD CMakeFiles/stuff_adc.elf.dir/Drivers/STM32F4xx_HAL_Driver/Src/stm32f4xx_hal_flash_ex.c.obj
LOAD CMakeFiles/stuff_adc.elf.dir/Drivers/STM32F4xx_HAL_Driver/Src/stm32f4xx_hal_flash_ramfunc.c.obj
LOAD CMakeFiles/stuff_adc.elf.dir/Drivers/STM32F4xx_HAL_Driver/Src/stm32f4xx_hal_gpio.c.obj
LOAD CMakeFiles/stuff_adc.elf.dir/Drivers/STM32F4xx_HAL_Driver/Src/stm32f4xx_hal_hcd.c.obj
LOAD CMakeFiles/stuff_adc.elf.dir/Drivers/STM32F4xx_HAL_Driver/Src/stm32f4xx_hal_i2c.c.obj
LOAD CMakeFiles/stuff_adc.elf.dir/Drivers/STM32F4xx_HAL_Driver/Src/stm32f4xx_hal_i2c_ex.c.obj
LOAD CMakeFiles/stuff_adc.elf.dir/Drivers/STM32F4xx_HAL_Driver/Src/stm32f4xx_hal_i2s.c.obj
LOAD CMakeFiles/stuff_adc.elf.dir/Drivers/STM32F4xx_HAL_Driver/Src/stm32f4xx_hal_i2s_ex.c.obj
LOAD CMakeFiles/stuff_adc.elf.dir/Drivers/STM32F4xx_HAL_Driver/Src/stm32f4xx_hal_pwr.c.obj
LOAD CMakeFiles/stuff_adc.elf.dir/Drivers/STM32F4xx_HAL_Driver/Src/stm32f4xx_hal_pwr_ex.c.obj
LOAD CMakeFiles/stuff_adc.elf.dir/Drivers/STM32F4xx_HAL_Driver/Src/stm32f4xx_hal_rcc.c.obj
LOAD CMakeFiles/stuff_adc.elf.dir/Drivers/STM32F4xx_HAL_Driver/Src/stm32f4xx_hal_rcc_ex.c.obj
LOAD CMakeFiles/stuff_adc.elf.dir/Drivers/STM32F4xx_HAL_Driver/Src/stm32f4xx_hal_spi.c.obj
LOAD CMakeFiles/stuff_adc.elf.dir/Drivers/STM32F4xx_HAL_Driver/Src/stm32f4xx_hal_tim.c.obj
LOAD CMakeFiles/stuff_adc.elf.dir/Drivers/STM32F4xx_HAL_Driver/Src/stm32f4xx_hal_tim_ex.c.obj
LOAD CMakeFiles/stuff_adc.elf.dir/Drivers/STM32F4xx_HAL_Driver/Src/stm32f4xx_ll_usb.c.obj
LOAD CMakeFiles/stuff_adc.elf.dir/Middlewares/ST/STM32_USB_Host_Library/Class/CDC/Src/usbh_cdc.c.obj
LOAD CMakeFiles/stuff_adc.elf.dir/Middlewares/ST/STM32_USB_Host_Library/Core/Src/usbh_core.c.obj
LOAD CMakeFiles/stuff_adc.elf.dir/Middlewares/ST/STM32_USB_Host_Library/Core/Src/usbh_ctlreq.c.obj
LOAD CMakeFiles/stuff_adc.elf.dir/Middlewares/ST/STM32_USB_Host_Library/Core/Src/usbh_ioreq.c.obj
LOAD CMakeFiles/stuff_adc.elf.dir/Middlewares/ST/STM32_USB_Host_Library/Core/Src/usbh_pipes.c.obj
LOAD CMakeFiles/stuff_adc.elf.dir/USB_HOST/App/usb_host.c.obj
LOAD CMakeFiles/stuff_adc.elf.dir/USB_HOST/Target/usbh_conf.c.obj
LOAD CMakeFiles/stuff_adc.elf.dir/USB_HOST/Target/usbh_platform.c.obj
START GROUP
LOAD /usr/lib/gcc/arm-none-eabi/10.2.0/thumb/v7e-m/nofp/libgcc.a
LOAD /usr/lib/gcc/arm-none-eabi/10.2.0/../../../../arm-none-eabi/lib/thumb/v7e-m/nofp/libg.a
LOAD /usr/lib/gcc/arm-none-eabi/10.2.0/../../../../arm-none-eabi/lib/thumb/v7e-m/nofp/libc.a
END GROUP
LOAD /usr/lib/gcc/arm-none-eabi/10.2.0/thumb/v7e-m/nofp/crtend.o
LOAD /usr/lib/gcc/arm-none-eabi/10.2.0/thumb/v7e-m/nofp/crtn.o
                0x0000000020020000                _estack = (ORIGIN (RAM) + LENGTH (RAM))
                0x0000000000000200                _Min_Heap_Size = 0x200
                0x0000000000000400                _Min_Stack_Size = 0x400

.isr_vector     0x0000000008000000      0x198
                0x0000000008000000                . = ALIGN (0x4)
 *(.isr_vector)
 .isr_vector    0x0000000008000000      0x198 CMakeFiles/stuff_adc.elf.dir/Core/Startup/startup_stm32f411vetx.s.obj
                0x0000000008000000                g_pfnVectors
                0x0000000008000198                . = ALIGN (0x4)

.text           0x0000000008000198     0x5b38
                0x0000000008000198                . = ALIGN (0x4)
 *(.text)
 .text          0x0000000008000198       0x30 /usr/lib/gcc/arm-none-eabi/10.2.0/thumb/v7e-m/nofp/libgcc.a(_aeabi_uldivmod.o)
                0x0000000008000198                __aeabi_uldivmod
 .text          0x00000000080001c8        0x4 /usr/lib/gcc/arm-none-eabi/10.2.0/thumb/v7e-m/nofp/libgcc.a(_dvmd_tls.o)
                0x00000000080001c8                __aeabi_ldiv0
                0x00000000080001c8                __aeabi_idiv0
 *(.text*)
 .text.__do_global_dtors_aux
                0x00000000080001cc       0x24 /usr/lib/gcc/arm-none-eabi/10.2.0/thumb/v7e-m/nofp/crtbegin.o
 .text.frame_dummy
                0x00000000080001f0       0x1c /usr/lib/gcc/arm-none-eabi/10.2.0/thumb/v7e-m/nofp/crtbegin.o
 .text.MX_GPIO_Init
                0x000000000800020c      0x174 CMakeFiles/stuff_adc.elf.dir/Core/Src/main.c.obj
 .text.MX_ADC1_Init
                0x0000000008000380       0x5c CMakeFiles/stuff_adc.elf.dir/Core/Src/main.c.obj
 .text.MX_I2C1_Init
                0x00000000080003dc       0x34 CMakeFiles/stuff_adc.elf.dir/Core/Src/main.c.obj
 .text.MX_I2S2_Init
                0x0000000008000410       0x34 CMakeFiles/stuff_adc.elf.dir/Core/Src/main.c.obj
 .text.MX_I2S3_Init
                0x0000000008000444       0x34 CMakeFiles/stuff_adc.elf.dir/Core/Src/main.c.obj
 .text.MX_SPI1_Init
                0x0000000008000478       0x38 CMakeFiles/stuff_adc.elf.dir/Core/Src/main.c.obj
 .text.MX_TIM2_Init
                0x00000000080004b0       0x58 CMakeFiles/stuff_adc.elf.dir/Core/Src/main.c.obj
 .text.HAL_ADC_ConvCpltCallback
                0x0000000008000508       0x30 CMakeFiles/stuff_adc.elf.dir/Core/Src/main.c.obj
                0x0000000008000508                HAL_ADC_ConvCpltCallback
 .text.SystemClock_Config
                0x0000000008000538       0xb0 CMakeFiles/stuff_adc.elf.dir/Core/Src/main.c.obj
                0x0000000008000538                SystemClock_Config
 .text.main     0x00000000080005e8       0xac CMakeFiles/stuff_adc.elf.dir/Core/Src/main.c.obj
                0x00000000080005e8                main
 .text.Error_Handler
                0x0000000008000694        0x2 CMakeFiles/stuff_adc.elf.dir/Core/Src/main.c.obj
                0x0000000008000694                Error_Handler
 *fill*         0x0000000008000696        0x2 
 .text.HAL_MspInit
                0x0000000008000698       0x40 CMakeFiles/stuff_adc.elf.dir/Core/Src/stm32f4xx_hal_msp.c.obj
                0x0000000008000698                HAL_MspInit
 .text.HAL_ADC_MspInit
                0x00000000080006d8       0x78 CMakeFiles/stuff_adc.elf.dir/Core/Src/stm32f4xx_hal_msp.c.obj
                0x00000000080006d8                HAL_ADC_MspInit
 .text.HAL_I2C_MspInit
                0x0000000008000750       0x74 CMakeFiles/stuff_adc.elf.dir/Core/Src/stm32f4xx_hal_msp.c.obj
                0x0000000008000750                HAL_I2C_MspInit
 .text.HAL_I2S_MspInit
                0x00000000080007c4      0x12c CMakeFiles/stuff_adc.elf.dir/Core/Src/stm32f4xx_hal_msp.c.obj
                0x00000000080007c4                HAL_I2S_MspInit
 .text.HAL_SPI_MspInit
                0x00000000080008f0       0x70 CMakeFiles/stuff_adc.elf.dir/Core/Src/stm32f4xx_hal_msp.c.obj
                0x00000000080008f0                HAL_SPI_MspInit
 .text.HAL_TIM_Base_MspInit
                0x0000000008000960       0x2c CMakeFiles/stuff_adc.elf.dir/Core/Src/stm32f4xx_hal_msp.c.obj
                0x0000000008000960                HAL_TIM_Base_MspInit
 .text.NMI_Handler
                0x000000000800098c        0x2 CMakeFiles/stuff_adc.elf.dir/Core/Src/stm32f4xx_it.c.obj
                0x000000000800098c                NMI_Handler
 .text.HardFault_Handler
                0x000000000800098e        0x2 CMakeFiles/stuff_adc.elf.dir/Core/Src/stm32f4xx_it.c.obj
                0x000000000800098e                HardFault_Handler
 .text.MemManage_Handler
                0x0000000008000990        0x2 CMakeFiles/stuff_adc.elf.dir/Core/Src/stm32f4xx_it.c.obj
                0x0000000008000990                MemManage_Handler
 .text.BusFault_Handler
                0x0000000008000992        0x2 CMakeFiles/stuff_adc.elf.dir/Core/Src/stm32f4xx_it.c.obj
                0x0000000008000992                BusFault_Handler
 .text.UsageFault_Handler
                0x0000000008000994        0x2 CMakeFiles/stuff_adc.elf.dir/Core/Src/stm32f4xx_it.c.obj
                0x0000000008000994                UsageFault_Handler
 .text.SVC_Handler
                0x0000000008000996        0x2 CMakeFiles/stuff_adc.elf.dir/Core/Src/stm32f4xx_it.c.obj
                0x0000000008000996                SVC_Handler
 .text.DebugMon_Handler
                0x0000000008000998        0x2 CMakeFiles/stuff_adc.elf.dir/Core/Src/stm32f4xx_it.c.obj
                0x0000000008000998                DebugMon_Handler
 .text.PendSV_Handler
                0x000000000800099a        0x2 CMakeFiles/stuff_adc.elf.dir/Core/Src/stm32f4xx_it.c.obj
                0x000000000800099a                PendSV_Handler
 .text.SysTick_Handler
                0x000000000800099c        0x8 CMakeFiles/stuff_adc.elf.dir/Core/Src/stm32f4xx_it.c.obj
                0x000000000800099c                SysTick_Handler
 .text.ADC_IRQHandler
                0x00000000080009a4       0x10 CMakeFiles/stuff_adc.elf.dir/Core/Src/stm32f4xx_it.c.obj
                0x00000000080009a4                ADC_IRQHandler
 .text.OTG_FS_IRQHandler
                0x00000000080009b4       0x10 CMakeFiles/stuff_adc.elf.dir/Core/Src/stm32f4xx_it.c.obj
                0x00000000080009b4                OTG_FS_IRQHandler
 .text._sbrk    0x00000000080009c4       0x48 CMakeFiles/stuff_adc.elf.dir/Core/Src/sysmem.c.obj
                0x00000000080009c4                _sbrk
 .text.SystemInit
                0x0000000008000a0c       0x10 CMakeFiles/stuff_adc.elf.dir/Core/Src/system_stm32f4xx.c.obj
                0x0000000008000a0c                SystemInit
 .text.Reset_Handler
                0x0000000008000a1c       0x50 CMakeFiles/stuff_adc.elf.dir/Core/Startup/startup_stm32f411vetx.s.obj
                0x0000000008000a1c                Reset_Handler
 .text.Default_Handler
                0x0000000008000a6c        0x2 CMakeFiles/stuff_adc.elf.dir/Core/Startup/startup_stm32f411vetx.s.obj
                0x0000000008000a6c                RTC_Alarm_IRQHandler
                0x0000000008000a6c                EXTI2_IRQHandler
                0x0000000008000a6c                SPI4_IRQHandler
                0x0000000008000a6c                TIM1_CC_IRQHandler
                0x0000000008000a6c                DMA2_Stream5_IRQHandler
                0x0000000008000a6c                DMA1_Stream5_IRQHandler
                0x0000000008000a6c                PVD_IRQHandler
                0x0000000008000a6c                SDIO_IRQHandler
                0x0000000008000a6c                TAMP_STAMP_IRQHandler
                0x0000000008000a6c                EXTI3_IRQHandler
                0x0000000008000a6c                TIM1_UP_TIM10_IRQHandler
                0x0000000008000a6c                I2C3_ER_IRQHandler
                0x0000000008000a6c                EXTI0_IRQHandler
                0x0000000008000a6c                I2C2_EV_IRQHandler
                0x0000000008000a6c                DMA1_Stream2_IRQHandler
                0x0000000008000a6c                FPU_IRQHandler
                0x0000000008000a6c                DMA2_Stream2_IRQHandler
                0x0000000008000a6c                SPI1_IRQHandler
                0x0000000008000a6c                TIM1_BRK_TIM9_IRQHandler
                0x0000000008000a6c                DMA2_Stream3_IRQHandler
                0x0000000008000a6c                USART6_IRQHandler
                0x0000000008000a6c                DMA2_Stream0_IRQHandler
                0x0000000008000a6c                TIM4_IRQHandler
                0x0000000008000a6c                I2C1_EV_IRQHandler
                0x0000000008000a6c                DMA1_Stream6_IRQHandler
                0x0000000008000a6c                DMA1_Stream1_IRQHandler
                0x0000000008000a6c                TIM3_IRQHandler
                0x0000000008000a6c                RCC_IRQHandler
                0x0000000008000a6c                Default_Handler
                0x0000000008000a6c                EXTI15_10_IRQHandler
                0x0000000008000a6c                DMA1_Stream7_IRQHandler
                0x0000000008000a6c                SPI5_IRQHandler
                0x0000000008000a6c                TIM5_IRQHandler
                0x0000000008000a6c                DMA2_Stream7_IRQHandler
                0x0000000008000a6c                I2C3_EV_IRQHandler
                0x0000000008000a6c                EXTI9_5_IRQHandler
                0x0000000008000a6c                RTC_WKUP_IRQHandler
                0x0000000008000a6c                SPI2_IRQHandler
                0x0000000008000a6c                DMA1_Stream0_IRQHandler
                0x0000000008000a6c                EXTI4_IRQHandler
                0x0000000008000a6c                WWDG_IRQHandler
                0x0000000008000a6c                TIM2_IRQHandler
                0x0000000008000a6c                OTG_FS_WKUP_IRQHandler
                0x0000000008000a6c                TIM1_TRG_COM_TIM11_IRQHandler
                0x0000000008000a6c                EXTI1_IRQHandler
                0x0000000008000a6c                USART2_IRQHandler
                0x0000000008000a6c                I2C2_ER_IRQHandler
                0x0000000008000a6c                DMA2_Stream1_IRQHandler
                0x0000000008000a6c                FLASH_IRQHandler
                0x0000000008000a6c                DMA2_Stream4_IRQHandler
                0x0000000008000a6c                USART1_IRQHandler
                0x0000000008000a6c                SPI3_IRQHandler
                0x0000000008000a6c                DMA1_Stream4_IRQHandler
                0x0000000008000a6c                I2C1_ER_IRQHandler
                0x0000000008000a6c                DMA2_Stream6_IRQHandler
                0x0000000008000a6c                DMA1_Stream3_IRQHandler
 *fill*         0x0000000008000a6e        0x2 
 .text.HAL_InitTick
                0x0000000008000a70       0x4c CMakeFiles/stuff_adc.elf.dir/Drivers/STM32F4xx_HAL_Driver/Src/stm32f4xx_hal.c.obj
                0x0000000008000a70                HAL_InitTick
 .text.HAL_Init
                0x0000000008000abc       0x34 CMakeFiles/stuff_adc.elf.dir/Drivers/STM32F4xx_HAL_Driver/Src/stm32f4xx_hal.c.obj
                0x0000000008000abc                HAL_Init
 .text.HAL_IncTick
                0x0000000008000af0       0x18 CMakeFiles/stuff_adc.elf.dir/Drivers/STM32F4xx_HAL_Driver/Src/stm32f4xx_hal.c.obj
                0x0000000008000af0                HAL_IncTick
 .text.HAL_GetTick
                0x0000000008000b08        0xc CMakeFiles/stuff_adc.elf.dir/Drivers/STM32F4xx_HAL_Driver/Src/stm32f4xx_hal.c.obj
                0x0000000008000b08                HAL_GetTick
 .text.HAL_Delay
                0x0000000008000b14       0x28 CMakeFiles/stuff_adc.elf.dir/Drivers/STM32F4xx_HAL_Driver/Src/stm32f4xx_hal.c.obj
                0x0000000008000b14                HAL_Delay
 .text.ADC_Init
                0x0000000008000b3c      0x134 CMakeFiles/stuff_adc.elf.dir/Drivers/STM32F4xx_HAL_Driver/Src/stm32f4xx_hal_adc.c.obj
 .text.HAL_ADC_Init
                0x0000000008000c70       0x56 CMakeFiles/stuff_adc.elf.dir/Drivers/STM32F4xx_HAL_Driver/Src/stm32f4xx_hal_adc.c.obj
                0x0000000008000c70                HAL_ADC_Init
 *fill*         0x0000000008000cc6        0x2 
 .text.HAL_ADC_Start
                0x0000000008000cc8       0xf8 CMakeFiles/stuff_adc.elf.dir/Drivers/STM32F4xx_HAL_Driver/Src/stm32f4xx_hal_adc.c.obj
                0x0000000008000cc8                HAL_ADC_Start
 .text.HAL_ADC_Stop
                0x0000000008000dc0       0x40 CMakeFiles/stuff_adc.elf.dir/Drivers/STM32F4xx_HAL_Driver/Src/stm32f4xx_hal_adc.c.obj
                0x0000000008000dc0                HAL_ADC_Stop
 .text.HAL_ADC_PollForConversion
                0x0000000008000e00       0xac CMakeFiles/stuff_adc.elf.dir/Drivers/STM32F4xx_HAL_Driver/Src/stm32f4xx_hal_adc.c.obj
                0x0000000008000e00                HAL_ADC_PollForConversion
 .text.HAL_ADC_Start_IT
                0x0000000008000eac      0x108 CMakeFiles/stuff_adc.elf.dir/Drivers/STM32F4xx_HAL_Driver/Src/stm32f4xx_hal_adc.c.obj
                0x0000000008000eac                HAL_ADC_Start_IT
 .text.HAL_ADC_GetValue
                0x0000000008000fb4        0x6 CMakeFiles/stuff_adc.elf.dir/Drivers/STM32F4xx_HAL_Driver/Src/stm32f4xx_hal_adc.c.obj
                0x0000000008000fb4                HAL_ADC_GetValue
 .text.HAL_ADC_LevelOutOfWindowCallback
                0x0000000008000fba        0x2 CMakeFiles/stuff_adc.elf.dir/Drivers/STM32F4xx_HAL_Driver/Src/stm32f4xx_hal_adc.c.obj
                0x0000000008000fba                HAL_ADC_LevelOutOfWindowCallback
 .text.HAL_ADC_ErrorCallback
                0x0000000008000fbc        0x2 CMakeFiles/stuff_adc.elf.dir/Drivers/STM32F4xx_HAL_Driver/Src/stm32f4xx_hal_adc.c.obj
                0x0000000008000fbc                HAL_ADC_ErrorCallback
 .text.HAL_ADC_IRQHandler
                0x0000000008000fbe      0x14e CMakeFiles/stuff_adc.elf.dir/Drivers/STM32F4xx_HAL_Driver/Src/stm32f4xx_hal_adc.c.obj
                0x0000000008000fbe                HAL_ADC_IRQHandler
 .text.HAL_ADC_ConfigChannel
                0x000000000800110c      0x1ac CMakeFiles/stuff_adc.elf.dir/Drivers/STM32F4xx_HAL_Driver/Src/stm32f4xx_hal_adc.c.obj
                0x000000000800110c                HAL_ADC_ConfigChannel
 .text.HAL_ADCEx_InjectedConvCpltCallback
                0x00000000080012b8        0x2 CMakeFiles/stuff_adc.elf.dir/Drivers/STM32F4xx_HAL_Driver/Src/stm32f4xx_hal_adc_ex.c.obj
                0x00000000080012b8                HAL_ADCEx_InjectedConvCpltCallback
 *fill*         0x00000000080012ba        0x2 
 .text.HAL_NVIC_SetPriorityGrouping
                0x00000000080012bc       0x24 CMakeFiles/stuff_adc.elf.dir/Drivers/STM32F4xx_HAL_Driver/Src/stm32f4xx_hal_cortex.c.obj
                0x00000000080012bc                HAL_NVIC_SetPriorityGrouping
 .text.HAL_NVIC_SetPriority
                0x00000000080012e0       0x70 CMakeFiles/stuff_adc.elf.dir/Drivers/STM32F4xx_HAL_Driver/Src/stm32f4xx_hal_cortex.c.obj
                0x00000000080012e0                HAL_NVIC_SetPriority
 .text.HAL_NVIC_EnableIRQ
                0x0000000008001350       0x1c CMakeFiles/stuff_adc.elf.dir/Drivers/STM32F4xx_HAL_Driver/Src/stm32f4xx_hal_cortex.c.obj
                0x0000000008001350                HAL_NVIC_EnableIRQ
 .text.HAL_SYSTICK_Config
                0x000000000800136c       0x28 CMakeFiles/stuff_adc.elf.dir/Drivers/STM32F4xx_HAL_Driver/Src/stm32f4xx_hal_cortex.c.obj
                0x000000000800136c                HAL_SYSTICK_Config
 .text.HAL_GPIO_Init
                0x0000000008001394      0x1ac CMakeFiles/stuff_adc.elf.dir/Drivers/STM32F4xx_HAL_Driver/Src/stm32f4xx_hal_gpio.c.obj
                0x0000000008001394                HAL_GPIO_Init
 .text.HAL_GPIO_WritePin
                0x0000000008001540        0xc CMakeFiles/stuff_adc.elf.dir/Drivers/STM32F4xx_HAL_Driver/Src/stm32f4xx_hal_gpio.c.obj
                0x0000000008001540                HAL_GPIO_WritePin
 .text.HCD_RXQLVL_IRQHandler
                0x000000000800154c       0x84 CMakeFiles/stuff_adc.elf.dir/Drivers/STM32F4xx_HAL_Driver/Src/stm32f4xx_hal_hcd.c.obj
 .text.HAL_HCD_HC_Init
                0x00000000080015d0       0x96 CMakeFiles/stuff_adc.elf.dir/Drivers/STM32F4xx_HAL_Driver/Src/stm32f4xx_hal_hcd.c.obj
                0x00000000080015d0                HAL_HCD_HC_Init
 .text.HAL_HCD_HC_Halt
                0x0000000008001666       0x24 CMakeFiles/stuff_adc.elf.dir/Drivers/STM32F4xx_HAL_Driver/Src/stm32f4xx_hal_hcd.c.obj
                0x0000000008001666                HAL_HCD_HC_Halt
 .text.HAL_HCD_Init
                0x000000000800168a       0xa4 CMakeFiles/stuff_adc.elf.dir/Drivers/STM32F4xx_HAL_Driver/Src/stm32f4xx_hal_hcd.c.obj
                0x000000000800168a                HAL_HCD_Init
 .text.HAL_HCD_HC_SubmitRequest
                0x000000000800172e      0x196 CMakeFiles/stuff_adc.elf.dir/Drivers/STM32F4xx_HAL_Driver/Src/stm32f4xx_hal_hcd.c.obj
                0x000000000800172e                HAL_HCD_HC_SubmitRequest
 .text.HCD_Port_IRQHandler
                0x00000000080018c4       0xb0 CMakeFiles/stuff_adc.elf.dir/Drivers/STM32F4xx_HAL_Driver/Src/stm32f4xx_hal_hcd.c.obj
 .text.HCD_HC_IN_IRQHandler
                0x0000000008001974      0x328 CMakeFiles/stuff_adc.elf.dir/Drivers/STM32F4xx_HAL_Driver/Src/stm32f4xx_hal_hcd.c.obj
 .text.HCD_HC_OUT_IRQHandler
                0x0000000008001c9c      0x2b0 CMakeFiles/stuff_adc.elf.dir/Drivers/STM32F4xx_HAL_Driver/Src/stm32f4xx_hal_hcd.c.obj
 .text.HAL_HCD_IRQHandler
                0x0000000008001f4c      0x146 CMakeFiles/stuff_adc.elf.dir/Drivers/STM32F4xx_HAL_Driver/Src/stm32f4xx_hal_hcd.c.obj
                0x0000000008001f4c                HAL_HCD_IRQHandler
 .text.HAL_HCD_Start
                0x0000000008002092       0x2c CMakeFiles/stuff_adc.elf.dir/Drivers/STM32F4xx_HAL_Driver/Src/stm32f4xx_hal_hcd.c.obj
                0x0000000008002092                HAL_HCD_Start
 .text.HAL_HCD_Stop
                0x00000000080020be       0x24 CMakeFiles/stuff_adc.elf.dir/Drivers/STM32F4xx_HAL_Driver/Src/stm32f4xx_hal_hcd.c.obj
                0x00000000080020be                HAL_HCD_Stop
 .text.HAL_HCD_ResetPort
                0x00000000080020e2        0xa CMakeFiles/stuff_adc.elf.dir/Drivers/STM32F4xx_HAL_Driver/Src/stm32f4xx_hal_hcd.c.obj
                0x00000000080020e2                HAL_HCD_ResetPort
 .text.HAL_HCD_HC_GetURBState
                0x00000000080020ec        0xe CMakeFiles/stuff_adc.elf.dir/Drivers/STM32F4xx_HAL_Driver/Src/stm32f4xx_hal_hcd.c.obj
                0x00000000080020ec                HAL_HCD_HC_GetURBState
 .text.HAL_HCD_HC_GetXferCount
                0x00000000080020fa        0xc CMakeFiles/stuff_adc.elf.dir/Drivers/STM32F4xx_HAL_Driver/Src/stm32f4xx_hal_hcd.c.obj
                0x00000000080020fa                HAL_HCD_HC_GetXferCount
 .text.HAL_HCD_GetCurrentFrame
                0x0000000008002106        0xa CMakeFiles/stuff_adc.elf.dir/Drivers/STM32F4xx_HAL_Driver/Src/stm32f4xx_hal_hcd.c.obj
                0x0000000008002106                HAL_HCD_GetCurrentFrame
 .text.HAL_HCD_GetCurrentSpeed
                0x0000000008002110        0xa CMakeFiles/stuff_adc.elf.dir/Drivers/STM32F4xx_HAL_Driver/Src/stm32f4xx_hal_hcd.c.obj
                0x0000000008002110                HAL_HCD_GetCurrentSpeed
 *fill*         0x000000000800211a        0x2 
 .text.HAL_I2C_Init
                0x000000000800211c      0x1bc CMakeFiles/stuff_adc.elf.dir/Drivers/STM32F4xx_HAL_Driver/Src/stm32f4xx_hal_i2c.c.obj
                0x000000000800211c                HAL_I2C_Init
 .text.HAL_I2S_Init
                0x00000000080022d8      0x1a0 CMakeFiles/stuff_adc.elf.dir/Drivers/STM32F4xx_HAL_Driver/Src/stm32f4xx_hal_i2s.c.obj
                0x00000000080022d8                HAL_I2S_Init
 .text.HAL_I2S_TxCpltCallback
                0x0000000008002478        0x2 CMakeFiles/stuff_adc.elf.dir/Drivers/STM32F4xx_HAL_Driver/Src/stm32f4xx_hal_i2s.c.obj
                0x0000000008002478                HAL_I2S_TxCpltCallback
 .text.I2S_Transmit_IT
                0x000000000800247a       0x38 CMakeFiles/stuff_adc.elf.dir/Drivers/STM32F4xx_HAL_Driver/Src/stm32f4xx_hal_i2s.c.obj
 .text.HAL_I2S_RxCpltCallback
                0x00000000080024b2        0x2 CMakeFiles/stuff_adc.elf.dir/Drivers/STM32F4xx_HAL_Driver/Src/stm32f4xx_hal_i2s.c.obj
                0x00000000080024b2                HAL_I2S_RxCpltCallback
 .text.I2S_Receive_IT
                0x00000000080024b4       0x38 CMakeFiles/stuff_adc.elf.dir/Drivers/STM32F4xx_HAL_Driver/Src/stm32f4xx_hal_i2s.c.obj
 .text.HAL_I2S_ErrorCallback
                0x00000000080024ec        0x2 CMakeFiles/stuff_adc.elf.dir/Drivers/STM32F4xx_HAL_Driver/Src/stm32f4xx_hal_i2s.c.obj
                0x00000000080024ec                HAL_I2S_ErrorCallback
 .text.I2S_IRQHandler
                0x00000000080024ee       0xd0 CMakeFiles/stuff_adc.elf.dir/Drivers/STM32F4xx_HAL_Driver/Src/stm32f4xx_hal_i2s.c.obj
 .text.HAL_I2SEx_TxRxCpltCallback
                0x00000000080025be        0x2 CMakeFiles/stuff_adc.elf.dir/Drivers/STM32F4xx_HAL_Driver/Src/stm32f4xx_hal_i2s_ex.c.obj
                0x00000000080025be                HAL_I2SEx_TxRxCpltCallback
 .text.I2SEx_TxISR_I2S
                0x00000000080025c0       0x3c CMakeFiles/stuff_adc.elf.dir/Drivers/STM32F4xx_HAL_Driver/Src/stm32f4xx_hal_i2s_ex.c.obj
 .text.I2SEx_RxISR_I2SExt
                0x00000000080025fc       0x64 CMakeFiles/stuff_adc.elf.dir/Drivers/STM32F4xx_HAL_Driver/Src/stm32f4xx_hal_i2s_ex.c.obj
 .text.I2SEx_TxISR_I2SExt
                0x0000000008002660       0x64 CMakeFiles/stuff_adc.elf.dir/Drivers/STM32F4xx_HAL_Driver/Src/stm32f4xx_hal_i2s_ex.c.obj
 .text.I2SEx_RxISR_I2S
                0x00000000080026c4       0x3c CMakeFiles/stuff_adc.elf.dir/Drivers/STM32F4xx_HAL_Driver/Src/stm32f4xx_hal_i2s_ex.c.obj
 .text.HAL_I2SEx_FullDuplex_IRQHandler
                0x0000000008002700      0x1d8 CMakeFiles/stuff_adc.elf.dir/Drivers/STM32F4xx_HAL_Driver/Src/stm32f4xx_hal_i2s_ex.c.obj
                0x0000000008002700                HAL_I2SEx_FullDuplex_IRQHandler
 .text.HAL_RCC_OscConfig
                0x00000000080028d8      0x3ec CMakeFiles/stuff_adc.elf.dir/Drivers/STM32F4xx_HAL_Driver/Src/stm32f4xx_hal_rcc.c.obj
                0x00000000080028d8                HAL_RCC_OscConfig
 .text.HAL_RCC_GetSysClockFreq
                0x0000000008002cc4       0xd4 CMakeFiles/stuff_adc.elf.dir/Drivers/STM32F4xx_HAL_Driver/Src/stm32f4xx_hal_rcc.c.obj
                0x0000000008002cc4                HAL_RCC_GetSysClockFreq
 .text.HAL_RCC_ClockConfig
                0x0000000008002d98      0x160 CMakeFiles/stuff_adc.elf.dir/Drivers/STM32F4xx_HAL_Driver/Src/stm32f4xx_hal_rcc.c.obj
                0x0000000008002d98                HAL_RCC_ClockConfig
 .text.HAL_RCC_GetHCLKFreq
                0x0000000008002ef8        0xc CMakeFiles/stuff_adc.elf.dir/Drivers/STM32F4xx_HAL_Driver/Src/stm32f4xx_hal_rcc.c.obj
                0x0000000008002ef8                HAL_RCC_GetHCLKFreq
 .text.HAL_RCC_GetPCLK1Freq
                0x0000000008002f04       0x20 CMakeFiles/stuff_adc.elf.dir/Drivers/STM32F4xx_HAL_Driver/Src/stm32f4xx_hal_rcc.c.obj
                0x0000000008002f04                HAL_RCC_GetPCLK1Freq
 .text.HAL_RCCEx_PeriphCLKConfig
                0x0000000008002f24      0x170 CMakeFiles/stuff_adc.elf.dir/Drivers/STM32F4xx_HAL_Driver/Src/stm32f4xx_hal_rcc_ex.c.obj
                0x0000000008002f24                HAL_RCCEx_PeriphCLKConfig
 .text.HAL_RCCEx_GetPeriphCLKFreq
                0x0000000008003094       0x78 CMakeFiles/stuff_adc.elf.dir/Drivers/STM32F4xx_HAL_Driver/Src/stm32f4xx_hal_rcc_ex.c.obj
                0x0000000008003094                HAL_RCCEx_GetPeriphCLKFreq
 .text.HAL_SPI_Init
                0x000000000800310c       0x80 CMakeFiles/stuff_adc.elf.dir/Drivers/STM32F4xx_HAL_Driver/Src/stm32f4xx_hal_spi.c.obj
                0x000000000800310c                HAL_SPI_Init
 .text.TIM_TI1_ConfigInputStage
                0x000000000800318c       0x24 CMakeFiles/stuff_adc.elf.dir/Drivers/STM32F4xx_HAL_Driver/Src/stm32f4xx_hal_tim.c.obj
 .text.TIM_TI2_ConfigInputStage
                0x00000000080031b0       0x26 CMakeFiles/stuff_adc.elf.dir/Drivers/STM32F4xx_HAL_Driver/Src/stm32f4xx_hal_tim.c.obj
 .text.TIM_ITRx_SetConfig
                0x00000000080031d6       0x10 CMakeFiles/stuff_adc.elf.dir/Drivers/STM32F4xx_HAL_Driver/Src/stm32f4xx_hal_tim.c.obj
 .text.HAL_TIM_Base_Start
                0x00000000080031e6       0x24 CMakeFiles/stuff_adc.elf.dir/Drivers/STM32F4xx_HAL_Driver/Src/stm32f4xx_hal_tim.c.obj
                0x00000000080031e6                HAL_TIM_Base_Start
 *fill*         0x000000000800320a        0x2 
 .text.TIM_Base_SetConfig
                0x000000000800320c       0x9c CMakeFiles/stuff_adc.elf.dir/Drivers/STM32F4xx_HAL_Driver/Src/stm32f4xx_hal_tim.c.obj
                0x000000000800320c                TIM_Base_SetConfig
 .text.HAL_TIM_Base_Init
                0x00000000080032a8       0x34 CMakeFiles/stuff_adc.elf.dir/Drivers/STM32F4xx_HAL_Driver/Src/stm32f4xx_hal_tim.c.obj
                0x00000000080032a8                HAL_TIM_Base_Init
 .text.TIM_ETR_SetConfig
                0x00000000080032dc       0x18 CMakeFiles/stuff_adc.elf.dir/Drivers/STM32F4xx_HAL_Driver/Src/stm32f4xx_hal_tim.c.obj
                0x00000000080032dc                TIM_ETR_SetConfig
 .text.HAL_TIM_ConfigClockSource
                0x00000000080032f4       0xda CMakeFiles/stuff_adc.elf.dir/Drivers/STM32F4xx_HAL_Driver/Src/stm32f4xx_hal_tim.c.obj
                0x00000000080032f4                HAL_TIM_ConfigClockSource
 *fill*         0x00000000080033ce        0x2 
 .text.HAL_TIMEx_MasterConfigSynchronization
                0x00000000080033d0       0x7c CMakeFiles/stuff_adc.elf.dir/Drivers/STM32F4xx_HAL_Driver/Src/stm32f4xx_hal_tim_ex.c.obj
                0x00000000080033d0                HAL_TIMEx_MasterConfigSynchronization
 .text.USB_CoreReset
                0x000000000800344c       0x3c CMakeFiles/stuff_adc.elf.dir/Drivers/STM32F4xx_HAL_Driver/Src/stm32f4xx_ll_usb.c.obj
 .text.USB_CoreInit
                0x0000000008003488       0x8a CMakeFiles/stuff_adc.elf.dir/Drivers/STM32F4xx_HAL_Driver/Src/stm32f4xx_ll_usb.c.obj
                0x0000000008003488                USB_CoreInit
 .text.USB_EnableGlobalInt
                0x0000000008003512        0xc CMakeFiles/stuff_adc.elf.dir/Drivers/STM32F4xx_HAL_Driver/Src/stm32f4xx_ll_usb.c.obj
                0x0000000008003512                USB_EnableGlobalInt
 .text.USB_DisableGlobalInt
                0x000000000800351e        0xc CMakeFiles/stuff_adc.elf.dir/Drivers/STM32F4xx_HAL_Driver/Src/stm32f4xx_ll_usb.c.obj
                0x000000000800351e                USB_DisableGlobalInt
 .text.USB_SetCurrentMode
                0x000000000800352a       0x30 CMakeFiles/stuff_adc.elf.dir/Drivers/STM32F4xx_HAL_Driver/Src/stm32f4xx_ll_usb.c.obj
                0x000000000800352a                USB_SetCurrentMode
 *fill*         0x000000000800355a        0x2 
 .text.USB_FlushTxFifo
                0x000000000800355c       0x28 CMakeFiles/stuff_adc.elf.dir/Drivers/STM32F4xx_HAL_Driver/Src/stm32f4xx_ll_usb.c.obj
                0x000000000800355c                USB_FlushTxFifo
 .text.USB_FlushRxFifo
                0x0000000008003584       0x24 CMakeFiles/stuff_adc.elf.dir/Drivers/STM32F4xx_HAL_Driver/Src/stm32f4xx_ll_usb.c.obj
                0x0000000008003584                USB_FlushRxFifo
 .text.USB_WritePacket
                0x00000000080035a8       0x2e CMakeFiles/stuff_adc.elf.dir/Drivers/STM32F4xx_HAL_Driver/Src/stm32f4xx_ll_usb.c.obj
                0x00000000080035a8                USB_WritePacket
 .text.USB_ReadPacket
                0x00000000080035d6       0x1e CMakeFiles/stuff_adc.elf.dir/Drivers/STM32F4xx_HAL_Driver/Src/stm32f4xx_ll_usb.c.obj
                0x00000000080035d6                USB_ReadPacket
 .text.USB_ReadInterrupts
                0x00000000080035f4        0x8 CMakeFiles/stuff_adc.elf.dir/Drivers/STM32F4xx_HAL_Driver/Src/stm32f4xx_ll_usb.c.obj
                0x00000000080035f4                USB_ReadInterrupts
 .text.USB_GetMode
                0x00000000080035fc        0x8 CMakeFiles/stuff_adc.elf.dir/Drivers/STM32F4xx_HAL_Driver/Src/stm32f4xx_ll_usb.c.obj
                0x00000000080035fc                USB_GetMode
 .text.USB_InitFSLSPClkSel
                0x0000000008003604       0x3e CMakeFiles/stuff_adc.elf.dir/Drivers/STM32F4xx_HAL_Driver/Src/stm32f4xx_ll_usb.c.obj
                0x0000000008003604                USB_InitFSLSPClkSel
 .text.USB_ResetPort
                0x0000000008003642       0x3e CMakeFiles/stuff_adc.elf.dir/Drivers/STM32F4xx_HAL_Driver/Src/stm32f4xx_ll_usb.c.obj
                0x0000000008003642                USB_ResetPort
 .text.USB_DriveVbus
                0x0000000008003680       0x46 CMakeFiles/stuff_adc.elf.dir/Drivers/STM32F4xx_HAL_Driver/Src/stm32f4xx_ll_usb.c.obj
                0x0000000008003680                USB_DriveVbus
 *fill*         0x00000000080036c6        0x2 
 .text.USB_HostInit
                0x00000000080036c8       0xfc CMakeFiles/stuff_adc.elf.dir/Drivers/STM32F4xx_HAL_Driver/Src/stm32f4xx_ll_usb.c.obj
                0x00000000080036c8                USB_HostInit
 .text.USB_GetHostSpeed
                0x00000000080037c4       0x16 CMakeFiles/stuff_adc.elf.dir/Drivers/STM32F4xx_HAL_Driver/Src/stm32f4xx_ll_usb.c.obj
                0x00000000080037c4                USB_GetHostSpeed
 .text.USB_GetCurrentFrame
                0x00000000080037da        0xa CMakeFiles/stuff_adc.elf.dir/Drivers/STM32F4xx_HAL_Driver/Src/stm32f4xx_ll_usb.c.obj
                0x00000000080037da                USB_GetCurrentFrame
 .text.USB_HC_Init
                0x00000000080037e4      0x108 CMakeFiles/stuff_adc.elf.dir/Drivers/STM32F4xx_HAL_Driver/Src/stm32f4xx_ll_usb.c.obj
                0x00000000080037e4                USB_HC_Init
 .text.USB_HC_ReadInterrupt
                0x00000000080038ec        0xa CMakeFiles/stuff_adc.elf.dir/Drivers/STM32F4xx_HAL_Driver/Src/stm32f4xx_ll_usb.c.obj
                0x00000000080038ec                USB_HC_ReadInterrupt
 .text.USB_HC_Halt
                0x00000000080038f6       0xce CMakeFiles/stuff_adc.elf.dir/Drivers/STM32F4xx_HAL_Driver/Src/stm32f4xx_ll_usb.c.obj
                0x00000000080038f6                USB_HC_Halt
 .text.USB_DoPing
                0x00000000080039c4       0x24 CMakeFiles/stuff_adc.elf.dir/Drivers/STM32F4xx_HAL_Driver/Src/stm32f4xx_ll_usb.c.obj
                0x00000000080039c4                USB_DoPing
 .text.USB_HC_StartXfer
                0x00000000080039e8      0x164 CMakeFiles/stuff_adc.elf.dir/Drivers/STM32F4xx_HAL_Driver/Src/stm32f4xx_ll_usb.c.obj
                0x00000000080039e8                USB_HC_StartXfer
 .text.USB_StopHost
                0x0000000008003b4c       0x7c CMakeFiles/stuff_adc.elf.dir/Drivers/STM32F4xx_HAL_Driver/Src/stm32f4xx_ll_usb.c.obj
                0x0000000008003b4c                USB_StopHost
 .text.USBH_CDC_SOFProcess
                0x0000000008003bc8        0x4 CMakeFiles/stuff_adc.elf.dir/Middlewares/ST/STM32_USB_Host_Library/Class/CDC/Src/usbh_cdc.c.obj
 .text.SetLineCoding
                0x0000000008003bcc       0x1a CMakeFiles/stuff_adc.elf.dir/Middlewares/ST/STM32_USB_Host_Library/Class/CDC/Src/usbh_cdc.c.obj
 .text.GetLineCoding
                0x0000000008003be6       0x1a CMakeFiles/stuff_adc.elf.dir/Middlewares/ST/STM32_USB_Host_Library/Class/CDC/Src/usbh_cdc.c.obj
 .text.USBH_CDC_ClassRequest
                0x0000000008003c00       0x22 CMakeFiles/stuff_adc.elf.dir/Middlewares/ST/STM32_USB_Host_Library/Class/CDC/Src/usbh_cdc.c.obj
 .text.USBH_CDC_InterfaceDeInit
                0x0000000008003c22       0x68 CMakeFiles/stuff_adc.elf.dir/Middlewares/ST/STM32_USB_Host_Library/Class/CDC/Src/usbh_cdc.c.obj
 .text.USBH_CDC_InterfaceInit
                0x0000000008003c8a      0x186 CMakeFiles/stuff_adc.elf.dir/Middlewares/ST/STM32_USB_Host_Library/Class/CDC/Src/usbh_cdc.c.obj
 .text.USBH_CDC_TransmitCallback
                0x0000000008003e10        0x2 CMakeFiles/stuff_adc.elf.dir/Middlewares/ST/STM32_USB_Host_Library/Class/CDC/Src/usbh_cdc.c.obj
                0x0000000008003e10                USBH_CDC_TransmitCallback
 .text.CDC_ProcessTransmission
                0x0000000008003e12       0x94 CMakeFiles/stuff_adc.elf.dir/Middlewares/ST/STM32_USB_Host_Library/Class/CDC/Src/usbh_cdc.c.obj
 .text.USBH_CDC_ReceiveCallback
                0x0000000008003ea6        0x2 CMakeFiles/stuff_adc.elf.dir/Middlewares/ST/STM32_USB_Host_Library/Class/CDC/Src/usbh_cdc.c.obj
                0x0000000008003ea6                USBH_CDC_ReceiveCallback
 .text.CDC_ProcessReception
                0x0000000008003ea8       0x68 CMakeFiles/stuff_adc.elf.dir/Middlewares/ST/STM32_USB_Host_Library/Class/CDC/Src/usbh_cdc.c.obj
 .text.USBH_CDC_LineCodingChanged
                0x0000000008003f10        0x2 CMakeFiles/stuff_adc.elf.dir/Middlewares/ST/STM32_USB_Host_Library/Class/CDC/Src/usbh_cdc.c.obj
                0x0000000008003f10                USBH_CDC_LineCodingChanged
 .text.USBH_CDC_Process
                0x0000000008003f12       0xb2 CMakeFiles/stuff_adc.elf.dir/Middlewares/ST/STM32_USB_Host_Library/Class/CDC/Src/usbh_cdc.c.obj
 .text.DeInitStateMachine
                0x0000000008003fc4       0x62 CMakeFiles/stuff_adc.elf.dir/Middlewares/ST/STM32_USB_Host_Library/Core/Src/usbh_core.c.obj
 .text.USBH_HandleSof
                0x0000000008004026       0x1a CMakeFiles/stuff_adc.elf.dir/Middlewares/ST/STM32_USB_Host_Library/Core/Src/usbh_core.c.obj
 .text.USBH_HandleEnum
                0x0000000008004040      0x26e CMakeFiles/stuff_adc.elf.dir/Middlewares/ST/STM32_USB_Host_Library/Core/Src/usbh_core.c.obj
 .text.USBH_Init
                0x00000000080042ae       0x3e CMakeFiles/stuff_adc.elf.dir/Middlewares/ST/STM32_USB_Host_Library/Core/Src/usbh_core.c.obj
                0x00000000080042ae                USBH_Init
 .text.USBH_RegisterClass
                0x00000000080042ec       0x22 CMakeFiles/stuff_adc.elf.dir/Middlewares/ST/STM32_USB_Host_Library/Core/Src/usbh_core.c.obj
                0x00000000080042ec                USBH_RegisterClass
 .text.USBH_SelectInterface
                0x000000000800430e       0x14 CMakeFiles/stuff_adc.elf.dir/Middlewares/ST/STM32_USB_Host_Library/Core/Src/usbh_core.c.obj
                0x000000000800430e                USBH_SelectInterface
 .text.USBH_FindInterface
                0x0000000008004322       0x54 CMakeFiles/stuff_adc.elf.dir/Middlewares/ST/STM32_USB_Host_Library/Core/Src/usbh_core.c.obj
                0x0000000008004322                USBH_FindInterface
 .text.USBH_Start
                0x0000000008004376       0x14 CMakeFiles/stuff_adc.elf.dir/Middlewares/ST/STM32_USB_Host_Library/Core/Src/usbh_core.c.obj
                0x0000000008004376                USBH_Start
 .text.USBH_Process
                0x000000000800438a      0x276 CMakeFiles/stuff_adc.elf.dir/Middlewares/ST/STM32_USB_Host_Library/Core/Src/usbh_core.c.obj
                0x000000000800438a                USBH_Process
 .text.USBH_LL_SetTimer
                0x0000000008004600        0x6 CMakeFiles/stuff_adc.elf.dir/Middlewares/ST/STM32_USB_Host_Library/Core/Src/usbh_core.c.obj
                0x0000000008004600                USBH_LL_SetTimer
 .text.USBH_LL_IncTimer
                0x0000000008004606       0x12 CMakeFiles/stuff_adc.elf.dir/Middlewares/ST/STM32_USB_Host_Library/Core/Src/usbh_core.c.obj
                0x0000000008004606                USBH_LL_IncTimer
 .text.USBH_LL_PortEnabled
                0x0000000008004618        0x8 CMakeFiles/stuff_adc.elf.dir/Middlewares/ST/STM32_USB_Host_Library/Core/Src/usbh_core.c.obj
                0x0000000008004618                USBH_LL_PortEnabled
 .text.USBH_LL_PortDisabled
                0x0000000008004620        0x8 CMakeFiles/stuff_adc.elf.dir/Middlewares/ST/STM32_USB_Host_Library/Core/Src/usbh_core.c.obj
                0x0000000008004620                USBH_LL_PortDisabled
 .text.USBH_LL_Connect
                0x0000000008004628       0x14 CMakeFiles/stuff_adc.elf.dir/Middlewares/ST/STM32_USB_Host_Library/Core/Src/usbh_core.c.obj
                0x0000000008004628                USBH_LL_Connect
 .text.USBH_LL_Disconnect
                0x000000000800463c       0x2c CMakeFiles/stuff_adc.elf.dir/Middlewares/ST/STM32_USB_Host_Library/Core/Src/usbh_core.c.obj
                0x000000000800463c                USBH_LL_Disconnect
 .text.USBH_ParseDevDesc
                0x0000000008004668       0x58 CMakeFiles/stuff_adc.elf.dir/Middlewares/ST/STM32_USB_Host_Library/Core/Src/usbh_ctlreq.c.obj
 .text.USBH_ParseInterfaceDesc
                0x00000000080046c0       0x26 CMakeFiles/stuff_adc.elf.dir/Middlewares/ST/STM32_USB_Host_Library/Core/Src/usbh_ctlreq.c.obj
 .text.USBH_ParseEPDesc
                0x00000000080046e6       0x20 CMakeFiles/stuff_adc.elf.dir/Middlewares/ST/STM32_USB_Host_Library/Core/Src/usbh_ctlreq.c.obj
 .text.USBH_ParseStringDesc
                0x0000000008004706       0x32 CMakeFiles/stuff_adc.elf.dir/Middlewares/ST/STM32_USB_Host_Library/Core/Src/usbh_ctlreq.c.obj
 .text.USBH_HandleControl
                0x0000000008004738      0x1d8 CMakeFiles/stuff_adc.elf.dir/Middlewares/ST/STM32_USB_Host_Library/Core/Src/usbh_ctlreq.c.obj
 .text.USBH_GetNextDesc
                0x0000000008004910        0xe CMakeFiles/stuff_adc.elf.dir/Middlewares/ST/STM32_USB_Host_Library/Core/Src/usbh_ctlreq.c.obj
                0x0000000008004910                USBH_GetNextDesc
 .text.USBH_ParseCfgDesc
                0x000000000800491e       0xc2 CMakeFiles/stuff_adc.elf.dir/Middlewares/ST/STM32_USB_Host_Library/Core/Src/usbh_ctlreq.c.obj
 .text.USBH_CtlReq
                0x00000000080049e0       0x40 CMakeFiles/stuff_adc.elf.dir/Middlewares/ST/STM32_USB_Host_Library/Core/Src/usbh_ctlreq.c.obj
                0x00000000080049e0                USBH_CtlReq
 .text.USBH_GetDescriptor
                0x0000000008004a20       0x42 CMakeFiles/stuff_adc.elf.dir/Middlewares/ST/STM32_USB_Host_Library/Core/Src/usbh_ctlreq.c.obj
                0x0000000008004a20                USBH_GetDescriptor
 .text.USBH_Get_DevDesc
                0x0000000008004a62       0x32 CMakeFiles/stuff_adc.elf.dir/Middlewares/ST/STM32_USB_Host_Library/Core/Src/usbh_ctlreq.c.obj
                0x0000000008004a62                USBH_Get_DevDesc
 .text.USBH_Get_CfgDesc
                0x0000000008004a94       0x32 CMakeFiles/stuff_adc.elf.dir/Middlewares/ST/STM32_USB_Host_Library/Core/Src/usbh_ctlreq.c.obj
                0x0000000008004a94                USBH_Get_CfgDesc
 .text.USBH_Get_StringDesc
                0x0000000008004ac6       0x30 CMakeFiles/stuff_adc.elf.dir/Middlewares/ST/STM32_USB_Host_Library/Core/Src/usbh_ctlreq.c.obj
                0x0000000008004ac6                USBH_Get_StringDesc
 .text.USBH_SetAddress
                0x0000000008004af6       0x22 CMakeFiles/stuff_adc.elf.dir/Middlewares/ST/STM32_USB_Host_Library/Core/Src/usbh_ctlreq.c.obj
                0x0000000008004af6                USBH_SetAddress
 .text.USBH_SetCfg
                0x0000000008004b18       0x22 CMakeFiles/stuff_adc.elf.dir/Middlewares/ST/STM32_USB_Host_Library/Core/Src/usbh_ctlreq.c.obj
                0x0000000008004b18                USBH_SetCfg
 .text.USBH_SetFeature
                0x0000000008004b3a       0x22 CMakeFiles/stuff_adc.elf.dir/Middlewares/ST/STM32_USB_Host_Library/Core/Src/usbh_ctlreq.c.obj
                0x0000000008004b3a                USBH_SetFeature
 .text.USBH_ClrFeature
                0x0000000008004b5c       0x24 CMakeFiles/stuff_adc.elf.dir/Middlewares/ST/STM32_USB_Host_Library/Core/Src/usbh_ctlreq.c.obj
                0x0000000008004b5c                USBH_ClrFeature
 .text.USBH_CtlSendSetup
                0x0000000008004b80       0x22 CMakeFiles/stuff_adc.elf.dir/Middlewares/ST/STM32_USB_Host_Library/Core/Src/usbh_ioreq.c.obj
                0x0000000008004b80                USBH_CtlSendSetup
 .text.USBH_CtlSendData
                0x0000000008004ba2       0x2c CMakeFiles/stuff_adc.elf.dir/Middlewares/ST/STM32_USB_Host_Library/Core/Src/usbh_ioreq.c.obj
                0x0000000008004ba2                USBH_CtlSendData
 .text.USBH_CtlReceiveData
                0x0000000008004bce       0x20 CMakeFiles/stuff_adc.elf.dir/Middlewares/ST/STM32_USB_Host_Library/Core/Src/usbh_ioreq.c.obj
                0x0000000008004bce                USBH_CtlReceiveData
 .text.USBH_BulkSendData
                0x0000000008004bee       0x2c CMakeFiles/stuff_adc.elf.dir/Middlewares/ST/STM32_USB_Host_Library/Core/Src/usbh_ioreq.c.obj
                0x0000000008004bee                USBH_BulkSendData
 .text.USBH_BulkReceiveData
                0x0000000008004c1a       0x20 CMakeFiles/stuff_adc.elf.dir/Middlewares/ST/STM32_USB_Host_Library/Core/Src/usbh_ioreq.c.obj
                0x0000000008004c1a                USBH_BulkReceiveData
 .text.USBH_GetFreePipe
                0x0000000008004c3a       0x26 CMakeFiles/stuff_adc.elf.dir/Middlewares/ST/STM32_USB_Host_Library/Core/Src/usbh_pipes.c.obj
 .text.USBH_OpenPipe
                0x0000000008004c60       0x20 CMakeFiles/stuff_adc.elf.dir/Middlewares/ST/STM32_USB_Host_Library/Core/Src/usbh_pipes.c.obj
                0x0000000008004c60                USBH_OpenPipe
 .text.USBH_ClosePipe
                0x0000000008004c80        0xa CMakeFiles/stuff_adc.elf.dir/Middlewares/ST/STM32_USB_Host_Library/Core/Src/usbh_pipes.c.obj
                0x0000000008004c80                USBH_ClosePipe
 .text.USBH_AllocPipe
                0x0000000008004c8a       0x26 CMakeFiles/stuff_adc.elf.dir/Middlewares/ST/STM32_USB_Host_Library/Core/Src/usbh_pipes.c.obj
                0x0000000008004c8a                USBH_AllocPipe
 .text.USBH_FreePipe
                0x0000000008004cb0       0x16 CMakeFiles/stuff_adc.elf.dir/Middlewares/ST/STM32_USB_Host_Library/Core/Src/usbh_pipes.c.obj
                0x0000000008004cb0                USBH_FreePipe
 *fill*         0x0000000008004cc6        0x2 
 .text.USBH_UserProcess
                0x0000000008004cc8       0x2c CMakeFiles/stuff_adc.elf.dir/USB_HOST/App/usb_host.c.obj
 .text.MX_USB_HOST_Init
                0x0000000008004cf4       0x40 CMakeFiles/stuff_adc.elf.dir/USB_HOST/App/usb_host.c.obj
                0x0000000008004cf4                MX_USB_HOST_Init
 .text.MX_USB_HOST_Process
                0x0000000008004d34       0x10 CMakeFiles/stuff_adc.elf.dir/USB_HOST/App/usb_host.c.obj
                0x0000000008004d34                MX_USB_HOST_Process
 .text.HAL_HCD_MspInit
                0x0000000008004d44       0x98 CMakeFiles/stuff_adc.elf.dir/USB_HOST/Target/usbh_conf.c.obj
                0x0000000008004d44                HAL_HCD_MspInit
 .text.HAL_HCD_SOF_Callback
                0x0000000008004ddc        0xc CMakeFiles/stuff_adc.elf.dir/USB_HOST/Target/usbh_conf.c.obj
                0x0000000008004ddc                HAL_HCD_SOF_Callback
 .text.HAL_HCD_Connect_Callback
                0x0000000008004de8        0xc CMakeFiles/stuff_adc.elf.dir/USB_HOST/Target/usbh_conf.c.obj
                0x0000000008004de8                HAL_HCD_Connect_Callback
 .text.HAL_HCD_Disconnect_Callback
                0x0000000008004df4        0xc CMakeFiles/stuff_adc.elf.dir/USB_HOST/Target/usbh_conf.c.obj
                0x0000000008004df4                HAL_HCD_Disconnect_Callback
 .text.HAL_HCD_HC_NotifyURBChange_Callback
                0x0000000008004e00        0x2 CMakeFiles/stuff_adc.elf.dir/USB_HOST/Target/usbh_conf.c.obj
                0x0000000008004e00                HAL_HCD_HC_NotifyURBChange_Callback
 .text.HAL_HCD_PortEnabled_Callback
                0x0000000008004e02        0xc CMakeFiles/stuff_adc.elf.dir/USB_HOST/Target/usbh_conf.c.obj
                0x0000000008004e02                HAL_HCD_PortEnabled_Callback
 .text.HAL_HCD_PortDisabled_Callback
                0x0000000008004e0e        0xc CMakeFiles/stuff_adc.elf.dir/USB_HOST/Target/usbh_conf.c.obj
                0x0000000008004e0e                HAL_HCD_PortDisabled_Callback
 *fill*         0x0000000008004e1a        0x2 
 .text.USBH_LL_Init
                0x0000000008004e1c       0x54 CMakeFiles/stuff_adc.elf.dir/USB_HOST/Target/usbh_conf.c.obj
                0x0000000008004e1c                USBH_LL_Init
 .text.USBH_LL_GetSpeed
                0x0000000008004e70       0x20 CMakeFiles/stuff_adc.elf.dir/USB_HOST/Target/usbh_conf.c.obj
                0x0000000008004e70                USBH_LL_GetSpeed
 .text.USBH_LL_GetLastXferSize
                0x0000000008004e90        0xc CMakeFiles/stuff_adc.elf.dir/USB_HOST/Target/usbh_conf.c.obj
                0x0000000008004e90                USBH_LL_GetLastXferSize
 .text.USBH_LL_GetURBState
                0x0000000008004e9c        0xc CMakeFiles/stuff_adc.elf.dir/USB_HOST/Target/usbh_conf.c.obj
                0x0000000008004e9c                USBH_LL_GetURBState
 .text.USBH_LL_DriverVBUS
                0x0000000008004ea8       0x1c CMakeFiles/stuff_adc.elf.dir/USB_HOST/Target/usbh_conf.c.obj
                0x0000000008004ea8                USBH_LL_DriverVBUS
 .text.USBH_LL_SetToggle
                0x0000000008004ec4       0x30 CMakeFiles/stuff_adc.elf.dir/USB_HOST/Target/usbh_conf.c.obj
                0x0000000008004ec4                USBH_LL_SetToggle
 .text.USBH_Delay
                0x0000000008004ef4        0x8 CMakeFiles/stuff_adc.elf.dir/USB_HOST/Target/usbh_conf.c.obj
                0x0000000008004ef4                USBH_Delay
 .text.USBH_Get_USB_Status
                0x0000000008004efc       0x14 CMakeFiles/stuff_adc.elf.dir/USB_HOST/Target/usbh_conf.c.obj
                0x0000000008004efc                USBH_Get_USB_Status
 .text.USBH_LL_Start
                0x0000000008004f10       0x10 CMakeFiles/stuff_adc.elf.dir/USB_HOST/Target/usbh_conf.c.obj
                0x0000000008004f10                USBH_LL_Start
 .text.USBH_LL_Stop
                0x0000000008004f20       0x10 CMakeFiles/stuff_adc.elf.dir/USB_HOST/Target/usbh_conf.c.obj
                0x0000000008004f20                USBH_LL_Stop
 .text.USBH_LL_ResetPort
                0x0000000008004f30       0x10 CMakeFiles/stuff_adc.elf.dir/USB_HOST/Target/usbh_conf.c.obj
                0x0000000008004f30                USBH_LL_ResetPort
 .text.USBH_LL_OpenPipe
                0x0000000008004f40       0x26 CMakeFiles/stuff_adc.elf.dir/USB_HOST/Target/usbh_conf.c.obj
                0x0000000008004f40                USBH_LL_OpenPipe
 .text.USBH_LL_ClosePipe
                0x0000000008004f66       0x10 CMakeFiles/stuff_adc.elf.dir/USB_HOST/Target/usbh_conf.c.obj
                0x0000000008004f66                USBH_LL_ClosePipe
 .text.USBH_LL_SubmitURB
                0x0000000008004f76       0x2a CMakeFiles/stuff_adc.elf.dir/USB_HOST/Target/usbh_conf.c.obj
                0x0000000008004f76                USBH_LL_SubmitURB
 .text.MX_DriverVbusFS
                0x0000000008004fa0       0x18 CMakeFiles/stuff_adc.elf.dir/USB_HOST/Target/usbh_platform.c.obj
                0x0000000008004fa0                MX_DriverVbusFS
 .text.__udivmoddi4
                0x0000000008004fb8      0x2a6 /usr/lib/gcc/arm-none-eabi/10.2.0/thumb/v7e-m/nofp/libgcc.a(_udivmoddi4.o)
                0x0000000008004fb8                __udivmoddi4
 *fill*         0x000000000800525e        0x2 
 .text.atexit   0x0000000008005260        0xc /usr/lib/gcc/arm-none-eabi/10.2.0/../../../../arm-none-eabi/lib/thumb/v7e-m/nofp/libg.a(lib_a-atexit.o)
                0x0000000008005260                atexit
 .text.__errno  0x000000000800526c        0xc /usr/lib/gcc/arm-none-eabi/10.2.0/../../../../arm-none-eabi/lib/thumb/v7e-m/nofp/libg.a(lib_a-errno.o)
                0x000000000800526c                __errno
 .text.__libc_fini_array
                0x0000000008005278       0x2c /usr/lib/gcc/arm-none-eabi/10.2.0/../../../../arm-none-eabi/lib/thumb/v7e-m/nofp/libg.a(lib_a-fini.o)
                0x0000000008005278                __libc_fini_array
 .text.__libc_init_array
                0x00000000080052a4       0x48 /usr/lib/gcc/arm-none-eabi/10.2.0/../../../../arm-none-eabi/lib/thumb/v7e-m/nofp/libg.a(lib_a-init.o)
                0x00000000080052a4                __libc_init_array
 .text.malloc   0x00000000080052ec       0x10 /usr/lib/gcc/arm-none-eabi/10.2.0/../../../../arm-none-eabi/lib/thumb/v7e-m/nofp/libg.a(lib_a-malloc.o)
                0x00000000080052ec                malloc
 .text.free     0x00000000080052fc       0x10 /usr/lib/gcc/arm-none-eabi/10.2.0/../../../../arm-none-eabi/lib/thumb/v7e-m/nofp/libg.a(lib_a-malloc.o)
                0x00000000080052fc                free
 .text._malloc_r
                0x000000000800530c      0x578 /usr/lib/gcc/arm-none-eabi/10.2.0/../../../../arm-none-eabi/lib/thumb/v7e-m/nofp/libg.a(lib_a-mallocr.o)
                0x000000000800530c                _malloc_r
 .text.memset   0x0000000008005884       0xa0 /usr/lib/gcc/arm-none-eabi/10.2.0/../../../../arm-none-eabi/lib/thumb/v7e-m/nofp/libg.a(lib_a-memset.o)
                0x0000000008005884                memset
 .text.__malloc_lock
                0x0000000008005924        0xc /usr/lib/gcc/arm-none-eabi/10.2.0/../../../../arm-none-eabi/lib/thumb/v7e-m/nofp/libg.a(lib_a-mlock.o)
                0x0000000008005924                __malloc_lock
 .text.__malloc_unlock
                0x0000000008005930        0xc /usr/lib/gcc/arm-none-eabi/10.2.0/../../../../arm-none-eabi/lib/thumb/v7e-m/nofp/libg.a(lib_a-mlock.o)
                0x0000000008005930                __malloc_unlock
 .text._sbrk_r  0x000000000800593c       0x24 /usr/lib/gcc/arm-none-eabi/10.2.0/../../../../arm-none-eabi/lib/thumb/v7e-m/nofp/libg.a(lib_a-sbrkr.o)
                0x000000000800593c                _sbrk_r
 .text.__register_exitproc
                0x0000000008005960       0x88 /usr/lib/gcc/arm-none-eabi/10.2.0/../../../../arm-none-eabi/lib/thumb/v7e-m/nofp/libg.a(lib_a-__atexit.o)
                0x0000000008005960                __register_exitproc
 .text.startup.register_fini
                0x00000000080059e8       0x14 /usr/lib/gcc/arm-none-eabi/10.2.0/../../../../arm-none-eabi/lib/thumb/v7e-m/nofp/libg.a(lib_a-__call_atexit.o)
 .text._malloc_trim_r
                0x00000000080059fc       0xa0 /usr/lib/gcc/arm-none-eabi/10.2.0/../../../../arm-none-eabi/lib/thumb/v7e-m/nofp/libg.a(lib_a-freer.o)
                0x00000000080059fc                _malloc_trim_r
 .text._free_r  0x0000000008005a9c      0x214 /usr/lib/gcc/arm-none-eabi/10.2.0/../../../../arm-none-eabi/lib/thumb/v7e-m/nofp/libg.a(lib_a-freer.o)
                0x0000000008005a9c                _free_r
 .text.__retarget_lock_acquire_recursive
                0x0000000008005cb0        0x4 /usr/lib/gcc/arm-none-eabi/10.2.0/../../../../arm-none-eabi/lib/thumb/v7e-m/nofp/libg.a(lib_a-lock.o)
                0x0000000008005cb0                __retarget_lock_acquire_recursive
 .text.__retarget_lock_release_recursive
                0x0000000008005cb4        0x4 /usr/lib/gcc/arm-none-eabi/10.2.0/../../../../arm-none-eabi/lib/thumb/v7e-m/nofp/libg.a(lib_a-lock.o)
                0x0000000008005cb4                __retarget_lock_release_recursive
 *(.glue_7)
 .glue_7        0x0000000008005cb8        0x0 linker stubs
 *(.glue_7t)
 .glue_7t       0x0000000008005cb8        0x0 linker stubs
 *(.eh_frame)
 .eh_frame      0x0000000008005cb8        0x0 /usr/lib/gcc/arm-none-eabi/10.2.0/thumb/v7e-m/nofp/crtbegin.o
 *(.init)
 .init          0x0000000008005cb8        0x4 /usr/lib/gcc/arm-none-eabi/10.2.0/thumb/v7e-m/nofp/crti.o
                0x0000000008005cb8                _init
 .init          0x0000000008005cbc        0x8 /usr/lib/gcc/arm-none-eabi/10.2.0/thumb/v7e-m/nofp/crtn.o
 *(.fini)
 .fini          0x0000000008005cc4        0x4 /usr/lib/gcc/arm-none-eabi/10.2.0/thumb/v7e-m/nofp/crti.o
                0x0000000008005cc4                _fini
 .fini          0x0000000008005cc8        0x8 /usr/lib/gcc/arm-none-eabi/10.2.0/thumb/v7e-m/nofp/crtn.o
                0x0000000008005cd0                . = ALIGN (0x4)
                0x0000000008005cd0                _etext = .

.vfp11_veneer   0x0000000008005cd0        0x0
 .vfp11_veneer  0x0000000008005cd0        0x0 linker stubs

.v4_bx          0x0000000008005cd0        0x0
 .v4_bx         0x0000000008005cd0        0x0 linker stubs

.iplt           0x0000000008005cd0        0x0
 .iplt          0x0000000008005cd0        0x0 /usr/lib/gcc/arm-none-eabi/10.2.0/thumb/v7e-m/nofp/crtbegin.o

.rodata         0x0000000008005cd0       0x20
                0x0000000008005cd0                . = ALIGN (0x4)
 *(.rodata)
 *(.rodata*)
 .rodata.AHBPrescTable
                0x0000000008005cd0       0x10 CMakeFiles/stuff_adc.elf.dir/Core/Src/system_stm32f4xx.c.obj
                0x0000000008005cd0                AHBPrescTable
 .rodata.APBPrescTable
                0x0000000008005ce0        0x8 CMakeFiles/stuff_adc.elf.dir/Core/Src/system_stm32f4xx.c.obj
                0x0000000008005ce0                APBPrescTable
 .rodata.str1.4
                0x0000000008005ce8        0x4 CMakeFiles/stuff_adc.elf.dir/Middlewares/ST/STM32_USB_Host_Library/Class/CDC/Src/usbh_cdc.c.obj
 .rodata._global_impure_ptr
                0x0000000008005cec        0x4 /usr/lib/gcc/arm-none-eabi/10.2.0/../../../../arm-none-eabi/lib/thumb/v7e-m/nofp/libg.a(lib_a-impure.o)
                0x0000000008005cec                _global_impure_ptr
                0x0000000008005cf0                . = ALIGN (0x4)

.ARM.extab      0x0000000008005cf0        0x0
                0x0000000008005cf0                . = ALIGN (0x4)
 *(.ARM.extab* .gnu.linkonce.armextab.*)
                0x0000000008005cf0                . = ALIGN (0x4)

.ARM            0x0000000008005cf0        0x8
                0x0000000008005cf0                . = ALIGN (0x4)
                0x0000000008005cf0                __exidx_start = .
 *(.ARM.exidx*)
 .ARM.exidx.text.__udivmoddi4
                0x0000000008005cf0        0x8 /usr/lib/gcc/arm-none-eabi/10.2.0/thumb/v7e-m/nofp/libgcc.a(_udivmoddi4.o)
                0x0000000008005cf8                __exidx_end = .
                0x0000000008005cf8                . = ALIGN (0x4)

.rel.dyn        0x0000000008005cf8        0x0
 .rel.iplt      0x0000000008005cf8        0x0 /usr/lib/gcc/arm-none-eabi/10.2.0/thumb/v7e-m/nofp/crtbegin.o

.preinit_array  0x0000000008005cf8        0x0
                0x0000000008005cf8                . = ALIGN (0x4)
                0x0000000008005cf8                PROVIDE (__preinit_array_start = .)
 *(.preinit_array*)
                0x0000000008005cf8                PROVIDE (__preinit_array_end = .)
                0x0000000008005cf8                . = ALIGN (0x4)

.init_array     0x0000000008005cf8        0x8
                0x0000000008005cf8                . = ALIGN (0x4)
                0x0000000008005cf8                PROVIDE (__init_array_start = .)
 *(SORT_BY_NAME(.init_array.*))
 .init_array.00000
                0x0000000008005cf8        0x4 /usr/lib/gcc/arm-none-eabi/10.2.0/../../../../arm-none-eabi/lib/thumb/v7e-m/nofp/libg.a(lib_a-__call_atexit.o)
 *(.init_array*)
 .init_array    0x0000000008005cfc        0x4 /usr/lib/gcc/arm-none-eabi/10.2.0/thumb/v7e-m/nofp/crtbegin.o
                0x0000000008005d00                PROVIDE (__init_array_end = .)
                0x0000000008005d00                . = ALIGN (0x4)

.fini_array     0x0000000008005d00        0x4
                0x0000000008005d00                . = ALIGN (0x4)
                0x0000000008005d00                PROVIDE (__fini_array_start = .)
 *(SORT_BY_NAME(.fini_array.*))
 *(.fini_array*)
 .fini_array    0x0000000008005d00        0x4 /usr/lib/gcc/arm-none-eabi/10.2.0/thumb/v7e-m/nofp/crtbegin.o
                0x0000000008005d04                PROVIDE (__fini_array_end = .)
                0x0000000008005d04                . = ALIGN (0x4)
                0x0000000008005d04                _sidata = LOADADDR (.data)

.data           0x0000000020000000      0x874 load address 0x0000000008005d04
                0x0000000020000000                . = ALIGN (0x4)
                0x0000000020000000                _sdata = .
 *(.data)
 *(.data*)
 .data.flag     0x0000000020000000        0x1 CMakeFiles/stuff_adc.elf.dir/Core/Src/main.c.obj
                0x0000000020000000                flag
 *fill*         0x0000000020000001        0x3 
 .data.SystemCoreClock
                0x0000000020000004        0x4 CMakeFiles/stuff_adc.elf.dir/Core/Src/system_stm32f4xx.c.obj
                0x0000000020000004                SystemCoreClock
 .data.uwTickFreq
                0x0000000020000008        0x1 CMakeFiles/stuff_adc.elf.dir/Drivers/STM32F4xx_HAL_Driver/Src/stm32f4xx_hal.c.obj
                0x0000000020000008                uwTickFreq
 *fill*         0x0000000020000009        0x3 
 .data.uwTickPrio
                0x000000002000000c        0x4 CMakeFiles/stuff_adc.elf.dir/Drivers/STM32F4xx_HAL_Driver/Src/stm32f4xx_hal.c.obj
                0x000000002000000c                uwTickPrio
 .data.CDC_Class
                0x0000000020000010       0x20 CMakeFiles/stuff_adc.elf.dir/Middlewares/ST/STM32_USB_Host_Library/Class/CDC/Src/usbh_cdc.c.obj
                0x0000000020000010                CDC_Class
 .data._impure_ptr
                0x0000000020000030        0x4 /usr/lib/gcc/arm-none-eabi/10.2.0/../../../../arm-none-eabi/lib/thumb/v7e-m/nofp/libg.a(lib_a-impure.o)
                0x0000000020000030                _impure_ptr
 *fill*         0x0000000020000034        0x4 
 .data.impure_data
                0x0000000020000038      0x428 /usr/lib/gcc/arm-none-eabi/10.2.0/../../../../arm-none-eabi/lib/thumb/v7e-m/nofp/libg.a(lib_a-impure.o)
 .data.__malloc_av_
                0x0000000020000460      0x408 /usr/lib/gcc/arm-none-eabi/10.2.0/../../../../arm-none-eabi/lib/thumb/v7e-m/nofp/libg.a(lib_a-mallocr.o)
                0x0000000020000460                __malloc_av_
 .data.__malloc_sbrk_base
                0x0000000020000868        0x4 /usr/lib/gcc/arm-none-eabi/10.2.0/../../../../arm-none-eabi/lib/thumb/v7e-m/nofp/libg.a(lib_a-mallocr.o)
                0x0000000020000868                __malloc_sbrk_base
 .data.__malloc_trim_threshold
                0x000000002000086c        0x4 /usr/lib/gcc/arm-none-eabi/10.2.0/../../../../arm-none-eabi/lib/thumb/v7e-m/nofp/libg.a(lib_a-mallocr.o)
                0x000000002000086c                __malloc_trim_threshold
 .data.__atexit_recursive_mutex
                0x0000000020000870        0x4 /usr/lib/gcc/arm-none-eabi/10.2.0/../../../../arm-none-eabi/lib/thumb/v7e-m/nofp/libg.a(lib_a-__call_atexit.o)
                0x0000000020000870                __atexit_recursive_mutex
                0x0000000020000874                . = ALIGN (0x4)
                0x0000000020000874                _edata = .

.igot.plt       0x0000000020000874        0x0 load address 0x0000000008006578
 .igot.plt      0x0000000020000874        0x0 /usr/lib/gcc/arm-none-eabi/10.2.0/thumb/v7e-m/nofp/crtbegin.o
                0x0000000020000874                . = ALIGN (0x4)

.bss            0x0000000020000874      0x8ec load address 0x0000000008006578
                0x0000000020000874                _sbss = .
                0x0000000020000874                __bss_start__ = _sbss
 *(.bss)
 *(.bss*)
 .bss.completed.1
                0x0000000020000874        0x1 /usr/lib/gcc/arm-none-eabi/10.2.0/thumb/v7e-m/nofp/crtbegin.o
 *fill*         0x0000000020000875        0x3 
 .bss.object.0  0x0000000020000878       0x18 /usr/lib/gcc/arm-none-eabi/10.2.0/thumb/v7e-m/nofp/crtbegin.o
 .bss.adc       0x0000000020000890        0x2 CMakeFiles/stuff_adc.elf.dir/Core/Src/main.c.obj
                0x0000000020000890                adc
 *fill*         0x0000000020000892        0x2 
 .bss.hadc1     0x0000000020000894       0x48 CMakeFiles/stuff_adc.elf.dir/Core/Src/main.c.obj
                0x0000000020000894                hadc1
 .bss.hi2c1     0x00000000200008dc       0x54 CMakeFiles/stuff_adc.elf.dir/Core/Src/main.c.obj
                0x00000000200008dc                hi2c1
 .bss.hi2s2     0x0000000020000930       0x48 CMakeFiles/stuff_adc.elf.dir/Core/Src/main.c.obj
                0x0000000020000930                hi2s2
 .bss.hi2s3     0x0000000020000978       0x48 CMakeFiles/stuff_adc.elf.dir/Core/Src/main.c.obj
                0x0000000020000978                hi2s3
 .bss.hspi1     0x00000000200009c0       0x58 CMakeFiles/stuff_adc.elf.dir/Core/Src/main.c.obj
                0x00000000200009c0                hspi1
 .bss.htim2     0x0000000020000a18       0x40 CMakeFiles/stuff_adc.elf.dir/Core/Src/main.c.obj
                0x0000000020000a18                htim2
 .bss.__sbrk_heap_end
                0x0000000020000a58        0x4 CMakeFiles/stuff_adc.elf.dir/Core/Src/sysmem.c.obj
 .bss.uwTick    0x0000000020000a5c        0x4 CMakeFiles/stuff_adc.elf.dir/Drivers/STM32F4xx_HAL_Driver/Src/stm32f4xx_hal.c.obj
                0x0000000020000a5c                uwTick
 .bss.tmpreg.0  0x0000000020000a60        0x4 CMakeFiles/stuff_adc.elf.dir/Drivers/STM32F4xx_HAL_Driver/Src/stm32f4xx_ll_usb.c.obj
 .bss.Appli_state
                0x0000000020000a64        0x1 CMakeFiles/stuff_adc.elf.dir/USB_HOST/App/usb_host.c.obj
                0x0000000020000a64                Appli_state
 *fill*         0x0000000020000a65        0x3 
 .bss.hUsbHostFS
                0x0000000020000a68      0x3d8 CMakeFiles/stuff_adc.elf.dir/USB_HOST/App/usb_host.c.obj
                0x0000000020000a68                hUsbHostFS
 .bss.hhcd_USB_OTG_FS
                0x0000000020000e40      0x2c4 CMakeFiles/stuff_adc.elf.dir/USB_HOST/Target/usbh_conf.c.obj
                0x0000000020000e40                hhcd_USB_OTG_FS
 .bss.__malloc_current_mallinfo
                0x0000000020001104       0x28 /usr/lib/gcc/arm-none-eabi/10.2.0/../../../../arm-none-eabi/lib/thumb/v7e-m/nofp/libg.a(lib_a-mallocr.o)
                0x0000000020001104                __malloc_current_mallinfo
 .bss.__malloc_max_sbrked_mem
                0x000000002000112c        0x4 /usr/lib/gcc/arm-none-eabi/10.2.0/../../../../arm-none-eabi/lib/thumb/v7e-m/nofp/libg.a(lib_a-mallocr.o)
                0x000000002000112c                __malloc_max_sbrked_mem
 .bss.__malloc_max_total_mem
                0x0000000020001130        0x4 /usr/lib/gcc/arm-none-eabi/10.2.0/../../../../arm-none-eabi/lib/thumb/v7e-m/nofp/libg.a(lib_a-mallocr.o)
                0x0000000020001130                __malloc_max_total_mem
 .bss.__malloc_top_pad
                0x0000000020001134        0x4 /usr/lib/gcc/arm-none-eabi/10.2.0/../../../../arm-none-eabi/lib/thumb/v7e-m/nofp/libg.a(lib_a-mallocr.o)
                0x0000000020001134                __malloc_top_pad
 *(COMMON)
 COMMON         0x0000000020001138       0x21 /usr/lib/gcc/arm-none-eabi/10.2.0/../../../../arm-none-eabi/lib/thumb/v7e-m/nofp/libg.a(lib_a-lock.o)
                0x0000000020001138                __lock___atexit_recursive_mutex
                0x000000002000113c                __lock___arc4random_mutex
                0x0000000020001140                __lock___env_recursive_mutex
                0x0000000020001144                __lock___sinit_recursive_mutex
                0x0000000020001148                __lock___malloc_recursive_mutex
                0x000000002000114c                __lock___at_quick_exit_mutex
                0x0000000020001150                __lock___dd_hash_mutex
                0x0000000020001154                __lock___tz_mutex
                0x0000000020001158                __lock___sfp_recursive_mutex
 *fill*         0x0000000020001159        0x3 
 COMMON         0x000000002000115c        0x4 /usr/lib/gcc/arm-none-eabi/10.2.0/../../../../arm-none-eabi/lib/thumb/v7e-m/nofp/libg.a(lib_a-reent.o)
                0x000000002000115c                errno
                0x0000000020001160                . = ALIGN (0x4)
                0x0000000020001160                _ebss = .
                0x0000000020001160                __bss_end__ = _ebss

._user_heap_stack
                0x0000000020001160      0x600 load address 0x0000000008006578
                0x0000000020001160                . = ALIGN (0x8)
                [!provide]                        PROVIDE (end = .)
                0x0000000020001160                PROVIDE (_end = .)
                0x0000000020001360                . = (. + _Min_Heap_Size)
 *fill*         0x0000000020001160      0x200 
                0x0000000020001760                . = (. + _Min_Stack_Size)
 *fill*         0x0000000020001360      0x400 
                0x0000000020001760                . = ALIGN (0x8)

/DISCARD/
 libc.a(*)
 libm.a(*)
 libgcc.a(*)

.ARM.attributes
                0x0000000000000000       0x2a
 *(.ARM.attributes)
 .ARM.attributes
                0x0000000000000000       0x1e /usr/lib/gcc/arm-none-eabi/10.2.0/thumb/v7e-m/nofp/crti.o
 .ARM.attributes
                0x000000000000001e       0x2e /usr/lib/gcc/arm-none-eabi/10.2.0/thumb/v7e-m/nofp/crtbegin.o
 .ARM.attributes
                0x000000000000004c       0x2e CMakeFiles/stuff_adc.elf.dir/Core/Src/main.c.obj
 .ARM.attributes
                0x000000000000007a       0x2e CMakeFiles/stuff_adc.elf.dir/Core/Src/stm32f4xx_hal_msp.c.obj
 .ARM.attributes
                0x00000000000000a8       0x2e CMakeFiles/stuff_adc.elf.dir/Core/Src/stm32f4xx_it.c.obj
 .ARM.attributes
                0x00000000000000d6       0x2e CMakeFiles/stuff_adc.elf.dir/Core/Src/sysmem.c.obj
 .ARM.attributes
                0x0000000000000104       0x2e CMakeFiles/stuff_adc.elf.dir/Core/Src/system_stm32f4xx.c.obj
 .ARM.attributes
                0x0000000000000132       0x21 CMakeFiles/stuff_adc.elf.dir/Core/Startup/startup_stm32f411vetx.s.obj
 .ARM.attributes
                0x0000000000000153       0x2e CMakeFiles/stuff_adc.elf.dir/Drivers/STM32F4xx_HAL_Driver/Src/stm32f4xx_hal.c.obj
 .ARM.attributes
                0x0000000000000181       0x2e CMakeFiles/stuff_adc.elf.dir/Drivers/STM32F4xx_HAL_Driver/Src/stm32f4xx_hal_adc.c.obj
 .ARM.attributes
                0x00000000000001af       0x2e CMakeFiles/stuff_adc.elf.dir/Drivers/STM32F4xx_HAL_Driver/Src/stm32f4xx_hal_adc_ex.c.obj
 .ARM.attributes
                0x00000000000001dd       0x2e CMakeFiles/stuff_adc.elf.dir/Drivers/STM32F4xx_HAL_Driver/Src/stm32f4xx_hal_cortex.c.obj
 .ARM.attributes
                0x000000000000020b       0x2e CMakeFiles/stuff_adc.elf.dir/Drivers/STM32F4xx_HAL_Driver/Src/stm32f4xx_hal_gpio.c.obj
 .ARM.attributes
                0x0000000000000239       0x2e CMakeFiles/stuff_adc.elf.dir/Drivers/STM32F4xx_HAL_Driver/Src/stm32f4xx_hal_hcd.c.obj
 .ARM.attributes
                0x0000000000000267       0x2e CMakeFiles/stuff_adc.elf.dir/Drivers/STM32F4xx_HAL_Driver/Src/stm32f4xx_hal_i2c.c.obj
 .ARM.attributes
                0x0000000000000295       0x2e CMakeFiles/stuff_adc.elf.dir/Drivers/STM32F4xx_HAL_Driver/Src/stm32f4xx_hal_i2s.c.obj
 .ARM.attributes
                0x00000000000002c3       0x2e CMakeFiles/stuff_adc.elf.dir/Drivers/STM32F4xx_HAL_Driver/Src/stm32f4xx_hal_i2s_ex.c.obj
 .ARM.attributes
                0x00000000000002f1       0x2e CMakeFiles/stuff_adc.elf.dir/Drivers/STM32F4xx_HAL_Driver/Src/stm32f4xx_hal_rcc.c.obj
 .ARM.attributes
                0x000000000000031f       0x2e CMakeFiles/stuff_adc.elf.dir/Drivers/STM32F4xx_HAL_Driver/Src/stm32f4xx_hal_rcc_ex.c.obj
 .ARM.attributes
                0x000000000000034d       0x2e CMakeFiles/stuff_adc.elf.dir/Drivers/STM32F4xx_HAL_Driver/Src/stm32f4xx_hal_spi.c.obj
 .ARM.attributes
                0x000000000000037b       0x2e CMakeFiles/stuff_adc.elf.dir/Drivers/STM32F4xx_HAL_Driver/Src/stm32f4xx_hal_tim.c.obj
 .ARM.attributes
                0x00000000000003a9       0x2e CMakeFiles/stuff_adc.elf.dir/Drivers/STM32F4xx_HAL_Driver/Src/stm32f4xx_hal_tim_ex.c.obj
 .ARM.attributes
                0x00000000000003d7       0x2e CMakeFiles/stuff_adc.elf.dir/Drivers/STM32F4xx_HAL_Driver/Src/stm32f4xx_ll_usb.c.obj
 .ARM.attributes
                0x0000000000000405       0x2e CMakeFiles/stuff_adc.elf.dir/Middlewares/ST/STM32_USB_Host_Library/Class/CDC/Src/usbh_cdc.c.obj
 .ARM.attributes
                0x0000000000000433       0x2e CMakeFiles/stuff_adc.elf.dir/Middlewares/ST/STM32_USB_Host_Library/Core/Src/usbh_core.c.obj
 .ARM.attributes
                0x0000000000000461       0x2e CMakeFiles/stuff_adc.elf.dir/Middlewares/ST/STM32_USB_Host_Library/Core/Src/usbh_ctlreq.c.obj
 .ARM.attributes
                0x000000000000048f       0x2e CMakeFiles/stuff_adc.elf.dir/Middlewares/ST/STM32_USB_Host_Library/Core/Src/usbh_ioreq.c.obj
 .ARM.attributes
                0x00000000000004bd       0x2e CMakeFiles/stuff_adc.elf.dir/Middlewares/ST/STM32_USB_Host_Library/Core/Src/usbh_pipes.c.obj
 .ARM.attributes
                0x00000000000004eb       0x2e CMakeFiles/stuff_adc.elf.dir/USB_HOST/App/usb_host.c.obj
 .ARM.attributes
                0x0000000000000519       0x2e CMakeFiles/stuff_adc.elf.dir/USB_HOST/Target/usbh_conf.c.obj
 .ARM.attributes
                0x0000000000000547       0x2e CMakeFiles/stuff_adc.elf.dir/USB_HOST/Target/usbh_platform.c.obj
 .ARM.attributes
                0x0000000000000575       0x1e /usr/lib/gcc/arm-none-eabi/10.2.0/thumb/v7e-m/nofp/libgcc.a(_aeabi_uldivmod.o)
 .ARM.attributes
                0x0000000000000593       0x2e /usr/lib/gcc/arm-none-eabi/10.2.0/thumb/v7e-m/nofp/libgcc.a(_udivmoddi4.o)
 .ARM.attributes
                0x00000000000005c1       0x1e /usr/lib/gcc/arm-none-eabi/10.2.0/thumb/v7e-m/nofp/libgcc.a(_dvmd_tls.o)
 .ARM.attributes
                0x00000000000005df       0x2e /usr/lib/gcc/arm-none-eabi/10.2.0/../../../../arm-none-eabi/lib/thumb/v7e-m/nofp/libg.a(lib_a-atexit.o)
 .ARM.attributes
                0x000000000000060d       0x2e /usr/lib/gcc/arm-none-eabi/10.2.0/../../../../arm-none-eabi/lib/thumb/v7e-m/nofp/libg.a(lib_a-errno.o)
 .ARM.attributes
                0x000000000000063b       0x2e /usr/lib/gcc/arm-none-eabi/10.2.0/../../../../arm-none-eabi/lib/thumb/v7e-m/nofp/libg.a(lib_a-fini.o)
 .ARM.attributes
                0x0000000000000669       0x2e /usr/lib/gcc/arm-none-eabi/10.2.0/../../../../arm-none-eabi/lib/thumb/v7e-m/nofp/libg.a(lib_a-impure.o)
 .ARM.attributes
                0x0000000000000697       0x2e /usr/lib/gcc/arm-none-eabi/10.2.0/../../../../arm-none-eabi/lib/thumb/v7e-m/nofp/libg.a(lib_a-init.o)
 .ARM.attributes
                0x00000000000006c5       0x2e /usr/lib/gcc/arm-none-eabi/10.2.0/../../../../arm-none-eabi/lib/thumb/v7e-m/nofp/libg.a(lib_a-malloc.o)
 .ARM.attributes
                0x00000000000006f3       0x2e /usr/lib/gcc/arm-none-eabi/10.2.0/../../../../arm-none-eabi/lib/thumb/v7e-m/nofp/libg.a(lib_a-mallocr.o)
 .ARM.attributes
                0x0000000000000721       0x2e /usr/lib/gcc/arm-none-eabi/10.2.0/../../../../arm-none-eabi/lib/thumb/v7e-m/nofp/libg.a(lib_a-memset.o)
 .ARM.attributes
                0x000000000000074f       0x2e /usr/lib/gcc/arm-none-eabi/10.2.0/../../../../arm-none-eabi/lib/thumb/v7e-m/nofp/libg.a(lib_a-mlock.o)
 .ARM.attributes
                0x000000000000077d       0x2e /usr/lib/gcc/arm-none-eabi/10.2.0/../../../../arm-none-eabi/lib/thumb/v7e-m/nofp/libg.a(lib_a-sbrkr.o)
 .ARM.attributes
                0x00000000000007ab       0x2e /usr/lib/gcc/arm-none-eabi/10.2.0/../../../../arm-none-eabi/lib/thumb/v7e-m/nofp/libg.a(lib_a-__atexit.o)
 .ARM.attributes
                0x00000000000007d9       0x2e /usr/lib/gcc/arm-none-eabi/10.2.0/../../../../arm-none-eabi/lib/thumb/v7e-m/nofp/libg.a(lib_a-__call_atexit.o)
 .ARM.attributes
                0x0000000000000807       0x2e /usr/lib/gcc/arm-none-eabi/10.2.0/../../../../arm-none-eabi/lib/thumb/v7e-m/nofp/libg.a(lib_a-freer.o)
 .ARM.attributes
                0x0000000000000835       0x2e /usr/lib/gcc/arm-none-eabi/10.2.0/../../../../arm-none-eabi/lib/thumb/v7e-m/nofp/libg.a(lib_a-lock.o)
 .ARM.attributes
                0x0000000000000863       0x2e /usr/lib/gcc/arm-none-eabi/10.2.0/../../../../arm-none-eabi/lib/thumb/v7e-m/nofp/libg.a(lib_a-reent.o)
 .ARM.attributes
                0x0000000000000891       0x1e /usr/lib/gcc/arm-none-eabi/10.2.0/thumb/v7e-m/nofp/crtn.o
OUTPUT(stuff_adc.elf elf32-littlearm)
LOAD linker stubs
LOAD /usr/lib/gcc/arm-none-eabi/10.2.0/../../../../arm-none-eabi/lib/thumb/v7e-m/nofp/libc.a
LOAD /usr/lib/gcc/arm-none-eabi/10.2.0/../../../../arm-none-eabi/lib/thumb/v7e-m/nofp/libm.a
LOAD /usr/lib/gcc/arm-none-eabi/10.2.0/thumb/v7e-m/nofp/libgcc.a

.debug_info     0x0000000000000000    0x214ad
 .debug_info    0x0000000000000000     0x1d85 CMakeFiles/stuff_adc.elf.dir/Core/Src/main.c.obj
 .debug_info    0x0000000000001d85     0x19e2 CMakeFiles/stuff_adc.elf.dir/Core/Src/stm32f4xx_hal_msp.c.obj
 .debug_info    0x0000000000003767      0xb65 CMakeFiles/stuff_adc.elf.dir/Core/Src/stm32f4xx_it.c.obj
 .debug_info    0x00000000000042cc      0x174 CMakeFiles/stuff_adc.elf.dir/Core/Src/sysmem.c.obj
 .debug_info    0x0000000000004440      0x564 CMakeFiles/stuff_adc.elf.dir/Core/Src/system_stm32f4xx.c.obj
 .debug_info    0x00000000000049a4       0x22 CMakeFiles/stuff_adc.elf.dir/Core/Startup/startup_stm32f411vetx.s.obj
 .debug_info    0x00000000000049c6      0x982 CMakeFiles/stuff_adc.elf.dir/Drivers/STM32F4xx_HAL_Driver/Src/stm32f4xx_hal.c.obj
 .debug_info    0x0000000000005348      0xeaf CMakeFiles/stuff_adc.elf.dir/Drivers/STM32F4xx_HAL_Driver/Src/stm32f4xx_hal_adc.c.obj
 .debug_info    0x00000000000061f7      0xca2 CMakeFiles/stuff_adc.elf.dir/Drivers/STM32F4xx_HAL_Driver/Src/stm32f4xx_hal_adc_ex.c.obj
 .debug_info    0x0000000000006e99     0x1008 CMakeFiles/stuff_adc.elf.dir/Drivers/STM32F4xx_HAL_Driver/Src/stm32f4xx_hal_cortex.c.obj
 .debug_info    0x0000000000007ea1      0x7bf CMakeFiles/stuff_adc.elf.dir/Drivers/STM32F4xx_HAL_Driver/Src/stm32f4xx_hal_gpio.c.obj
 .debug_info    0x0000000000008660     0x1415 CMakeFiles/stuff_adc.elf.dir/Drivers/STM32F4xx_HAL_Driver/Src/stm32f4xx_hal_hcd.c.obj
 .debug_info    0x0000000000009a75     0x3917 CMakeFiles/stuff_adc.elf.dir/Drivers/STM32F4xx_HAL_Driver/Src/stm32f4xx_hal_i2c.c.obj
 .debug_info    0x000000000000d38c     0x11a5 CMakeFiles/stuff_adc.elf.dir/Drivers/STM32F4xx_HAL_Driver/Src/stm32f4xx_hal_i2s.c.obj
 .debug_info    0x000000000000e531      0xe34 CMakeFiles/stuff_adc.elf.dir/Drivers/STM32F4xx_HAL_Driver/Src/stm32f4xx_hal_i2s_ex.c.obj
 .debug_info    0x000000000000f365      0xb2b CMakeFiles/stuff_adc.elf.dir/Drivers/STM32F4xx_HAL_Driver/Src/stm32f4xx_hal_rcc.c.obj
 .debug_info    0x000000000000fe90      0x6f3 CMakeFiles/stuff_adc.elf.dir/Drivers/STM32F4xx_HAL_Driver/Src/stm32f4xx_hal_rcc_ex.c.obj
 .debug_info    0x0000000000010583     0x1e2d CMakeFiles/stuff_adc.elf.dir/Drivers/STM32F4xx_HAL_Driver/Src/stm32f4xx_hal_spi.c.obj
 .debug_info    0x00000000000123b0     0x35d1 CMakeFiles/stuff_adc.elf.dir/Drivers/STM32F4xx_HAL_Driver/Src/stm32f4xx_hal_tim.c.obj
 .debug_info    0x0000000000015981     0x1603 CMakeFiles/stuff_adc.elf.dir/Drivers/STM32F4xx_HAL_Driver/Src/stm32f4xx_hal_tim_ex.c.obj
 .debug_info    0x0000000000016f84     0x1e79 CMakeFiles/stuff_adc.elf.dir/Drivers/STM32F4xx_HAL_Driver/Src/stm32f4xx_ll_usb.c.obj
 .debug_info    0x0000000000018dfd     0x17f7 CMakeFiles/stuff_adc.elf.dir/Middlewares/ST/STM32_USB_Host_Library/Class/CDC/Src/usbh_cdc.c.obj
 .debug_info    0x000000000001a5f4     0x1515 CMakeFiles/stuff_adc.elf.dir/Middlewares/ST/STM32_USB_Host_Library/Core/Src/usbh_core.c.obj
 .debug_info    0x000000000001bb09     0x1399 CMakeFiles/stuff_adc.elf.dir/Middlewares/ST/STM32_USB_Host_Library/Core/Src/usbh_ctlreq.c.obj
 .debug_info    0x000000000001cea2      0xf22 CMakeFiles/stuff_adc.elf.dir/Middlewares/ST/STM32_USB_Host_Library/Core/Src/usbh_ioreq.c.obj
 .debug_info    0x000000000001ddc4      0xb81 CMakeFiles/stuff_adc.elf.dir/Middlewares/ST/STM32_USB_Host_Library/Core/Src/usbh_pipes.c.obj
 .debug_info    0x000000000001e945      0xae7 CMakeFiles/stuff_adc.elf.dir/USB_HOST/App/usb_host.c.obj
 .debug_info    0x000000000001f42c     0x1e8c CMakeFiles/stuff_adc.elf.dir/USB_HOST/Target/usbh_conf.c.obj
 .debug_info    0x00000000000212b8      0x1f5 CMakeFiles/stuff_adc.elf.dir/USB_HOST/Target/usbh_platform.c.obj

.debug_abbrev   0x0000000000000000     0x411c
 .debug_abbrev  0x0000000000000000      0x278 CMakeFiles/stuff_adc.elf.dir/Core/Src/main.c.obj
 .debug_abbrev  0x0000000000000278      0x21d CMakeFiles/stuff_adc.elf.dir/Core/Src/stm32f4xx_hal_msp.c.obj
 .debug_abbrev  0x0000000000000495      0x1bb CMakeFiles/stuff_adc.elf.dir/Core/Src/stm32f4xx_it.c.obj
 .debug_abbrev  0x0000000000000650       0xe7 CMakeFiles/stuff_adc.elf.dir/Core/Src/sysmem.c.obj
 .debug_abbrev  0x0000000000000737      0x119 CMakeFiles/stuff_adc.elf.dir/Core/Src/system_stm32f4xx.c.obj
 .debug_abbrev  0x0000000000000850       0x12 CMakeFiles/stuff_adc.elf.dir/Core/Startup/startup_stm32f411vetx.s.obj
 .debug_abbrev  0x0000000000000862      0x237 CMakeFiles/stuff_adc.elf.dir/Drivers/STM32F4xx_HAL_Driver/Src/stm32f4xx_hal.c.obj
 .debug_abbrev  0x0000000000000a99      0x1fa CMakeFiles/stuff_adc.elf.dir/Drivers/STM32F4xx_HAL_Driver/Src/stm32f4xx_hal_adc.c.obj
 .debug_abbrev  0x0000000000000c93      0x253 CMakeFiles/stuff_adc.elf.dir/Drivers/STM32F4xx_HAL_Driver/Src/stm32f4xx_hal_adc_ex.c.obj
 .debug_abbrev  0x0000000000000ee6      0x36a CMakeFiles/stuff_adc.elf.dir/Drivers/STM32F4xx_HAL_Driver/Src/stm32f4xx_hal_cortex.c.obj
 .debug_abbrev  0x0000000000001250      0x1ef CMakeFiles/stuff_adc.elf.dir/Drivers/STM32F4xx_HAL_Driver/Src/stm32f4xx_hal_gpio.c.obj
 .debug_abbrev  0x000000000000143f      0x29d CMakeFiles/stuff_adc.elf.dir/Drivers/STM32F4xx_HAL_Driver/Src/stm32f4xx_hal_hcd.c.obj
 .debug_abbrev  0x00000000000016dc      0x290 CMakeFiles/stuff_adc.elf.dir/Drivers/STM32F4xx_HAL_Driver/Src/stm32f4xx_hal_i2c.c.obj
 .debug_abbrev  0x000000000000196c      0x247 CMakeFiles/stuff_adc.elf.dir/Drivers/STM32F4xx_HAL_Driver/Src/stm32f4xx_hal_i2s.c.obj
 .debug_abbrev  0x0000000000001bb3      0x293 CMakeFiles/stuff_adc.elf.dir/Drivers/STM32F4xx_HAL_Driver/Src/stm32f4xx_hal_i2s_ex.c.obj
 .debug_abbrev  0x0000000000001e46      0x28a CMakeFiles/stuff_adc.elf.dir/Drivers/STM32F4xx_HAL_Driver/Src/stm32f4xx_hal_rcc.c.obj
 .debug_abbrev  0x00000000000020d0      0x180 CMakeFiles/stuff_adc.elf.dir/Drivers/STM32F4xx_HAL_Driver/Src/stm32f4xx_hal_rcc_ex.c.obj
 .debug_abbrev  0x0000000000002250      0x24e CMakeFiles/stuff_adc.elf.dir/Drivers/STM32F4xx_HAL_Driver/Src/stm32f4xx_hal_spi.c.obj
 .debug_abbrev  0x000000000000249e      0x23c CMakeFiles/stuff_adc.elf.dir/Drivers/STM32F4xx_HAL_Driver/Src/stm32f4xx_hal_tim.c.obj
 .debug_abbrev  0x00000000000026da      0x252 CMakeFiles/stuff_adc.elf.dir/Drivers/STM32F4xx_HAL_Driver/Src/stm32f4xx_hal_tim_ex.c.obj
 .debug_abbrev  0x000000000000292c      0x2cb CMakeFiles/stuff_adc.elf.dir/Drivers/STM32F4xx_HAL_Driver/Src/stm32f4xx_ll_usb.c.obj
 .debug_abbrev  0x0000000000002bf7      0x33a CMakeFiles/stuff_adc.elf.dir/Middlewares/ST/STM32_USB_Host_Library/Class/CDC/Src/usbh_cdc.c.obj
 .debug_abbrev  0x0000000000002f31      0x341 CMakeFiles/stuff_adc.elf.dir/Middlewares/ST/STM32_USB_Host_Library/Core/Src/usbh_core.c.obj
 .debug_abbrev  0x0000000000003272      0x308 CMakeFiles/stuff_adc.elf.dir/Middlewares/ST/STM32_USB_Host_Library/Core/Src/usbh_ctlreq.c.obj
 .debug_abbrev  0x000000000000357a      0x22c CMakeFiles/stuff_adc.elf.dir/Middlewares/ST/STM32_USB_Host_Library/Core/Src/usbh_ioreq.c.obj
 .debug_abbrev  0x00000000000037a6      0x274 CMakeFiles/stuff_adc.elf.dir/Middlewares/ST/STM32_USB_Host_Library/Core/Src/usbh_pipes.c.obj
 .debug_abbrev  0x0000000000003a1a      0x271 CMakeFiles/stuff_adc.elf.dir/USB_HOST/App/usb_host.c.obj
 .debug_abbrev  0x0000000000003c8b      0x375 CMakeFiles/stuff_adc.elf.dir/USB_HOST/Target/usbh_conf.c.obj
 .debug_abbrev  0x0000000000004000      0x11c CMakeFiles/stuff_adc.elf.dir/USB_HOST/Target/usbh_platform.c.obj

.debug_loc      0x0000000000000000    0x15571
 .debug_loc     0x0000000000000000       0x42 CMakeFiles/stuff_adc.elf.dir/Core/Src/main.c.obj
 .debug_loc     0x0000000000000042      0x22d CMakeFiles/stuff_adc.elf.dir/Core/Src/stm32f4xx_hal_msp.c.obj
 .debug_loc     0x000000000000026f       0x64 CMakeFiles/stuff_adc.elf.dir/Core/Src/sysmem.c.obj
 .debug_loc     0x00000000000002d3      0x158 CMakeFiles/stuff_adc.elf.dir/Core/Src/system_stm32f4xx.c.obj
 .debug_loc     0x000000000000042b      0x141 CMakeFiles/stuff_adc.elf.dir/Drivers/STM32F4xx_HAL_Driver/Src/stm32f4xx_hal.c.obj
 .debug_loc     0x000000000000056c      0xaa2 CMakeFiles/stuff_adc.elf.dir/Drivers/STM32F4xx_HAL_Driver/Src/stm32f4xx_hal_adc.c.obj
 .debug_loc     0x000000000000100e      0xa1d CMakeFiles/stuff_adc.elf.dir/Drivers/STM32F4xx_HAL_Driver/Src/stm32f4xx_hal_adc_ex.c.obj
 .debug_loc     0x0000000000001a2b      0x744 CMakeFiles/stuff_adc.elf.dir/Drivers/STM32F4xx_HAL_Driver/Src/stm32f4xx_hal_cortex.c.obj
 .debug_loc     0x000000000000216f      0x4ff CMakeFiles/stuff_adc.elf.dir/Drivers/STM32F4xx_HAL_Driver/Src/stm32f4xx_hal_gpio.c.obj
 .debug_loc     0x000000000000266e      0xfb5 CMakeFiles/stuff_adc.elf.dir/Drivers/STM32F4xx_HAL_Driver/Src/stm32f4xx_hal_hcd.c.obj
 .debug_loc     0x0000000000003623     0x3f8e CMakeFiles/stuff_adc.elf.dir/Drivers/STM32F4xx_HAL_Driver/Src/stm32f4xx_hal_i2c.c.obj
 .debug_loc     0x00000000000075b1      0xfa1 CMakeFiles/stuff_adc.elf.dir/Drivers/STM32F4xx_HAL_Driver/Src/stm32f4xx_hal_i2s.c.obj
 .debug_loc     0x0000000000008552      0xaf5 CMakeFiles/stuff_adc.elf.dir/Drivers/STM32F4xx_HAL_Driver/Src/stm32f4xx_hal_i2s_ex.c.obj
 .debug_loc     0x0000000000009047      0x58c CMakeFiles/stuff_adc.elf.dir/Drivers/STM32F4xx_HAL_Driver/Src/stm32f4xx_hal_rcc.c.obj
 .debug_loc     0x00000000000095d3      0x3df CMakeFiles/stuff_adc.elf.dir/Drivers/STM32F4xx_HAL_Driver/Src/stm32f4xx_hal_rcc_ex.c.obj
 .debug_loc     0x00000000000099b2     0x1d48 CMakeFiles/stuff_adc.elf.dir/Drivers/STM32F4xx_HAL_Driver/Src/stm32f4xx_hal_spi.c.obj
 .debug_loc     0x000000000000b6fa     0x3bb6 CMakeFiles/stuff_adc.elf.dir/Drivers/STM32F4xx_HAL_Driver/Src/stm32f4xx_hal_tim.c.obj
 .debug_loc     0x000000000000f2b0     0x115d CMakeFiles/stuff_adc.elf.dir/Drivers/STM32F4xx_HAL_Driver/Src/stm32f4xx_hal_tim_ex.c.obj
 .debug_loc     0x000000000001040d     0x23c8 CMakeFiles/stuff_adc.elf.dir/Drivers/STM32F4xx_HAL_Driver/Src/stm32f4xx_ll_usb.c.obj
 .debug_loc     0x00000000000127d5      0x778 CMakeFiles/stuff_adc.elf.dir/Middlewares/ST/STM32_USB_Host_Library/Class/CDC/Src/usbh_cdc.c.obj
 .debug_loc     0x0000000000012f4d      0x90e CMakeFiles/stuff_adc.elf.dir/Middlewares/ST/STM32_USB_Host_Library/Core/Src/usbh_core.c.obj
 .debug_loc     0x000000000001385b      0xc94 CMakeFiles/stuff_adc.elf.dir/Middlewares/ST/STM32_USB_Host_Library/Core/Src/usbh_ctlreq.c.obj
 .debug_loc     0x00000000000144ef      0x558 CMakeFiles/stuff_adc.elf.dir/Middlewares/ST/STM32_USB_Host_Library/Core/Src/usbh_ioreq.c.obj
 .debug_loc     0x0000000000014a47      0x1f6 CMakeFiles/stuff_adc.elf.dir/Middlewares/ST/STM32_USB_Host_Library/Core/Src/usbh_pipes.c.obj
 .debug_loc     0x0000000000014c3d      0x8d3 CMakeFiles/stuff_adc.elf.dir/USB_HOST/Target/usbh_conf.c.obj
 .debug_loc     0x0000000000015510       0x61 CMakeFiles/stuff_adc.elf.dir/USB_HOST/Target/usbh_platform.c.obj

.debug_aranges  0x0000000000000000     0x1758
 .debug_aranges
                0x0000000000000000       0x70 CMakeFiles/stuff_adc.elf.dir/Core/Src/main.c.obj
 .debug_aranges
                0x0000000000000070       0x70 CMakeFiles/stuff_adc.elf.dir/Core/Src/stm32f4xx_hal_msp.c.obj
 .debug_aranges
                0x00000000000000e0       0x70 CMakeFiles/stuff_adc.elf.dir/Core/Src/stm32f4xx_it.c.obj
 .debug_aranges
                0x0000000000000150       0x20 CMakeFiles/stuff_adc.elf.dir/Core/Src/sysmem.c.obj
 .debug_aranges
                0x0000000000000170       0x28 CMakeFiles/stuff_adc.elf.dir/Core/Src/system_stm32f4xx.c.obj
 .debug_aranges
                0x0000000000000198       0x28 CMakeFiles/stuff_adc.elf.dir/Core/Startup/startup_stm32f411vetx.s.obj
 .debug_aranges
                0x00000000000001c0       0xf0 CMakeFiles/stuff_adc.elf.dir/Drivers/STM32F4xx_HAL_Driver/Src/stm32f4xx_hal.c.obj
 .debug_aranges
                0x00000000000002b0       0xe8 CMakeFiles/stuff_adc.elf.dir/Drivers/STM32F4xx_HAL_Driver/Src/stm32f4xx_hal_adc.c.obj
 .debug_aranges
                0x0000000000000398       0x90 CMakeFiles/stuff_adc.elf.dir/Drivers/STM32F4xx_HAL_Driver/Src/stm32f4xx_hal_adc_ex.c.obj
 .debug_aranges
                0x0000000000000428       0xa8 CMakeFiles/stuff_adc.elf.dir/Drivers/STM32F4xx_HAL_Driver/Src/stm32f4xx_hal_cortex.c.obj
 .debug_aranges
                0x00000000000004d0       0x58 CMakeFiles/stuff_adc.elf.dir/Drivers/STM32F4xx_HAL_Driver/Src/stm32f4xx_hal_gpio.c.obj
 .debug_aranges
                0x0000000000000528       0xf8 CMakeFiles/stuff_adc.elf.dir/Drivers/STM32F4xx_HAL_Driver/Src/stm32f4xx_hal_hcd.c.obj
 .debug_aranges
                0x0000000000000620      0x2a0 CMakeFiles/stuff_adc.elf.dir/Drivers/STM32F4xx_HAL_Driver/Src/stm32f4xx_hal_i2c.c.obj
 .debug_aranges
                0x00000000000008c0      0x108 CMakeFiles/stuff_adc.elf.dir/Drivers/STM32F4xx_HAL_Driver/Src/stm32f4xx_hal_i2s.c.obj
 .debug_aranges
                0x00000000000009c8       0x88 CMakeFiles/stuff_adc.elf.dir/Drivers/STM32F4xx_HAL_Driver/Src/stm32f4xx_hal_i2s_ex.c.obj
 .debug_aranges
                0x0000000000000a50       0x88 CMakeFiles/stuff_adc.elf.dir/Drivers/STM32F4xx_HAL_Driver/Src/stm32f4xx_hal_rcc.c.obj
 .debug_aranges
                0x0000000000000ad8       0x50 CMakeFiles/stuff_adc.elf.dir/Drivers/STM32F4xx_HAL_Driver/Src/stm32f4xx_hal_rcc_ex.c.obj
 .debug_aranges
                0x0000000000000b28      0x1d0 CMakeFiles/stuff_adc.elf.dir/Drivers/STM32F4xx_HAL_Driver/Src/stm32f4xx_hal_spi.c.obj
 .debug_aranges
                0x0000000000000cf8      0x3a8 CMakeFiles/stuff_adc.elf.dir/Drivers/STM32F4xx_HAL_Driver/Src/stm32f4xx_hal_tim.c.obj
 .debug_aranges
                0x00000000000010a0      0x150 CMakeFiles/stuff_adc.elf.dir/Drivers/STM32F4xx_HAL_Driver/Src/stm32f4xx_hal_tim_ex.c.obj
 .debug_aranges
                0x00000000000011f0      0x198 CMakeFiles/stuff_adc.elf.dir/Drivers/STM32F4xx_HAL_Driver/Src/stm32f4xx_ll_usb.c.obj
 .debug_aranges
                0x0000000000001388       0xa8 CMakeFiles/stuff_adc.elf.dir/Middlewares/ST/STM32_USB_Host_Library/Class/CDC/Src/usbh_cdc.c.obj
 .debug_aranges
                0x0000000000001430       0xc0 CMakeFiles/stuff_adc.elf.dir/Middlewares/ST/STM32_USB_Host_Library/Core/Src/usbh_core.c.obj
 .debug_aranges
                0x00000000000014f0       0xa0 CMakeFiles/stuff_adc.elf.dir/Middlewares/ST/STM32_USB_Host_Library/Core/Src/usbh_ctlreq.c.obj
 .debug_aranges
                0x0000000000001590       0x60 CMakeFiles/stuff_adc.elf.dir/Middlewares/ST/STM32_USB_Host_Library/Core/Src/usbh_ioreq.c.obj
 .debug_aranges
                0x00000000000015f0       0x40 CMakeFiles/stuff_adc.elf.dir/Middlewares/ST/STM32_USB_Host_Library/Core/Src/usbh_pipes.c.obj
 .debug_aranges
                0x0000000000001630       0x30 CMakeFiles/stuff_adc.elf.dir/USB_HOST/App/usb_host.c.obj
 .debug_aranges
                0x0000000000001660       0xd8 CMakeFiles/stuff_adc.elf.dir/USB_HOST/Target/usbh_conf.c.obj
 .debug_aranges
                0x0000000000001738       0x20 CMakeFiles/stuff_adc.elf.dir/USB_HOST/Target/usbh_platform.c.obj

.debug_ranges   0x0000000000000000     0x1668
 .debug_ranges  0x0000000000000000       0x60 CMakeFiles/stuff_adc.elf.dir/Core/Src/main.c.obj
 .debug_ranges  0x0000000000000060       0x60 CMakeFiles/stuff_adc.elf.dir/Core/Src/stm32f4xx_hal_msp.c.obj
 .debug_ranges  0x00000000000000c0       0x60 CMakeFiles/stuff_adc.elf.dir/Core/Src/stm32f4xx_it.c.obj
 .debug_ranges  0x0000000000000120       0x10 CMakeFiles/stuff_adc.elf.dir/Core/Src/sysmem.c.obj
 .debug_ranges  0x0000000000000130       0x18 CMakeFiles/stuff_adc.elf.dir/Core/Src/system_stm32f4xx.c.obj
 .debug_ranges  0x0000000000000148       0x20 CMakeFiles/stuff_adc.elf.dir/Core/Startup/startup_stm32f411vetx.s.obj
 .debug_ranges  0x0000000000000168       0xe0 CMakeFiles/stuff_adc.elf.dir/Drivers/STM32F4xx_HAL_Driver/Src/stm32f4xx_hal.c.obj
 .debug_ranges  0x0000000000000248       0xd8 CMakeFiles/stuff_adc.elf.dir/Drivers/STM32F4xx_HAL_Driver/Src/stm32f4xx_hal_adc.c.obj
 .debug_ranges  0x0000000000000320       0x80 CMakeFiles/stuff_adc.elf.dir/Drivers/STM32F4xx_HAL_Driver/Src/stm32f4xx_hal_adc_ex.c.obj
 .debug_ranges  0x00000000000003a0       0xf8 CMakeFiles/stuff_adc.elf.dir/Drivers/STM32F4xx_HAL_Driver/Src/stm32f4xx_hal_cortex.c.obj
 .debug_ranges  0x0000000000000498       0x48 CMakeFiles/stuff_adc.elf.dir/Drivers/STM32F4xx_HAL_Driver/Src/stm32f4xx_hal_gpio.c.obj
 .debug_ranges  0x00000000000004e0       0xe8 CMakeFiles/stuff_adc.elf.dir/Drivers/STM32F4xx_HAL_Driver/Src/stm32f4xx_hal_hcd.c.obj
 .debug_ranges  0x00000000000005c8      0x2a8 CMakeFiles/stuff_adc.elf.dir/Drivers/STM32F4xx_HAL_Driver/Src/stm32f4xx_hal_i2c.c.obj
 .debug_ranges  0x0000000000000870      0x128 CMakeFiles/stuff_adc.elf.dir/Drivers/STM32F4xx_HAL_Driver/Src/stm32f4xx_hal_i2s.c.obj
 .debug_ranges  0x0000000000000998       0x90 CMakeFiles/stuff_adc.elf.dir/Drivers/STM32F4xx_HAL_Driver/Src/stm32f4xx_hal_i2s_ex.c.obj
 .debug_ranges  0x0000000000000a28       0x90 CMakeFiles/stuff_adc.elf.dir/Drivers/STM32F4xx_HAL_Driver/Src/stm32f4xx_hal_rcc.c.obj
 .debug_ranges  0x0000000000000ab8       0x40 CMakeFiles/stuff_adc.elf.dir/Drivers/STM32F4xx_HAL_Driver/Src/stm32f4xx_hal_rcc_ex.c.obj
 .debug_ranges  0x0000000000000af8      0x1c0 CMakeFiles/stuff_adc.elf.dir/Drivers/STM32F4xx_HAL_Driver/Src/stm32f4xx_hal_spi.c.obj
 .debug_ranges  0x0000000000000cb8      0x398 CMakeFiles/stuff_adc.elf.dir/Drivers/STM32F4xx_HAL_Driver/Src/stm32f4xx_hal_tim.c.obj
 .debug_ranges  0x0000000000001050      0x140 CMakeFiles/stuff_adc.elf.dir/Drivers/STM32F4xx_HAL_Driver/Src/stm32f4xx_hal_tim_ex.c.obj
 .debug_ranges  0x0000000000001190      0x188 CMakeFiles/stuff_adc.elf.dir/Drivers/STM32F4xx_HAL_Driver/Src/stm32f4xx_ll_usb.c.obj
 .debug_ranges  0x0000000000001318       0x98 CMakeFiles/stuff_adc.elf.dir/Middlewares/ST/STM32_USB_Host_Library/Class/CDC/Src/usbh_cdc.c.obj
 .debug_ranges  0x00000000000013b0       0xb0 CMakeFiles/stuff_adc.elf.dir/Middlewares/ST/STM32_USB_Host_Library/Core/Src/usbh_core.c.obj