Archive member included to satisfy reference by file (symbol)

c:/progra~2/gnuarm~1/92020-~1/bin/../lib/gcc/arm-none-eabi/9.3.1/thumb/v7e-m/nofp\libgcc.a(_arm_mulsf3.o)
                              CMakeFiles/work_of_soil_moisture_sensor_and_screen.elf.dir/Core/Src/main.c.obj (__aeabi_fmul)
c:/progra~2/gnuarm~1/92020-~1/bin/../lib/gcc/arm-none-eabi/9.3.1/thumb/v7e-m/nofp\libgcc.a(_arm_addsubdf3.o)
                              CMakeFiles/work_of_soil_moisture_sensor_and_screen.elf.dir/Core/Src/main.c.obj (__aeabi_f2d)
c:/progra~2/gnuarm~1/92020-~1/bin/../lib/gcc/arm-none-eabi/9.3.1/thumb/v7e-m/nofp\libgcc.a(_arm_addsubsf3.o)
                              CMakeFiles/work_of_soil_moisture_sensor_and_screen.elf.dir/Core/Src/main.c.obj (__aeabi_fsub)
c:/progra~2/gnuarm~1/92020-~1/bin/../lib/gcc/arm-none-eabi/9.3.1/thumb/v7e-m/nofp\libgcc.a(_arm_muldivsf3.o)
                              CMakeFiles/work_of_soil_moisture_sensor_and_screen.elf.dir/Core/Src/main.c.obj (__aeabi_fdiv)
c:/progra~2/gnuarm~1/92020-~1/bin/../lib/gcc/arm-none-eabi/9.3.1/thumb/v7e-m/nofp\libgcc.a(_arm_cmpsf2.o)
                              CMakeFiles/work_of_soil_moisture_sensor_and_screen.elf.dir/Core/Src/main.c.obj (__aeabi_fcmplt)
c:/progra~2/gnuarm~1/92020-~1/bin/../lib/gcc/arm-none-eabi/9.3.1/thumb/v7e-m/nofp\libgcc.a(_aeabi_uldivmod.o)
                              CMakeFiles/work_of_soil_moisture_sensor_and_screen.elf.dir/Drivers/STM32F4xx_HAL_Driver/Src/stm32f4xx_hal_rcc.c.obj (__aeabi_uldivmod)
c:/progra~2/gnuarm~1/92020-~1/bin/../lib/gcc/arm-none-eabi/9.3.1/thumb/v7e-m/nofp\libgcc.a(_udivmoddi4.o)
                              c:/progra~2/gnuarm~1/92020-~1/bin/../lib/gcc/arm-none-eabi/9.3.1/thumb/v7e-m/nofp\libgcc.a(_aeabi_uldivmod.o) (__udivmoddi4)
c:/progra~2/gnuarm~1/92020-~1/bin/../lib/gcc/arm-none-eabi/9.3.1/thumb/v7e-m/nofp\libgcc.a(_dvmd_tls.o)
                              c:/progra~2/gnuarm~1/92020-~1/bin/../lib/gcc/arm-none-eabi/9.3.1/thumb/v7e-m/nofp\libgcc.a(_aeabi_uldivmod.o) (__aeabi_ldiv0)
c:/progra~2/gnuarm~1/92020-~1/bin/../lib/gcc/arm-none-eabi/9.3.1/../../../../arm-none-eabi/lib/thumb/v7e-m/nofp\libg.a(lib_a-ctype_.o)
                              CMakeFiles/work_of_soil_moisture_sensor_and_screen.elf.dir/Core/Src/lcd5110.c.obj (_ctype_)
c:/progra~2/gnuarm~1/92020-~1/bin/../lib/gcc/arm-none-eabi/9.3.1/../../../../arm-none-eabi/lib/thumb/v7e-m/nofp\libg.a(lib_a-errno.o)
                              CMakeFiles/work_of_soil_moisture_sensor_and_screen.elf.dir/Core/Src/syscalls.c.obj (__errno)
c:/progra~2/gnuarm~1/92020-~1/bin/../lib/gcc/arm-none-eabi/9.3.1/../../../../arm-none-eabi/lib/thumb/v7e-m/nofp\libg.a(lib_a-exit.o)
                              c:/progra~2/gnuarm~1/92020-~1/bin/../lib/gcc/arm-none-eabi/9.3.1/../../../../arm-none-eabi/lib/thumb/v7e-m/nofp/crt0.o (exit)
c:/progra~2/gnuarm~1/92020-~1/bin/../lib/gcc/arm-none-eabi/9.3.1/../../../../arm-none-eabi/lib/thumb/v7e-m/nofp\libg.a(lib_a-impure.o)
                              c:/progra~2/gnuarm~1/92020-~1/bin/../lib/gcc/arm-none-eabi/9.3.1/../../../../arm-none-eabi/lib/thumb/v7e-m/nofp\libg.a(lib_a-exit.o) (_global_impure_ptr)
c:/progra~2/gnuarm~1/92020-~1/bin/../lib/gcc/arm-none-eabi/9.3.1/../../../../arm-none-eabi/lib/thumb/v7e-m/nofp\libg.a(lib_a-init.o)
                              c:/progra~2/gnuarm~1/92020-~1/bin/../lib/gcc/arm-none-eabi/9.3.1/../../../../arm-none-eabi/lib/thumb/v7e-m/nofp/crt0.o (__libc_init_array)
c:/progra~2/gnuarm~1/92020-~1/bin/../lib/gcc/arm-none-eabi/9.3.1/../../../../arm-none-eabi/lib/thumb/v7e-m/nofp\libg.a(lib_a-itoa.o)
                              CMakeFiles/work_of_soil_moisture_sensor_and_screen.elf.dir/Core/Src/lcd5110.c.obj (itoa)
c:/progra~2/gnuarm~1/92020-~1/bin/../lib/gcc/arm-none-eabi/9.3.1/../../../../arm-none-eabi/lib/thumb/v7e-m/nofp\libg.a(lib_a-memset.o)
                              c:/progra~2/gnuarm~1/92020-~1/bin/../lib/gcc/arm-none-eabi/9.3.1/../../../../arm-none-eabi/lib/thumb/v7e-m/nofp/crt0.o (memset)
c:/progra~2/gnuarm~1/92020-~1/bin/../lib/gcc/arm-none-eabi/9.3.1/../../../../arm-none-eabi/lib/thumb/v7e-m/nofp\libg.a(lib_a-utoa.o)
                              c:/progra~2/gnuarm~1/92020-~1/bin/../lib/gcc/arm-none-eabi/9.3.1/../../../../arm-none-eabi/lib/thumb/v7e-m/nofp\libg.a(lib_a-itoa.o) (__utoa)
c:/progra~2/gnuarm~1/92020-~1/bin/../lib/gcc/arm-none-eabi/9.3.1/../../../../arm-none-eabi/lib/thumb/v7e-m/nofp\libg.a(lib_a-vsnprintf.o)
                              CMakeFiles/work_of_soil_moisture_sensor_and_screen.elf.dir/Core/Src/lcd5110.c.obj (vsnprintf)
c:/progra~2/gnuarm~1/92020-~1/bin/../lib/gcc/arm-none-eabi/9.3.1/../../../../arm-none-eabi/lib/thumb/v7e-m/nofp\libg.a(lib_a-__call_atexit.o)
                              c:/progra~2/gnuarm~1/92020-~1/bin/../lib/gcc/arm-none-eabi/9.3.1/../../../../arm-none-eabi/lib/thumb/v7e-m/nofp\libg.a(lib_a-exit.o) (__call_exitprocs)
[...]
Memory Configuration

Name             Origin             Length             Attributes
RAM              0x20000000         0x00020000         xrw
FLASH            0x08000000         0x00080000         xr
*default*        0x00000000         0xffffffff

Linker script and memory map

LOAD c:/progra~2/gnuarm~1/92020-~1/bin/../lib/gcc/arm-none-eabi/9.3.1/thumb/v7e-m/nofp/crti.o
LOAD c:/progra~2/gnuarm~1/92020-~1/bin/../lib/gcc/arm-none-eabi/9.3.1/thumb/v7e-m/nofp/crtbegin.o
LOAD c:/progra~2/gnuarm~1/92020-~1/bin/../lib/gcc/arm-none-eabi/9.3.1/../../../../arm-none-eabi/lib/thumb/v7e-m/nofp/crt0.o
LOAD CMakeFiles/work_of_soil_moisture_sensor_and_screen.elf.dir/Core/Src/adc.c.obj
LOAD CMakeFiles/work_of_soil_moisture_sensor_and_screen.elf.dir/Core/Src/gpio.c.obj
LOAD CMakeFiles/work_of_soil_moisture_sensor_and_screen.elf.dir/Core/Src/i2c.c.obj
LOAD CMakeFiles/work_of_soil_moisture_sensor_and_screen.elf.dir/Core/Src/i2s.c.obj
LOAD CMakeFiles/work_of_soil_moisture_sensor_and_screen.elf.dir/Core/Src/lcd5110.c.obj
LOAD CMakeFiles/work_of_soil_moisture_sensor_and_screen.elf.dir/Core/Src/lcd5110_hal.c.obj
LOAD CMakeFiles/work_of_soil_moisture_sensor_and_screen.elf.dir/Core/Src/lcd5110_ll.c.obj
LOAD CMakeFiles/work_of_soil_moisture_sensor_and_screen.elf.dir/Core/Src/main.c.obj
LOAD CMakeFiles/work_of_soil_moisture_sensor_and_screen.elf.dir/Core/Src/spi.c.obj
LOAD CMakeFiles/work_of_soil_moisture_sensor_and_screen.elf.dir/Core/Src/stm32f4xx_hal_msp.c.obj
LOAD CMakeFiles/work_of_soil_moisture_sensor_and_screen.elf.dir/Core/Src/stm32f4xx_it.c.obj
LOAD CMakeFiles/work_of_soil_moisture_sensor_and_screen.elf.dir/Core/Src/syscalls.c.obj
LOAD CMakeFiles/work_of_soil_moisture_sensor_and_screen.elf.dir/Core/Src/system_stm32f4xx.c.obj
LOAD CMakeFiles/work_of_soil_moisture_sensor_and_screen.elf.dir/Core/Src/tim.c.obj
LOAD CMakeFiles/work_of_soil_moisture_sensor_and_screen.elf.dir/Core/Src/usb_otg.c.obj
LOAD CMakeFiles/work_of_soil_moisture_sensor_and_screen.elf.dir/Drivers/STM32F4xx_HAL_Driver/Src/stm32f4xx_hal.c.obj
LOAD CMakeFiles/work_of_soil_moisture_sensor_and_screen.elf.dir/Drivers/STM32F4xx_HAL_Driver/Src/stm32f4xx_hal_adc.c.obj
LOAD CMakeFiles/work_of_soil_moisture_sensor_and_screen.elf.dir/Drivers/STM32F4xx_HAL_Driver/Src/stm32f4xx_hal_adc_ex.c.obj
LOAD CMakeFiles/work_of_soil_moisture_sensor_and_screen.elf.dir/Drivers/STM32F4xx_HAL_Driver/Src/stm32f4xx_hal_cortex.c.obj
LOAD CMakeFiles/work_of_soil_moisture_sensor_and_screen.elf.dir/Drivers/STM32F4xx_HAL_Driver/Src/stm32f4xx_hal_dma.c.obj
LOAD CMakeFiles/work_of_soil_moisture_sensor_and_screen.elf.dir/Drivers/STM32F4xx_HAL_Driver/Src/stm32f4xx_hal_dma_ex.c.obj
LOAD CMakeFiles/work_of_soil_moisture_sensor_and_screen.elf.dir/Drivers/STM32F4xx_HAL_Driver/Src/stm32f4xx_hal_exti.c.obj
LOAD CMakeFiles/work_of_soil_moisture_sensor_and_screen.elf.dir/Drivers/STM32F4xx_HAL_Driver/Src/stm32f4xx_hal_flash.c.obj
LOAD CMakeFiles/work_of_soil_moisture_sensor_and_screen.elf.dir/Drivers/STM32F4xx_HAL_Driver/Src/stm32f4xx_hal_flash_ex.c.obj
LOAD CMakeFiles/work_of_soil_moisture_sensor_and_screen.elf.dir/Drivers/STM32F4xx_HAL_Driver/Src/stm32f4xx_hal_flash_ramfunc.c.obj
LOAD CMakeFiles/work_of_soil_moisture_sensor_and_screen.elf.dir/Drivers/STM32F4xx_HAL_Driver/Src/stm32f4xx_hal_gpio.c.obj
LOAD CMakeFiles/work_of_soil_moisture_sensor_and_screen.elf.dir/Drivers/STM32F4xx_HAL_Driver/Src/stm32f4xx_hal_i2c.c.obj
LOAD CMakeFiles/work_of_soil_moisture_sensor_and_screen.elf.dir/Drivers/STM32F4xx_HAL_Driver/Src/stm32f4xx_hal_i2c_ex.c.obj
LOAD CMakeFiles/work_of_soil_moisture_sensor_and_screen.elf.dir/Drivers/STM32F4xx_HAL_Driver/Src/stm32f4xx_hal_i2s.c.obj
LOAD CMakeFiles/work_of_soil_moisture_sensor_and_screen.elf.dir/Drivers/STM32F4xx_HAL_Driver/Src/stm32f4xx_hal_i2s_ex.c.obj
LOAD CMakeFiles/work_of_soil_moisture_sensor_and_screen.elf.dir/Drivers/STM32F4xx_HAL_Driver/Src/stm32f4xx_hal_pwr.c.obj
LOAD CMakeFiles/work_of_soil_moisture_sensor_and_screen.elf.dir/Drivers/STM32F4xx_HAL_Driver/Src/stm32f4xx_hal_pwr_ex.c.obj
LOAD CMakeFiles/work_of_soil_moisture_sensor_and_screen.elf.dir/Drivers/STM32F4xx_HAL_Driver/Src/stm32f4xx_hal_rcc.c.obj
LOAD CMakeFiles/work_of_soil_moisture_sensor_and_screen.elf.dir/Drivers/STM32F4xx_HAL_Driver/Src/stm32f4xx_hal_rcc_ex.c.obj
LOAD CMakeFiles/work_of_soil_moisture_sensor_and_screen.elf.dir/Drivers/STM32F4xx_HAL_Driver/Src/stm32f4xx_hal_spi.c.obj
LOAD CMakeFiles/work_of_soil_moisture_sensor_and_screen.elf.dir/Drivers/STM32F4xx_HAL_Driver/Src/stm32f4xx_hal_tim.c.obj
LOAD CMakeFiles/work_of_soil_moisture_sensor_and_screen.elf.dir/Drivers/STM32F4xx_HAL_Driver/Src/stm32f4xx_hal_tim_ex.c.obj
LOAD CMakeFiles/work_of_soil_moisture_sensor_and_screen.elf.dir/startup/startup_stm32f411xe.s.obj
START GROUP
LOAD c:/progra~2/gnuarm~1/92020-~1/bin/../lib/gcc/arm-none-eabi/9.3.1/thumb/v7e-m/nofp\libgcc.a
LOAD c:/progra~2/gnuarm~1/92020-~1/bin/../lib/gcc/arm-none-eabi/9.3.1/../../../../arm-none-eabi/lib/thumb/v7e-m/nofp\libg.a
LOAD c:/progra~2/gnuarm~1/92020-~1/bin/../lib/gcc/arm-none-eabi/9.3.1/../../../../arm-none-eabi/lib/thumb/v7e-m/nofp\libc.a
END GROUP
LOAD c:/progra~2/gnuarm~1/92020-~1/bin/../lib/gcc/arm-none-eabi/9.3.1/thumb/v7e-m/nofp/crtend.o
LOAD c:/progra~2/gnuarm~1/92020-~1/bin/../lib/gcc/arm-none-eabi/9.3.1/thumb/v7e-m/nofp/crtn.o
                0x20020000                _estack = 0x20020000
                0x00000200                _Min_Heap_Size = 0x200
                0x00000400                _Min_Stack_Size = 0x400

.isr_vector     0x08000000      0x198
                0x08000000                . = ALIGN (0x4)
 *(.isr_vector)
 .isr_vector    0x08000000      0x198 CMakeFiles/work_of_soil_moisture_sensor_and_screen.elf.dir/startup/startup_stm32f411xe.s.obj
                0x08000000                g_pfnVectors
                0x08000198                . = ALIGN (0x4)

.text           0x080001c0     0xae58
                0x080001c0                . = ALIGN (0x4)
 *(.text)
 .text          0x080001c0       0x40 c:/progra~2/gnuarm~1/92020-~1/bin/../lib/gcc/arm-none-eabi/9.3.1/thumb/v7e-m/nofp/crtbegin.o
 .text          0x08000200      0x378 c:/progra~2/gnuarm~1/92020-~1/bin/../lib/gcc/arm-none-eabi/9.3.1/thumb/v7e-m/nofp\libgcc.a(_arm_addsubdf3.o)
                0x08000200                __aeabi_drsub
                0x08000208                __aeabi_dsub
                0x08000208                __subdf3
                0x0800020c                __aeabi_dadd
                0x0800020c                __adddf3
                0x08000484                __floatunsidf
                0x08000484                __aeabi_ui2d
                0x080004a4                __floatsidf
                0x080004a4                __aeabi_i2d
                0x080004c8                __aeabi_f2d
                0x080004c8                __extendsfdf2
                0x0800050c                __floatundidf
                0x0800050c                __aeabi_ul2d
                0x0800051c                __floatdidf
                0x0800051c                __aeabi_l2d
 .text          0x08000578      0x21c c:/progra~2/gnuarm~1/92020-~1/bin/../lib/gcc/arm-none-eabi/9.3.1/thumb/v7e-m/nofp\libgcc.a(_arm_addsubsf3.o)
                0x08000578                __aeabi_frsub
                0x08000580                __subsf3
                0x08000580                __aeabi_fsub
                0x08000584                __aeabi_fadd
                0x08000584                __addsf3
                0x080006e4                __aeabi_ui2f
                0x080006e4                __floatunsisf
                0x080006ec                __aeabi_i2f
                0x080006ec                __floatsisf
                0x08000708                __aeabi_ul2f
                0x08000708                __floatundisf
                0x08000718                __aeabi_l2f
                0x08000718                __floatdisf
 .text          0x08000794      0x2a0 c:/progra~2/gnuarm~1/92020-~1/bin/../lib/gcc/arm-none-eabi/9.3.1/thumb/v7e-m/nofp\libgcc.a(_arm_muldivsf3.o)
                0x08000794                __mulsf3
                0x08000794                __aeabi_fmul
                0x080008fc                __aeabi_fdiv
                0x080008fc                __divsf3
 .text          0x08000a34       0xec c:/progra~2/gnuarm~1/92020-~1/bin/../lib/gcc/arm-none-eabi/9.3.1/thumb/v7e-m/nofp\libgcc.a(_arm_cmpsf2.o)
                0x08000a34                __gesf2
                0x08000a34                __gtsf2
                0x08000a3c                __lesf2
                0x08000a3c                __ltsf2
                0x08000a44                __nesf2
                0x08000a44                __eqsf2
                0x08000a44                __cmpsf2
                0x08000aa4                __aeabi_cfrcmple
                0x08000aac                __aeabi_cfcmpeq
                0x08000aac                __aeabi_cfcmple
                0x08000abc                __aeabi_fcmpeq
                0x08000ad0                __aeabi_fcmplt
                0x08000ae4                __aeabi_fcmple
                0x08000af8                __aeabi_fcmpge
                0x08000b0c                __aeabi_fcmpgt
 .text          0x08000b20       0x30 c:/progra~2/gnuarm~1/92020-~1/bin/../lib/gcc/arm-none-eabi/9.3.1/thumb/v7e-m/nofp\libgcc.a(_aeabi_uldivmod.o)
                0x08000b20                __aeabi_uldivmod
 .text          0x08000b50      0x2c0 c:/progra~2/gnuarm~1/92020-~1/bin/../lib/gcc/arm-none-eabi/9.3.1/thumb/v7e-m/nofp\libgcc.a(_udivmoddi4.o)
                0x08000b50                __udivmoddi4
 .text          0x08000e10        0x4 c:/progra~2/gnuarm~1/92020-~1/bin/../lib/gcc/arm-none-eabi/9.3.1/thumb/v7e-m/nofp\libgcc.a(_dvmd_tls.o)
                0x08000e10                __aeabi_idiv0
                0x08000e10                __aeabi_ldiv0
 *fill*         0x08000e14        0xc 
 .text          0x08000e20       0xa0 c:/progra~2/gnuarm~1/92020-~1/bin/../lib/gcc/arm-none-eabi/9.3.1/../../../../arm-none-eabi/lib/thumb/v7e-m/nofp\libg.a(lib_a-memchr.o)
                0x08000e20                memchr
 .text          0x08000ec0      0x134 c:/progra~2/gnuarm~1/92020-~1/bin/../lib/gcc/arm-none-eabi/9.3.1/../../../../arm-none-eabi/lib/thumb/v7e-m/nofp\libg.a(lib_a-memcpy.o)
                0x08000ec0                memcpy
 *fill*         0x08000ff4        0xc 
 .text          0x08001000       0xdc c:/progra~2/gnuarm~1/92020-~1/bin/../lib/gcc/arm-none-eabi/9.3.1/../../../../arm-none-eabi/lib/thumb/v7e-m/nofp\libg.a(lib_a-strlen.o)
                0x08001000                strlen
 .text          0x080010dc      0x424 c:/progra~2/gnuarm~1/92020-~1/bin/../lib/gcc/arm-none-eabi/9.3.1/thumb/v7e-m/nofp\libgcc.a(_arm_muldivdf3.o)
                0x080010dc                __aeabi_dmul
                0x080010dc                __muldf3
                0x08001330                __divdf3
                0x08001330                __aeabi_ddiv
 .text          0x08001500      0x110 c:/progra~2/gnuarm~1/92020-~1/bin/../lib/gcc/arm-none-eabi/9.3.1/thumb/v7e-m/nofp\libgcc.a(_arm_cmpdf2.o)
                0x08001500                __gtdf2
                0x08001500                __gedf2
                0x08001508                __ltdf2
                0x08001508                __ledf2
                0x08001510                __nedf2
                0x08001510                __eqdf2
                0x08001510                __cmpdf2
                0x0800158c                __aeabi_cdrcmple
                0x0800159c                __aeabi_cdcmpeq
                0x0800159c                __aeabi_cdcmple
                0x080015ac                __aeabi_dcmpeq
                0x080015c0                __aeabi_dcmplt
                0x080015d4                __aeabi_dcmple
                0x080015e8                __aeabi_dcmpge
                0x080015fc                __aeabi_dcmpgt
 .text          0x08001610       0x2c c:/progra~2/gnuarm~1/92020-~1/bin/../lib/gcc/arm-none-eabi/9.3.1/thumb/v7e-m/nofp\libgcc.a(_arm_unorddf2.o)
                0x08001610                __unorddf2
                0x08001610                __aeabi_dcmpun
 .text          0x0800163c       0x50 c:/progra~2/gnuarm~1/92020-~1/bin/../lib/gcc/arm-none-eabi/9.3.1/thumb/v7e-m/nofp\libgcc.a(_arm_fixdfsi.o)
                0x0800163c                __aeabi_d2iz
                0x0800163c                __fixdfsi
 *(.text*)
 .text.MX_ADC1_Init
                0x0800168c       0x70 CMakeFiles/work_of_soil_moisture_sensor_and_screen.elf.dir/Core/Src/adc.c.obj
                0x0800168c                MX_ADC1_Init
 .text.HAL_ADC_MspInit
                0x080016fc       0x6c CMakeFiles/work_of_soil_moisture_sensor_and_screen.elf.dir/Core/Src/adc.c.obj
                0x080016fc                HAL_ADC_MspInit
 .text.MX_GPIO_Init
                0x08001768      0x1b0 CMakeFiles/work_of_soil_moisture_sensor_and_screen.elf.dir/Core/Src/gpio.c.obj
                0x08001768                MX_GPIO_Init
 .text.MX_I2C1_Init
                0x08001918       0x3c CMakeFiles/work_of_soil_moisture_sensor_and_screen.elf.dir/Core/Src/i2c.c.obj
                0x08001918                MX_I2C1_Init
 .text.HAL_I2C_MspInit
                0x08001954       0x74 CMakeFiles/work_of_soil_moisture_sensor_and_screen.elf.dir/Core/Src/i2c.c.obj
                0x08001954                HAL_I2C_MspInit
 .text.MX_I2S3_Init
                0x080019c8       0x3c CMakeFiles/work_of_soil_moisture_sensor_and_screen.elf.dir/Core/Src/i2s.c.obj
                0x080019c8                MX_I2S3_Init
 .text.HAL_I2S_MspInit
                0x08001a04       0x9c CMakeFiles/work_of_soil_moisture_sensor_and_screen.elf.dir/Core/Src/i2s.c.obj
                0x08001a04                HAL_I2S_MspInit
 .text.LCD5110_wputchar
                0x08001aa0       0x60 CMakeFiles/work_of_soil_moisture_sensor_and_screen.elf.dir/Core/Src/lcd5110.c.obj
                0x08001aa0                LCD5110_wputchar
 .text.LCD5110_wset_cursor
                0x08001b00        0x6 CMakeFiles/work_of_soil_moisture_sensor_and_screen.elf.dir/Core/Src/lcd5110.c.obj
                0x08001b00                LCD5110_wset_cursor
 .text.LCD5110_wendl
                0x08001b06       0x1a CMakeFiles/work_of_soil_moisture_sensor_and_screen.elf.dir/Core/Src/lcd5110.c.obj
                0x08001b06                LCD5110_wendl
 .text.LCD5110_wprint
                0x08001b20       0x7c CMakeFiles/work_of_soil_moisture_sensor_and_screen.elf.dir/Core/Src/lcd5110.c.obj
                0x08001b20                LCD5110_wprint
 .text.LCD5110_printf
                0x08001b9c       0x44 CMakeFiles/work_of_soil_moisture_sensor_and_screen.elf.dir/Core/Src/lcd5110.c.obj
                0x08001b9c                LCD5110_printf
 .text.LCD5110_clrscr
                0x08001be0       0x14 CMakeFiles/work_of_soil_moisture_sensor_and_screen.elf.dir/Core/Src/lcd5110_hal.c.obj
                0x08001be0                LCD5110_clrscr
 .text.LCD5110_putpix
                0x08001bf4       0x42 CMakeFiles/work_of_soil_moisture_sensor_and_screen.elf.dir/Core/Src/lcd5110_hal.c.obj
                0x08001bf4                LCD5110_putpix
 .text.LCD5110_drawBitmap
                0x08001c36       0x6e CMakeFiles/work_of_soil_moisture_sensor_and_screen.elf.dir/Core/Src/lcd5110_hal.c.obj
                0x08001c36                LCD5110_drawBitmap
 .text.LCD5110_set_function
                0x08001ca4       0x30 CMakeFiles/work_of_soil_moisture_sensor_and_screen.elf.dir/Core/Src/lcd5110_ll.c.obj
 .text.LCD5110_set_mode_base
                0x08001cd4       0x2a CMakeFiles/work_of_soil_moisture_sensor_and_screen.elf.dir/Core/Src/lcd5110_ll.c.obj
 .text.LCD5110_set_temp_coef_ext
                0x08001cfe       0x2c CMakeFiles/work_of_soil_moisture_sensor_and_screen.elf.dir/Core/Src/lcd5110_ll.c.obj
 .text.LCD5110_set_bias_ext
                0x08001d2a       0x2c CMakeFiles/work_of_soil_moisture_sensor_and_screen.elf.dir/Core/Src/lcd5110_ll.c.obj
 .text.LCD5110_set_voltage_ext
                0x08001d56       0x2e CMakeFiles/work_of_soil_moisture_sensor_and_screen.elf.dir/Core/Src/lcd5110_ll.c.obj
 .text.LCD5110_init
                0x08001d84       0x8a CMakeFiles/work_of_soil_moisture_sensor_and_screen.elf.dir/Core/Src/lcd5110_ll.c.obj
                0x08001d84                LCD5110_init
 .text.LCD5110_refresh_ll
                0x08001e0e       0x66 CMakeFiles/work_of_soil_moisture_sensor_and_screen.elf.dir/Core/Src/lcd5110_ll.c.obj
                0x08001e0e                LCD5110_refresh_ll
 .text.SystemClock_Config
                0x08001e74       0xb0 CMakeFiles/work_of_soil_moisture_sensor_and_screen.elf.dir/Core/Src/main.c.obj
                0x08001e74                SystemClock_Config
 .text.main     0x08001f24      0x2b4 CMakeFiles/work_of_soil_moisture_sensor_and_screen.elf.dir/Core/Src/main.c.obj
                0x08001f24                main
 .text.Error_Handler
                0x080021d8        0x2 CMakeFiles/work_of_soil_moisture_sensor_and_screen.elf.dir/Core/Src/main.c.obj
                0x080021d8                Error_Handler
 .text.assert_failed
                0x080021da        0x2 CMakeFiles/work_of_soil_moisture_sensor_and_screen.elf.dir/Core/Src/main.c.obj
                0x080021da                assert_failed
 .text.MX_SPI1_Init
                0x080021dc       0x40 CMakeFiles/work_of_soil_moisture_sensor_and_screen.elf.dir/Core/Src/spi.c.obj
                0x080021dc                MX_SPI1_Init
 .text.MX_SPI2_Init
                0x0800221c       0x40 CMakeFiles/work_of_soil_moisture_sensor_and_screen.elf.dir/Core/Src/spi.c.obj
                0x0800221c                MX_SPI2_Init
 .text.HAL_SPI_MspInit
                0x0800225c       0xcc CMakeFiles/work_of_soil_moisture_sensor_and_screen.elf.dir/Core/Src/spi.c.obj
                0x0800225c                HAL_SPI_MspInit
 .text.HAL_MspInit
                0x08002328       0x40 CMakeFiles/work_of_soil_moisture_sensor_and_screen.elf.dir/Core/Src/stm32f4xx_hal_msp.c.obj
                0x08002328                HAL_MspInit
 .text.NMI_Handler
                0x08002368        0x2 CMakeFiles/work_of_soil_moisture_sensor_and_screen.elf.dir/Core/Src/stm32f4xx_it.c.obj
                0x08002368                NMI_Handler
 .text.HardFault_Handler
                0x0800236a        0x2 CMakeFiles/work_of_soil_moisture_sensor_and_screen.elf.dir/Core/Src/stm32f4xx_it.c.obj
                0x0800236a                HardFault_Handler
 .text.MemManage_Handler
                0x0800236c        0x2 CMakeFiles/work_of_soil_moisture_sensor_and_screen.elf.dir/Core/Src/stm32f4xx_it.c.obj
                0x0800236c                MemManage_Handler
 .text.BusFault_Handler
                0x0800236e        0x2 CMakeFiles/work_of_soil_moisture_sensor_and_screen.elf.dir/Core/Src/stm32f4xx_it.c.obj
                0x0800236e                BusFault_Handler
 .text.UsageFault_Handler
                0x08002370        0x2 CMakeFiles/work_of_soil_moisture_sensor_and_screen.elf.dir/Core/Src/stm32f4xx_it.c.obj
                0x08002370                UsageFault_Handler
 .text.SVC_Handler
                0x08002372        0x2 CMakeFiles/work_of_soil_moisture_sensor_and_screen.elf.dir/Core/Src/stm32f4xx_it.c.obj
                0x08002372                SVC_Handler
 .text.DebugMon_Handler
                0x08002374        0x2 CMakeFiles/work_of_soil_moisture_sensor_and_screen.elf.dir/Core/Src/stm32f4xx_it.c.obj
                0x08002374                DebugMon_Handler
 .text.PendSV_Handler
                0x08002376        0x2 CMakeFiles/work_of_soil_moisture_sensor_and_screen.elf.dir/Core/Src/stm32f4xx_it.c.obj
                0x08002376                PendSV_Handler
 .text.SysTick_Handler
                0x08002378        0x8 CMakeFiles/work_of_soil_moisture_sensor_and_screen.elf.dir/Core/Src/stm32f4xx_it.c.obj
                0x08002378                SysTick_Handler
 .text._getpid  0x08002380        0x4 CMakeFiles/work_of_soil_moisture_sensor_and_screen.elf.dir/Core/Src/syscalls.c.obj
                0x08002380                _getpid
 .text._kill    0x08002384       0x10 CMakeFiles/work_of_soil_moisture_sensor_and_screen.elf.dir/Core/Src/syscalls.c.obj
                0x08002384                _kill
 .text._exit    0x08002394        0xc CMakeFiles/work_of_soil_moisture_sensor_and_screen.elf.dir/Core/Src/syscalls.c.obj
                0x08002394                _exit
 .text._read    0x080023a0       0x20 CMakeFiles/work_of_soil_moisture_sensor_and_screen.elf.dir/Core/Src/syscalls.c.obj
                0x080023a0                _read
 .text._write   0x080023c0       0x1c CMakeFiles/work_of_soil_moisture_sensor_and_screen.elf.dir/Core/Src/syscalls.c.obj
                0x080023c0                _write
 .text._sbrk    0x080023dc       0x3c CMakeFiles/work_of_soil_moisture_sensor_and_screen.elf.dir/Core/Src/syscalls.c.obj
                0x080023dc                _sbrk
 .text._close   0x08002418        0x6 CMakeFiles/work_of_soil_moisture_sensor_and_screen.elf.dir/Core/Src/syscalls.c.obj
                0x08002418                _close
 .text._fstat   0x0800241e        0xa CMakeFiles/work_of_soil_moisture_sensor_and_screen.elf.dir/Core/Src/syscalls.c.obj
                0x0800241e                _fstat
 .text._isatty  0x08002428        0x4 CMakeFiles/work_of_soil_moisture_sensor_and_screen.elf.dir/Core/Src/syscalls.c.obj
                0x08002428                _isatty
 .text._lseek   0x0800242c        0x4 CMakeFiles/work_of_soil_moisture_sensor_and_screen.elf.dir/Core/Src/syscalls.c.obj
                0x0800242c                _lseek
 .text.SystemInit
                0x08002430       0x10 CMakeFiles/work_of_soil_moisture_sensor_and_screen.elf.dir/Core/Src/system_stm32f4xx.c.obj
                0x08002430                SystemInit
 .text.MX_TIM3_Init
                0x08002440       0x6c CMakeFiles/work_of_soil_moisture_sensor_and_screen.elf.dir/Core/Src/tim.c.obj
                0x08002440                MX_TIM3_Init
 .text.HAL_TIM_Base_MspInit
                0x080024ac       0x30 CMakeFiles/work_of_soil_moisture_sensor_and_screen.elf.dir/Core/Src/tim.c.obj
                0x080024ac                HAL_TIM_Base_MspInit
 .text.MX_USB_OTG_FS_USB_Init
                0x080024dc        0x2 CMakeFiles/work_of_soil_moisture_sensor_and_screen.elf.dir/Core/Src/usb_otg.c.obj
                0x080024dc                MX_USB_OTG_FS_USB_Init
 *fill*         0x080024de        0x2 
 .text.HAL_InitTick
                0x080024e0       0x4c CMakeFiles/work_of_soil_moisture_sensor_and_screen.elf.dir/Drivers/STM32F4xx_HAL_Driver/Src/stm32f4xx_hal.c.obj
                0x080024e0                HAL_InitTick
 .text.HAL_Init
                0x0800252c       0x34 CMakeFiles/work_of_soil_moisture_sensor_and_screen.elf.dir/Drivers/STM32F4xx_HAL_Driver/Src/stm32f4xx_hal.c.obj
                0x0800252c                HAL_Init
 .text.HAL_IncTick
                0x08002560       0x18 CMakeFiles/work_of_soil_moisture_sensor_and_screen.elf.dir/Drivers/STM32F4xx_HAL_Driver/Src/stm32f4xx_hal.c.obj
                0x08002560                HAL_IncTick
 .text.HAL_GetTick
                0x08002578        0xc CMakeFiles/work_of_soil_moisture_sensor_and_screen.elf.dir/Drivers/STM32F4xx_HAL_Driver/Src/stm32f4xx_hal.c.obj
                0x08002578                HAL_GetTick
 .text.HAL_Delay
                0x08002584       0x28 CMakeFiles/work_of_soil_moisture_sensor_and_screen.elf.dir/Drivers/STM32F4xx_HAL_Driver/Src/stm32f4xx_hal.c.obj
                0x08002584                HAL_Delay
 .text.ADC_Init
                0x080025ac      0x150 CMakeFiles/work_of_soil_moisture_sensor_and_screen.elf.dir/Drivers/STM32F4xx_HAL_Driver/Src/stm32f4xx_hal_adc.c.obj
 .text.HAL_ADC_Init
                0x080026fc      0x1e4 CMakeFiles/work_of_soil_moisture_sensor_and_screen.elf.dir/Drivers/STM32F4xx_HAL_Driver/Src/stm32f4xx_hal_adc.c.obj
                0x080026fc                HAL_ADC_Init
 .text.HAL_ADC_Start
                0x080028e0      0x134 CMakeFiles/work_of_soil_moisture_sensor_and_screen.elf.dir/Drivers/STM32F4xx_HAL_Driver/Src/stm32f4xx_hal_adc.c.obj
                0x080028e0                HAL_ADC_Start
 .text.HAL_ADC_Stop
                0x08002a14       0x5c CMakeFiles/work_of_soil_moisture_sensor_and_screen.elf.dir/Drivers/STM32F4xx_HAL_Driver/Src/stm32f4xx_hal_adc.c.obj
                0x08002a14                HAL_ADC_Stop
 .text.HAL_ADC_PollForConversion
                0x08002a70       0xac CMakeFiles/work_of_soil_moisture_sensor_and_screen.elf.dir/Drivers/STM32F4xx_HAL_Driver/Src/stm32f4xx_hal_adc.c.obj
                0x08002a70                HAL_ADC_PollForConversion
 .text.HAL_ADC_GetValue
                0x08002b1c        0x6 CMakeFiles/work_of_soil_moisture_sensor_and_screen.elf.dir/Drivers/STM32F4xx_HAL_Driver/Src/stm32f4xx_hal_adc.c.obj
                0x08002b1c                HAL_ADC_GetValue
 *fill*         0x08002b22        0x2 
 .text.HAL_ADC_ConfigChannel
                0x08002b24      0x1e0 CMakeFiles/work_of_soil_moisture_sensor_and_screen.elf.dir/Drivers/STM32F4xx_HAL_Driver/Src/stm32f4xx_hal_adc.c.obj
                0x08002b24                HAL_ADC_ConfigChannel
 .text.HAL_NVIC_SetPriorityGrouping
                0x08002d04       0x3c CMakeFiles/work_of_soil_moisture_sensor_and_screen.elf.dir/Drivers/STM32F4xx_HAL_Driver/Src/stm32f4xx_hal_cortex.c.obj
                0x08002d04                HAL_NVIC_SetPriorityGrouping
 .text.HAL_NVIC_SetPriority
                0x08002d40       0x8c CMakeFiles/work_of_soil_moisture_sensor_and_screen.elf.dir/Drivers/STM32F4xx_HAL_Driver/Src/stm32f4xx_hal_cortex.c.obj
                0x08002d40                HAL_NVIC_SetPriority
 .text.HAL_SYSTICK_Config
                0x08002dcc       0x2c CMakeFiles/work_of_soil_moisture_sensor_and_screen.elf.dir/Drivers/STM32F4xx_HAL_Driver/Src/stm32f4xx_hal_cortex.c.obj
                0x08002dcc                HAL_SYSTICK_Config
 .text.HAL_GPIO_Init
                0x08002df8      0x2a4 CMakeFiles/work_of_soil_moisture_sensor_and_screen.elf.dir/Drivers/STM32F4xx_HAL_Driver/Src/stm32f4xx_hal_gpio.c.obj
                0x08002df8                HAL_GPIO_Init
 .text.HAL_GPIO_WritePin
                0x0800309c       0x38 CMakeFiles/work_of_soil_moisture_sensor_and_screen.elf.dir/Drivers/STM32F4xx_HAL_Driver/Src/stm32f4xx_hal_gpio.c.obj
                0x0800309c                HAL_GPIO_WritePin
 .text.HAL_I2C_Init
                0x080030d4      0x2b0 CMakeFiles/work_of_soil_moisture_sensor_and_screen.elf.dir/Drivers/STM32F4xx_HAL_Driver/Src/stm32f4xx_hal_i2c.c.obj
                0x080030d4                HAL_I2C_Init
 .text.HAL_I2S_Init
                0x08003384      0x2a8 CMakeFiles/work_of_soil_moisture_sensor_and_screen.elf.dir/Drivers/STM32F4xx_HAL_Driver/Src/stm32f4xx_hal_i2s.c.obj
                0x08003384                HAL_I2S_Init
 .text.HAL_I2S_TxCpltCallback
                0x0800362c        0x2 CMakeFiles/work_of_soil_moisture_sensor_and_screen.elf.dir/Drivers/STM32F4xx_HAL_Driver/Src/stm32f4xx_hal_i2s.c.obj
                0x0800362c                HAL_I2S_TxCpltCallback
 .text.I2S_Transmit_IT
                0x0800362e       0x38 CMakeFiles/work_of_soil_moisture_sensor_and_screen.elf.dir/Drivers/STM32F4xx_HAL_Driver/Src/stm32f4xx_hal_i2s.c.obj
 .text.HAL_I2S_RxCpltCallback
                0x08003666        0x2 CMakeFiles/work_of_soil_moisture_sensor_and_screen.elf.dir/Drivers/STM32F4xx_HAL_Driver/Src/stm32f4xx_hal_i2s.c.obj
                0x08003666                HAL_I2S_RxCpltCallback
 .text.I2S_Receive_IT
                0x08003668       0x38 CMakeFiles/work_of_soil_moisture_sensor_and_screen.elf.dir/Drivers/STM32F4xx_HAL_Driver/Src/stm32f4xx_hal_i2s.c.obj
 .text.HAL_I2S_ErrorCallback
                0x080036a0        0x2 CMakeFiles/work_of_soil_moisture_sensor_and_screen.elf.dir/Drivers/STM32F4xx_HAL_Driver/Src/stm32f4xx_hal_i2s.c.obj
                0x080036a0                HAL_I2S_ErrorCallback
 .text.I2S_IRQHandler
                0x080036a2       0xd0 CMakeFiles/work_of_soil_moisture_sensor_and_screen.elf.dir/Drivers/STM32F4xx_HAL_Driver/Src/stm32f4xx_hal_i2s.c.obj
 .text.HAL_I2SEx_TxRxCpltCallback
                0x08003772        0x2 CMakeFiles/work_of_soil_moisture_sensor_and_screen.elf.dir/Drivers/STM32F4xx_HAL_Driver/Src/stm32f4xx_hal_i2s_ex.c.obj
                0x08003772                HAL_I2SEx_TxRxCpltCallback
 .text.I2SEx_TxISR_I2S
                0x08003774       0x3c CMakeFiles/work_of_soil_moisture_sensor_and_screen.elf.dir/Drivers/STM32F4xx_HAL_Driver/Src/stm32f4xx_hal_i2s_ex.c.obj
 .text.I2SEx_RxISR_I2SExt
                0x080037b0       0x64 CMakeFiles/work_of_soil_moisture_sensor_and_screen.elf.dir/Drivers/STM32F4xx_HAL_Driver/Src/stm32f4xx_hal_i2s_ex.c.obj
 .text.I2SEx_TxISR_I2SExt
                0x08003814       0x64 CMakeFiles/work_of_soil_moisture_sensor_and_screen.elf.dir/Drivers/STM32F4xx_HAL_Driver/Src/stm32f4xx_hal_i2s_ex.c.obj
 .text.I2SEx_RxISR_I2S
                0x08003878       0x3c CMakeFiles/work_of_soil_moisture_sensor_and_screen.elf.dir/Drivers/STM32F4xx_HAL_Driver/Src/stm32f4xx_hal_i2s_ex.c.obj
 .text.HAL_I2SEx_FullDuplex_IRQHandler
                0x080038b4      0x1d8 CMakeFiles/work_of_soil_moisture_sensor_and_screen.elf.dir/Drivers/STM32F4xx_HAL_Driver/Src/stm32f4xx_hal_i2s_ex.c.obj
                0x080038b4                HAL_I2SEx_FullDuplex_IRQHandler
 .text.HAL_RCC_OscConfig
                0x08003a8c      0x4f8 CMakeFiles/work_of_soil_moisture_sensor_and_screen.elf.dir/Drivers/STM32F4xx_HAL_Driver/Src/stm32f4xx_hal_rcc.c.obj
                0x08003a8c                HAL_RCC_OscConfig
 .text.HAL_RCC_GetSysClockFreq
                0x08003f84       0xcc CMakeFiles/work_of_soil_moisture_sensor_and_screen.elf.dir/Drivers/STM32F4xx_HAL_Driver/Src/stm32f4xx_hal_rcc.c.obj
                0x08003f84                HAL_RCC_GetSysClockFreq
 .text.HAL_RCC_ClockConfig
                0x08004050      0x21c CMakeFiles/work_of_soil_moisture_sensor_and_screen.elf.dir/Drivers/STM32F4xx_HAL_Driver/Src/stm32f4xx_hal_rcc.c.obj
                0x08004050                HAL_RCC_ClockConfig
 .text.HAL_RCC_GetHCLKFreq
                0x0800426c        0xc CMakeFiles/work_of_soil_moisture_sensor_and_screen.elf.dir/Drivers/STM32F4xx_HAL_Driver/Src/stm32f4xx_hal_rcc.c.obj
                0x0800426c                HAL_RCC_GetHCLKFreq
 .text.HAL_RCC_GetPCLK1Freq
                0x08004278       0x20 CMakeFiles/work_of_soil_moisture_sensor_and_screen.elf.dir/Drivers/STM32F4xx_HAL_Driver/Src/stm32f4xx_hal_rcc.c.obj
                0x08004278                HAL_RCC_GetPCLK1Freq
 .text.HAL_RCCEx_PeriphCLKConfig
                0x08004298      0x2cc CMakeFiles/work_of_soil_moisture_sensor_and_screen.elf.dir/Drivers/STM32F4xx_HAL_Driver/Src/stm32f4xx_hal_rcc_ex.c.obj
                0x08004298                HAL_RCCEx_PeriphCLKConfig
 .text.HAL_RCCEx_GetPeriphCLKFreq
                0x08004564       0x78 CMakeFiles/work_of_soil_moisture_sensor_and_screen.elf.dir/Drivers/STM32F4xx_HAL_Driver/Src/stm32f4xx_hal_rcc_ex.c.obj
                0x08004564                HAL_RCCEx_GetPeriphCLKFreq
 .text.SPI_WaitFlagStateUntilTimeout
                0x080045dc       0x94 CMakeFiles/work_of_soil_moisture_sensor_and_screen.elf.dir/Drivers/STM32F4xx_HAL_Driver/Src/stm32f4xx_hal_spi.c.obj
 .text.SPI_EndRxTxTransaction
                0x08004670       0x68 CMakeFiles/work_of_soil_moisture_sensor_and_screen.elf.dir/Drivers/STM32F4xx_HAL_Driver/Src/stm32f4xx_hal_spi.c.obj
 .text.HAL_SPI_Init
                0x080046d8      0x1a4 CMakeFiles/work_of_soil_moisture_sensor_and_screen.elf.dir/Drivers/STM32F4xx_HAL_Driver/Src/stm32f4xx_hal_spi.c.obj
                0x080046d8                HAL_SPI_Init
 .text.HAL_SPI_Transmit
                0x0800487c      0x1c0 CMakeFiles/work_of_soil_moisture_sensor_and_screen.elf.dir/Drivers/STM32F4xx_HAL_Driver/Src/stm32f4xx_hal_spi.c.obj
                0x0800487c                HAL_SPI_Transmit
 .text.TIM_TI1_ConfigInputStage
                0x08004a3c       0x24 CMakeFiles/work_of_soil_moisture_sensor_and_screen.elf.dir/Drivers/STM32F4xx_HAL_Driver/Src/stm32f4xx_hal_tim.c.obj
 .text.TIM_TI2_ConfigInputStage
                0x08004a60       0x26 CMakeFiles/work_of_soil_moisture_sensor_and_screen.elf.dir/Drivers/STM32F4xx_HAL_Driver/Src/stm32f4xx_hal_tim.c.obj
 .text.TIM_ITRx_SetConfig
                0x08004a86       0x10 CMakeFiles/work_of_soil_moisture_sensor_and_screen.elf.dir/Drivers/STM32F4xx_HAL_Driver/Src/stm32f4xx_hal_tim.c.obj
 *fill*         0x08004a96        0x2 
 .text.TIM_Base_SetConfig
                0x08004a98       0x9c CMakeFiles/work_of_soil_moisture_sensor_and_screen.elf.dir/Drivers/STM32F4xx_HAL_Driver/Src/stm32f4xx_hal_tim.c.obj
                0x08004a98                TIM_Base_SetConfig
 .text.HAL_TIM_Base_Init
                0x08004b34       0xd8 CMakeFiles/work_of_soil_moisture_sensor_and_screen.elf.dir/Drivers/STM32F4xx_HAL_Driver/Src/stm32f4xx_hal_tim.c.obj
                0x08004b34                HAL_TIM_Base_Init
 .text.TIM_ETR_SetConfig
                0x08004c0c       0x16 CMakeFiles/work_of_soil_moisture_sensor_and_screen.elf.dir/Drivers/STM32F4xx_HAL_Driver/Src/stm32f4xx_hal_tim.c.obj
                0x08004c0c                TIM_ETR_SetConfig
 *fill*         0x08004c22        0x2 
 .text.HAL_TIM_ConfigClockSource
                0x08004c24      0x414 CMakeFiles/work_of_soil_moisture_sensor_and_screen.elf.dir/Drivers/STM32F4xx_HAL_Driver/Src/stm32f4xx_hal_tim.c.obj
                0x08004c24                HAL_TIM_ConfigClockSource
 .text.HAL_TIMEx_MasterConfigSynchronization
                0x08005038       0xf0 CMakeFiles/work_of_soil_moisture_sensor_and_screen.elf.dir/Drivers/STM32F4xx_HAL_Driver/Src/stm32f4xx_hal_tim_ex.c.obj
                0x08005038                HAL_TIMEx_MasterConfigSynchronization
 .text.Reset_Handler
                0x08005128       0x50 CMakeFiles/work_of_soil_moisture_sensor_and_screen.elf.dir/startup/startup_stm32f411xe.s.obj
                0x08005128                Reset_Handler
 .text.Default_Handler
                0x08005178        0x2 CMakeFiles/work_of_soil_moisture_sensor_and_screen.elf.dir/startup/startup_stm32f411xe.s.obj
                0x08005178                RTC_Alarm_IRQHandler
                0x08005178                EXTI2_IRQHandler
                0x08005178                SPI4_IRQHandler
                0x08005178                TIM1_CC_IRQHandler
                0x08005178                DMA2_Stream5_IRQHandler
                0x08005178                DMA1_Stream5_IRQHandler
                0x08005178                PVD_IRQHandler
                0x08005178                SDIO_IRQHandler
                0x08005178                TAMP_STAMP_IRQHandler
                0x08005178                EXTI3_IRQHandler
                0x08005178                TIM1_UP_TIM10_IRQHandler
                0x08005178                I2C3_ER_IRQHandler
                0x08005178                EXTI0_IRQHandler
                0x08005178                I2C2_EV_IRQHandler
                0x08005178                DMA1_Stream2_IRQHandler
                0x08005178                FPU_IRQHandler
                0x08005178                DMA2_Stream2_IRQHandler
                0x08005178                SPI1_IRQHandler
                0x08005178                TIM1_BRK_TIM9_IRQHandler
                0x08005178                DMA2_Stream3_IRQHandler
                0x08005178                USART6_IRQHandler
                0x08005178                DMA2_Stream0_IRQHandler
                0x08005178                TIM4_IRQHandler
                0x08005178                I2C1_EV_IRQHandler
                0x08005178                DMA1_Stream6_IRQHandler
                0x08005178                DMA1_Stream1_IRQHandler
                0x08005178                TIM3_IRQHandler
                0x08005178                RCC_IRQHandler
                0x08005178                Default_Handler
                0x08005178                EXTI15_10_IRQHandler
                0x08005178                ADC_IRQHandler
                0x08005178                DMA1_Stream7_IRQHandler
                0x08005178                SPI5_IRQHandler
                0x08005178                TIM5_IRQHandler
                0x08005178                DMA2_Stream7_IRQHandler
                0x08005178                I2C3_EV_IRQHandler
                0x08005178                EXTI9_5_IRQHandler
                0x08005178                RTC_WKUP_IRQHandler
                0x08005178                SPI2_IRQHandler
                0x08005178                DMA1_Stream0_IRQHandler
                0x08005178                EXTI4_IRQHandler
                0x08005178                WWDG_IRQHandler
                0x08005178                TIM2_IRQHandler
                0x08005178                OTG_FS_WKUP_IRQHandler
                0x08005178                TIM1_TRG_COM_TIM11_IRQHandler
                0x08005178                EXTI1_IRQHandler
                0x08005178                USART2_IRQHandler
                0x08005178                I2C2_ER_IRQHandler
                0x08005178                DMA2_Stream1_IRQHandler
                0x08005178                FLASH_IRQHandler
                0x08005178                DMA2_Stream4_IRQHandler
                0x08005178                USART1_IRQHandler
                0x08005178                OTG_FS_IRQHandler
                0x08005178                SPI3_IRQHandler
                0x08005178                DMA1_Stream4_IRQHandler
                0x08005178                I2C1_ER_IRQHandler
                0x08005178                DMA2_Stream6_IRQHandler
                0x08005178                DMA1_Stream3_IRQHandler
 *fill*         0x0800517a        0x2 
 .text.__errno  0x0800517c        0xc c:/progra~2/gnuarm~1/92020-~1/bin/../lib/gcc/arm-none-eabi/9.3.1/../../../../arm-none-eabi/lib/thumb/v7e-m/nofp\libg.a(lib_a-errno.o)
                0x0800517c                __errno
 .text.__libc_init_array
                0x08005188       0x48 c:/progra~2/gnuarm~1/92020-~1/bin/../lib/gcc/arm-none-eabi/9.3.1/../../../../arm-none-eabi/lib/thumb/v7e-m/nofp\libg.a(lib_a-init.o)
                0x08005188                __libc_init_array
 .text.memset   0x080051d0       0xa0 c:/progra~2/gnuarm~1/92020-~1/bin/../lib/gcc/arm-none-eabi/9.3.1/../../../../arm-none-eabi/lib/thumb/v7e-m/nofp\libg.a(lib_a-memset.o)
                0x080051d0                memset
 .text._vsnprintf_r
                0x08005270       0x70 c:/progra~2/gnuarm~1/92020-~1/bin/../lib/gcc/arm-none-eabi/9.3.1/../../../../arm-none-eabi/lib/thumb/v7e-m/nofp\libg.a(lib_a-vsnprintf.o)
                0x08005270                _vsnprintf_r
 .text.vsnprintf
                0x080052e0       0x20 c:/progra~2/gnuarm~1/92020-~1/bin/../lib/gcc/arm-none-eabi/9.3.1/../../../../arm-none-eabi/lib/thumb/v7e-m/nofp\libg.a(lib_a-vsnprintf.o)
                0x080052e0                vsnprintf
 .text.startup.register_fini
                0x08005300       0x14 c:/progra~2/gnuarm~1/92020-~1/bin/../lib/gcc/arm-none-eabi/9.3.1/../../../../arm-none-eabi/lib/thumb/v7e-m/nofp\libg.a(lib_a-__call_atexit.o)
 .text.atexit   0x08005314        0xc c:/progra~2/gnuarm~1/92020-~1/bin/../lib/gcc/arm-none-eabi/9.3.1/../../../../arm-none-eabi/lib/thumb/v7e-m/nofp\libg.a(lib_a-atexit.o)
                0x08005314                atexit
 .text.__libc_fini_array
                0x08005320       0x2c c:/progra~2/gnuarm~1/92020-~1/bin/../lib/gcc/arm-none-eabi/9.3.1/../../../../arm-none-eabi/lib/thumb/v7e-m/nofp\libg.a(lib_a-fini.o)
                0x08005320                __libc_fini_array
 .text.__retarget_lock_init_recursive
                0x0800534c        0x4 c:/progra~2/gnuarm~1/92020-~1/bin/../lib/gcc/arm-none-eabi/9.3.1/../../../../arm-none-eabi/lib/thumb/v7e-m/nofp\libg.a(lib_a-lock.o)
                0x0800534c                __retarget_lock_init_recursive
 .text.__retarget_lock_close_recursive
                0x08005350        0x4 c:/progra~2/gnuarm~1/92020-~1/bin/../lib/gcc/arm-none-eabi/9.3.1/../../../../arm-none-eabi/lib/thumb/v7e-m/nofp\libg.a(lib_a-lock.o)
                0x08005350                __retarget_lock_close_recursive
 .text.__retarget_lock_acquire_recursive
                0x08005354        0x4 c:/progra~2/gnuarm~1/92020-~1/bin/../lib/gcc/arm-none-eabi/9.3.1/../../../../arm-none-eabi/lib/thumb/v7e-m/nofp\libg.a(lib_a-lock.o)
                0x08005354                __retarget_lock_acquire_recursive
 .text.__retarget_lock_release_recursive
                0x08005358        0x4 c:/progra~2/gnuarm~1/92020-~1/bin/../lib/gcc/arm-none-eabi/9.3.1/../../../../arm-none-eabi/lib/thumb/v7e-m/nofp\libg.a(lib_a-lock.o)
                0x08005358                __retarget_lock_release_recursive
 .text._svfprintf_r
                0x0800535c     0x1acc c:/progra~2/gnuarm~1/92020-~1/bin/../lib/gcc/arm-none-eabi/9.3.1/../../../../arm-none-eabi/lib/thumb/v7e-m/nofp\libg.a(lib_a-svfprintf.o)
                0x0800535c                _svfprintf_r
 .text.__register_exitproc
                0x08006e28       0x8c c:/progra~2/gnuarm~1/92020-~1/bin/../lib/gcc/arm-none-eabi/9.3.1/../../../../arm-none-eabi/lib/thumb/v7e-m/nofp\libg.a(lib_a-__atexit.o)
                0x08006e28                __register_exitproc
 .text.quorem   0x08006eb4      0x11c c:/progra~2/gnuarm~1/92020-~1/bin/../lib/gcc/arm-none-eabi/9.3.1/../../../../arm-none-eabi/lib/thumb/v7e-m/nofp\libg.a(lib_a-dtoa.o)
 .text._dtoa_r  0x08006fd0      0xed4 c:/progra~2/gnuarm~1/92020-~1/bin/../lib/gcc/arm-none-eabi/9.3.1/../../../../arm-none-eabi/lib/thumb/v7e-m/nofp\libg.a(lib_a-dtoa.o)
                0x08006fd0                _dtoa_r
 .text._malloc_trim_r
                0x08007ea4       0xa0 c:/progra~2/gnuarm~1/92020-~1/bin/../lib/gcc/arm-none-eabi/9.3.1/../../../../arm-none-eabi/lib/thumb/v7e-m/nofp\libg.a(lib_a-freer.o)
                0x08007ea4                _malloc_trim_r
 .text._free_r  0x08007f44      0x208 c:/progra~2/gnuarm~1/92020-~1/bin/../lib/gcc/arm-none-eabi/9.3.1/../../../../arm-none-eabi/lib/thumb/v7e-m/nofp\libg.a(lib_a-freer.o)
                0x08007f44                _free_r
 .text._localeconv_r
                0x0800814c        0x8 c:/progra~2/gnuarm~1/92020-~1/bin/../lib/gcc/arm-none-eabi/9.3.1/../../../../arm-none-eabi/lib/thumb/v7e-m/nofp\libg.a(lib_a-localeconv.o)
                0x0800814c                _localeconv_r
 .text._malloc_r
                0x08008154      0x574 c:/progra~2/gnuarm~1/92020-~1/bin/../lib/gcc/arm-none-eabi/9.3.1/../../../../arm-none-eabi/lib/thumb/v7e-m/nofp\libg.a(lib_a-mallocr.o)
                0x08008154                _malloc_r
 .text.__malloc_lock
                0x080086c8        0xc c:/progra~2/gnuarm~1/92020-~1/bin/../lib/gcc/arm-none-eabi/9.3.1/../../../../arm-none-eabi/lib/thumb/v7e-m/nofp\libg.a(lib_a-mlock.o)
                0x080086c8                __malloc_lock
 .text.__malloc_unlock
                0x080086d4        0xc c:/progra~2/gnuarm~1/92020-~1/bin/../lib/gcc/arm-none-eabi/9.3.1/../../../../arm-none-eabi/lib/thumb/v7e-m/nofp\libg.a(lib_a-mlock.o)
                0x080086d4                __malloc_unlock
 .text._Balloc  0x080086e0       0x4c c:/progra~2/gnuarm~1/92020-~1/bin/../lib/gcc/arm-none-eabi/9.3.1/../../../../arm-none-eabi/lib/thumb/v7e-m/nofp\libg.a(lib_a-mprec.o)
                0x080086e0                _Balloc
 .text._Bfree   0x0800872c       0x14 c:/progra~2/gnuarm~1/92020-~1/bin/../lib/gcc/arm-none-eabi/9.3.1/../../../../arm-none-eabi/lib/thumb/v7e-m/nofp\libg.a(lib_a-mprec.o)
                0x0800872c                _Bfree
 .text.__multadd
                0x08008740       0xa0 c:/progra~2/gnuarm~1/92020-~1/bin/../lib/gcc/arm-none-eabi/9.3.1/../../../../arm-none-eabi/lib/thumb/v7e-m/nofp\libg.a(lib_a-mprec.o)
                0x08008740                __multadd
 .text.__hi0bits
                0x080087e0       0x40 c:/progra~2/gnuarm~1/92020-~1/bin/../lib/gcc/arm-none-eabi/9.3.1/../../../../arm-none-eabi/lib/thumb/v7e-m/nofp\libg.a(lib_a-mprec.o)
                0x080087e0                __hi0bits
 .text.__lo0bits
                0x08008820       0x60 c:/progra~2/gnuarm~1/92020-~1/bin/../lib/gcc/arm-none-eabi/9.3.1/../../../../arm-none-eabi/lib/thumb/v7e-m/nofp\libg.a(lib_a-mprec.o)
                0x08008820                __lo0bits
 .text.__i2b    0x08008880       0x2c c:/progra~2/gnuarm~1/92020-~1/bin/../lib/gcc/arm-none-eabi/9.3.1/../../../../arm-none-eabi/lib/thumb/v7e-m/nofp\libg.a(lib_a-mprec.o)
                0x08008880                __i2b
 .text.__multiply
                0x080088ac      0x160 c:/progra~2/gnuarm~1/92020-~1/bin/../lib/gcc/arm-none-eabi/9.3.1/../../../../arm-none-eabi/lib/thumb/v7e-m/nofp\libg.a(lib_a-mprec.o)
                0x080088ac                __multiply
 .text.__pow5mult
                0x08008a0c       0x98 c:/progra~2/gnuarm~1/92020-~1/bin/../lib/gcc/arm-none-eabi/9.3.1/../../../../arm-none-eabi/lib/thumb/v7e-m/nofp\libg.a(lib_a-mprec.o)
                0x08008a0c                __pow5mult
 .text.__lshift
                0x08008aa4       0xe8 c:/progra~2/gnuarm~1/92020-~1/bin/../lib/gcc/arm-none-eabi/9.3.1/../../../../arm-none-eabi/lib/thumb/v7e-m/nofp\libg.a(lib_a-mprec.o)
                0x08008aa4                __lshift
 .text.__mcmp   0x08008b8c       0x3c c:/progra~2/gnuarm~1/92020-~1/bin/../lib/gcc/arm-none-eabi/9.3.1/../../../../arm-none-eabi/lib/thumb/v7e-m/nofp\libg.a(lib_a-mprec.o)
                0x08008b8c                __mcmp
 .text.__mdiff  0x08008bc8      0x148 c:/progra~2/gnuarm~1/92020-~1/bin/../lib/gcc/arm-none-eabi/9.3.1/../../../../arm-none-eabi/lib/thumb/v7e-m/nofp\libg.a(lib_a-mprec.o)
                0x08008bc8                __mdiff
 .text.__d2b    0x08008d10       0xc4 c:/progra~2/gnuarm~1/92020-~1/bin/../lib/gcc/arm-none-eabi/9.3.1/../../../../arm-none-eabi/lib/thumb/v7e-m/nofp\libg.a(lib_a-mprec.o)
                0x08008d10                __d2b
 .text.frexp    0x08008dd4       0x70 c:/progra~2/gnuarm~1/92020-~1/bin/../lib/gcc/arm-none-eabi/9.3.1/../../../../arm-none-eabi/lib/thumb/v7e-m/nofp\libg.a(lib_a-s_frexp.o)
                0x08008dd4                frexp
 .text._sbrk_r  0x08008e44       0x24 c:/progra~2/gnuarm~1/92020-~1/bin/../lib/gcc/arm-none-eabi/9.3.1/../../../../arm-none-eabi/lib/thumb/v7e-m/nofp\libg.a(lib_a-sbrkr.o)
                0x08008e44                _sbrk_r
 .text.strncpy  0x08008e68       0x68 c:/progra~2/gnuarm~1/92020-~1/bin/../lib/gcc/arm-none-eabi/9.3.1/../../../../arm-none-eabi/lib/thumb/v7e-m/nofp\libg.a(lib_a-strncpy.o)
                0x08008e68                strncpy
 .text.__ssprint_r
                0x08008ed0       0xf8 c:/progra~2/gnuarm~1/92020-~1/bin/../lib/gcc/arm-none-eabi/9.3.1/../../../../arm-none-eabi/lib/thumb/v7e-m/nofp\libg.a(lib_a-svfiprintf.o)
                0x08008ed0                __ssprint_r
 .text.__assert_func
                0x08008fc8       0x3c c:/progra~2/gnuarm~1/92020-~1/bin/../lib/gcc/arm-none-eabi/9.3.1/../../../../arm-none-eabi/lib/thumb/v7e-m/nofp\libg.a(lib_a-assert.o)
                0x08008fc8                __assert_func
 .text._calloc_r
                0x08009004       0x60 c:/progra~2/gnuarm~1/92020-~1/bin/../lib/gcc/arm-none-eabi/9.3.1/../../../../arm-none-eabi/lib/thumb/v7e-m/nofp\libg.a(lib_a-callocr.o)
                0x08009004                _calloc_r
 .text.fiprintf
                0x08009064       0x28 c:/progra~2/gnuarm~1/92020-~1/bin/../lib/gcc/arm-none-eabi/9.3.1/../../../../arm-none-eabi/lib/thumb/v7e-m/nofp\libg.a(lib_a-fiprintf.o)
                0x08009064                fiprintf
 .text.__locale_mb_cur_max
                0x0800908c        0xc c:/progra~2/gnuarm~1/92020-~1/bin/../lib/gcc/arm-none-eabi/9.3.1/../../../../arm-none-eabi/lib/thumb/v7e-m/nofp\libg.a(lib_a-locale.o)
                0x0800908c                __locale_mb_cur_max
 .text.__ascii_mbtowc
                0x08009098       0x2c c:/progra~2/gnuarm~1/92020-~1/bin/../lib/gcc/arm-none-eabi/9.3.1/../../../../arm-none-eabi/lib/thumb/v7e-m/nofp\libg.a(lib_a-mbtowc_r.o)
                0x08009098                __ascii_mbtowc
 .text.memmove  0x080090c4       0xd8 c:/progra~2/gnuarm~1/92020-~1/bin/../lib/gcc/arm-none-eabi/9.3.1/../../../../arm-none-eabi/lib/thumb/v7e-m/nofp\libg.a(lib_a-memmove.o)
                0x080090c4                memmove
 .text._realloc_r
                0x0800919c      0x3e0 c:/progra~2/gnuarm~1/92020-~1/bin/../lib/gcc/arm-none-eabi/9.3.1/../../../../arm-none-eabi/lib/thumb/v7e-m/nofp\libg.a(lib_a-reallocr.o)
                0x0800919c                _realloc_r
 .text.__sprint_r.part.0
                0x0800957c       0x78 c:/progra~2/gnuarm~1/92020-~1/bin/../lib/gcc/arm-none-eabi/9.3.1/../../../../arm-none-eabi/lib/thumb/v7e-m/nofp\libg.a(lib_a-vfiprintf.o)
 .text._vfiprintf_r
                0x080095f4      0xd38 c:/progra~2/gnuarm~1/92020-~1/bin/../lib/gcc/arm-none-eabi/9.3.1/../../../../arm-none-eabi/lib/thumb/v7e-m/nofp\libg.a(lib_a-vfiprintf.o)
                0x080095f4                _vfiprintf_r
 .text.__sbprintf
                0x0800a32c       0x84 c:/progra~2/gnuarm~1/92020-~1/bin/../lib/gcc/arm-none-eabi/9.3.1/../../../../arm-none-eabi/lib/thumb/v7e-m/nofp\libg.a(lib_a-vfiprintf.o)
 .text.__ascii_wctomb
                0x0800a3b0       0x1c c:/progra~2/gnuarm~1/92020-~1/bin/../lib/gcc/arm-none-eabi/9.3.1/../../../../arm-none-eabi/lib/thumb/v7e-m/nofp\libg.a(lib_a-wctomb_r.o)
                0x0800a3b0                __ascii_wctomb
 .text.__swsetup_r
                0x0800a3cc       0xd0 c:/progra~2/gnuarm~1/92020-~1/bin/../lib/gcc/arm-none-eabi/9.3.1/../../../../arm-none-eabi/lib/thumb/v7e-m/nofp\libg.a(lib_a-wsetup.o)
                0x0800a3cc                __swsetup_r
 .text.abort    0x0800a49c       0x10 c:/progra~2/gnuarm~1/92020-~1/bin/../lib/gcc/arm-none-eabi/9.3.1/../../../../arm-none-eabi/lib/thumb/v7e-m/nofp\libg.a(lib_a-abort.o)
                0x0800a49c                abort
 .text.__sflush_r
                0x0800a4ac      0x130 c:/progra~2/gnuarm~1/92020-~1/bin/../lib/gcc/arm-none-eabi/9.3.1/../../../../arm-none-eabi/lib/thumb/v7e-m/nofp\libg.a(lib_a-fflush.o)
                0x0800a4ac                __sflush_r
 .text._fflush_r
                0x0800a5dc       0x5c c:/progra~2/gnuarm~1/92020-~1/bin/../lib/gcc/arm-none-eabi/9.3.1/../../../../arm-none-eabi/lib/thumb/v7e-m/nofp\libg.a(lib_a-fflush.o)
                0x0800a5dc                _fflush_r
 .text.std      0x0800a638       0x50 c:/progra~2/gnuarm~1/92020-~1/bin/../lib/gcc/arm-none-eabi/9.3.1/../../../../arm-none-eabi/lib/thumb/v7e-m/nofp\libg.a(lib_a-findfp.o)
 .text._cleanup_r
                0x0800a688        0xc c:/progra~2/gnuarm~1/92020-~1/bin/../lib/gcc/arm-none-eabi/9.3.1/../../../../arm-none-eabi/lib/thumb/v7e-m/nofp\libg.a(lib_a-findfp.o)
                0x0800a688                _cleanup_r
 .text.__sinit  0x0800a694       0x54 c:/progra~2/gnuarm~1/92020-~1/bin/../lib/gcc/arm-none-eabi/9.3.1/../../../../arm-none-eabi/lib/thumb/v7e-m/nofp\libg.a(lib_a-findfp.o)
                0x0800a694                __sinit
 .text.__sfp_lock_acquire
                0x0800a6e8        0xc c:/progra~2/gnuarm~1/92020-~1/bin/../lib/gcc/arm-none-eabi/9.3.1/../../../../arm-none-eabi/lib/thumb/v7e-m/nofp\libg.a(lib_a-findfp.o)
                0x0800a6e8                __sfp_lock_acquire
 .text.__sfp_lock_release
                0x0800a6f4        0xc c:/progra~2/gnuarm~1/92020-~1/bin/../lib/gcc/arm-none-eabi/9.3.1/../../../../arm-none-eabi/lib/thumb/v7e-m/nofp\libg.a(lib_a-findfp.o)
                0x0800a6f4                __sfp_lock_release
 .text.__fputwc
                0x0800a700       0xa8 c:/progra~2/gnuarm~1/92020-~1/bin/../lib/gcc/arm-none-eabi/9.3.1/../../../../arm-none-eabi/lib/thumb/v7e-m/nofp\libg.a(lib_a-fputwc.o)
                0x0800a700                __fputwc
 .text._fputwc_r
                0x0800a7a8       0x68 c:/progra~2/gnuarm~1/92020-~1/bin/../lib/gcc/arm-none-eabi/9.3.1/../../../../arm-none-eabi/lib/thumb/v7e-m/nofp\libg.a(lib_a-fputwc.o)
                0x0800a7a8                _fputwc_r
 .text.__sfvwrite_r
                0x0800a810      0x2e0 c:/progra~2/gnuarm~1/92020-~1/bin/../lib/gcc/arm-none-eabi/9.3.1/../../../../arm-none-eabi/lib/thumb/v7e-m/nofp\libg.a(lib_a-fvwrite.o)
                0x0800a810                __sfvwrite_r
 .text._fwalk_reent
                0x0800aaf0       0x48 c:/progra~2/gnuarm~1/92020-~1/bin/../lib/gcc/arm-none-eabi/9.3.1/../../../../arm-none-eabi/lib/thumb/v7e-m/nofp\libg.a(lib_a-fwalk.o)
                0x0800aaf0                _fwalk_reent
 .text.__swhatbuf_r
                0x0800ab38       0x5c c:/progra~2/gnuarm~1/92020-~1/bin/../lib/gcc/arm-none-eabi/9.3.1/../../../../arm-none-eabi/lib/thumb/v7e-m/nofp\libg.a(lib_a-makebuf.o)
                0x0800ab38                __swhatbuf_r
 .text.__smakebuf_r
                0x0800ab94       0x98 c:/progra~2/gnuarm~1/92020-~1/bin/../lib/gcc/arm-none-eabi/9.3.1/../../../../arm-none-eabi/lib/thumb/v7e-m/nofp\libg.a(lib_a-makebuf.o)
                0x0800ab94                __smakebuf_r
 .text._raise_r
                0x0800ac2c       0x58 c:/progra~2/gnuarm~1/92020-~1/bin/../lib/gcc/arm-none-eabi/9.3.1/../../../../arm-none-eabi/lib/thumb/v7e-m/nofp\libg.a(lib_a-signal.o)
                0x0800ac2c                _raise_r
 .text.raise    0x0800ac84       0x10 c:/progra~2/gnuarm~1/92020-~1/bin/../lib/gcc/arm-none-eabi/9.3.1/../../../../arm-none-eabi/lib/thumb/v7e-m/nofp\libg.a(lib_a-signal.o)
                0x0800ac84                raise
 .text._kill_r  0x0800ac94       0x2c c:/progra~2/gnuarm~1/92020-~1/bin/../lib/gcc/arm-none-eabi/9.3.1/../../../../arm-none-eabi/lib/thumb/v7e-m/nofp\libg.a(lib_a-signalr.o)
                0x0800ac94                _kill_r
 .text._getpid_r
                0x0800acc0        0x4 c:/progra~2/gnuarm~1/92020-~1/bin/../lib/gcc/arm-none-eabi/9.3.1/../../../../arm-none-eabi/lib/thumb/v7e-m/nofp\libg.a(lib_a-signalr.o)
                0x0800acc0                _getpid_r
 .text.__sread  0x0800acc4       0x24 c:/progra~2/gnuarm~1/92020-~1/bin/../lib/gcc/arm-none-eabi/9.3.1/../../../../arm-none-eabi/lib/thumb/v7e-m/nofp\libg.a(lib_a-stdio.o)
                0x0800acc4                __sread
 .text.__swrite
                0x0800ace8       0x40 c:/progra~2/gnuarm~1/92020-~1/bin/../lib/gcc/arm-none-eabi/9.3.1/../../../../arm-none-eabi/lib/thumb/v7e-m/nofp\libg.a(lib_a-stdio.o)
                0x0800ace8                __swrite
 .text.__sseek  0x0800ad28       0x20 c:/progra~2/gnuarm~1/92020-~1/bin/../lib/gcc/arm-none-eabi/9.3.1/../../../../arm-none-eabi/lib/thumb/v7e-m/nofp\libg.a(lib_a-stdio.o)
                0x0800ad28                __sseek
 .text.__sclose
                0x0800ad48        0x8 c:/progra~2/gnuarm~1/92020-~1/bin/../lib/gcc/arm-none-eabi/9.3.1/../../../../arm-none-eabi/lib/thumb/v7e-m/nofp\libg.a(lib_a-stdio.o)
                0x0800ad48                __sclose
 .text.__swbuf_r
                0x0800ad50       0xb0 c:/progra~2/gnuarm~1/92020-~1/bin/../lib/gcc/arm-none-eabi/9.3.1/../../../../arm-none-eabi/lib/thumb/v7e-m/nofp\libg.a(lib_a-wbuf.o)
                0x0800ad50                __swbuf_r
 .text._wcrtomb_r
                0x0800ae00       0x3c c:/progra~2/gnuarm~1/92020-~1/bin/../lib/gcc/arm-none-eabi/9.3.1/../../../../arm-none-eabi/lib/thumb/v7e-m/nofp\libg.a(lib_a-wcrtomb.o)
                0x0800ae00                _wcrtomb_r
 .text._write_r
                0x0800ae3c       0x2c c:/progra~2/gnuarm~1/92020-~1/bin/../lib/gcc/arm-none-eabi/9.3.1/../../../../arm-none-eabi/lib/thumb/v7e-m/nofp\libg.a(lib_a-writer.o)
                0x0800ae3c                _write_r
 .text._close_r
                0x0800ae68       0x24 c:/progra~2/gnuarm~1/92020-~1/bin/../lib/gcc/arm-none-eabi/9.3.1/../../../../arm-none-eabi/lib/thumb/v7e-m/nofp\libg.a(lib_a-closer.o)
                0x0800ae68                _close_r
 .text._fclose_r
                0x0800ae8c       0xcc c:/progra~2/gnuarm~1/92020-~1/bin/../lib/gcc/arm-none-eabi/9.3.1/../../../../arm-none-eabi/lib/thumb/v7e-m/nofp\libg.a(lib_a-fclose.o)
                0x0800ae8c                _fclose_r
 .text._fstat_r
                0x0800af58       0x2c c:/progra~2/gnuarm~1/92020-~1/bin/../lib/gcc/arm-none-eabi/9.3.1/../../../../arm-none-eabi/lib/thumb/v7e-m/nofp\libg.a(lib_a-fstatr.o)
                0x0800af58                _fstat_r
 .text._isatty_r
                0x0800af84       0x24 c:/progra~2/gnuarm~1/92020-~1/bin/../lib/gcc/arm-none-eabi/9.3.1/../../../../arm-none-eabi/lib/thumb/v7e-m/nofp\libg.a(lib_a-isattyr.o)
                0x0800af84                _isatty_r
 .text._lseek_r
                0x0800afa8       0x2c c:/progra~2/gnuarm~1/92020-~1/bin/../lib/gcc/arm-none-eabi/9.3.1/../../../../arm-none-eabi/lib/thumb/v7e-m/nofp\libg.a(lib_a-lseekr.o)
                0x0800afa8                _lseek_r
 .text._read_r  0x0800afd4       0x2c c:/progra~2/gnuarm~1/92020-~1/bin/../lib/gcc/arm-none-eabi/9.3.1/../../../../arm-none-eabi/lib/thumb/v7e-m/nofp\libg.a(lib_a-readr.o)
                0x0800afd4                _read_r
 *(.glue_7)
 .glue_7        0x0800b000        0x0 linker stubs
 *(.glue_7t)
 .glue_7t       0x0800b000        0x0 linker stubs
 *(.eh_frame)
 .eh_frame      0x0800b000        0x0 c:/progra~2/gnuarm~1/92020-~1/bin/../lib/gcc/arm-none-eabi/9.3.1/thumb/v7e-m/nofp/crtbegin.o
 *(.init)
 .init          0x0800b000        0x4 c:/progra~2/gnuarm~1/92020-~1/bin/../lib/gcc/arm-none-eabi/9.3.1/thumb/v7e-m/nofp/crti.o
                0x0800b000                _init
 .init          0x0800b004        0x8 c:/progra~2/gnuarm~1/92020-~1/bin/../lib/gcc/arm-none-eabi/9.3.1/thumb/v7e-m/nofp/crtn.o
 *(.fini)
 .fini          0x0800b00c        0x4 c:/progra~2/gnuarm~1/92020-~1/bin/../lib/gcc/arm-none-eabi/9.3.1/thumb/v7e-m/nofp/crti.o
                0x0800b00c                _fini
 .fini          0x0800b010        0x8 c:/progra~2/gnuarm~1/92020-~1/bin/../lib/gcc/arm-none-eabi/9.3.1/thumb/v7e-m/nofp/crtn.o
                0x0800b018                . = ALIGN (0x4)
                0x0800b018                _etext = .

.vfp11_veneer   0x0800b018        0x0
 .vfp11_veneer  0x0800b018        0x0 linker stubs

.v4_bx          0x0800b018        0x0
 .v4_bx         0x0800b018        0x0 linker stubs

.iplt           0x0800b018        0x0
 .iplt          0x0800b018        0x0 c:/progra~2/gnuarm~1/92020-~1/bin/../lib/gcc/arm-none-eabi/9.3.1/thumb/v7e-m/nofp/crtbegin.o

.rodata         0x0800b018      0xecc
                0x0800b018                . = ALIGN (0x4)
 *(.rodata)
 *(.rodata*)
 .rodata.base_font
                0x0800b018      0x600 CMakeFiles/work_of_soil_moisture_sensor_and_screen.elf.dir/Core/Src/lcd5110.c.obj
 .rodata.lcd5110_def_scr
                0x0800b618        0xe CMakeFiles/work_of_soil_moisture_sensor_and_screen.elf.dir/Core/Src/lcd5110.c.obj
                0x0800b618                lcd5110_def_scr
 *fill*         0x0800b626        0x2 
 .rodata.main.str1.4
                0x0800b628       0x3d CMakeFiles/work_of_soil_moisture_sensor_and_screen.elf.dir/Core/Src/main.c.obj
 *fill*         0x0800b665        0x3 
 .rodata.AHBPrescTable
                0x0800b668       0x10 CMakeFiles/work_of_soil_moisture_sensor_and_screen.elf.dir/Core/Src/system_stm32f4xx.c.obj
                0x0800b668                AHBPrescTable
 .rodata.APBPrescTable
                0x0800b678        0x8 CMakeFiles/work_of_soil_moisture_sensor_and_screen.elf.dir/Core/Src/system_stm32f4xx.c.obj
                0x0800b678                APBPrescTable
 .rodata.ADC_Init.str1.4
                0x0800b680       0x6e CMakeFiles/work_of_soil_moisture_sensor_and_screen.elf.dir/Drivers/STM32F4xx_HAL_Driver/Src/stm32f4xx_hal_adc.c.obj
 *fill*         0x0800b6ee        0x2 
 .rodata.HAL_NVIC_SetPriorityGrouping.str1.4
                0x0800b6f0       0x71 CMakeFiles/work_of_soil_moisture_sensor_and_screen.elf.dir/Drivers/STM32F4xx_HAL_Driver/Src/stm32f4xx_hal_cortex.c.obj
 *fill*         0x0800b761        0x3 
 .rodata.HAL_GPIO_Init.str1.4
                0x0800b764       0x6f CMakeFiles/work_of_soil_moisture_sensor_and_screen.elf.dir/Drivers/STM32F4xx_HAL_Driver/Src/stm32f4xx_hal_gpio.c.obj
 *fill*         0x0800b7d3        0x1 
 .rodata.HAL_I2C_Init.str1.4
                0x0800b7d4       0x6e CMakeFiles/work_of_soil_moisture_sensor_and_screen.elf.dir/Drivers/STM32F4xx_HAL_Driver/Src/stm32f4xx_hal_i2c.c.obj
 *fill*         0x0800b842        0x2 
 .rodata.HAL_I2S_Init.str1.4
                0x0800b844       0x6e CMakeFiles/work_of_soil_moisture_sensor_and_screen.elf.dir/Drivers/STM32F4xx_HAL_Driver/Src/stm32f4xx_hal_i2s.c.obj
 *fill*         0x0800b8b2        0x2 
 .rodata.HAL_RCC_OscConfig.str1.4
                0x0800b8b4       0x6e CMakeFiles/work_of_soil_moisture_sensor_and_screen.elf.dir/Drivers/STM32F4xx_HAL_Driver/Src/stm32f4xx_hal_rcc.c.obj
 *fill*         0x0800b922        0x2 
 .rodata.HAL_RCCEx_PeriphCLKConfig.str1.4
                0x0800b924       0x71 CMakeFiles/work_of_soil_moisture_sensor_and_screen.elf.dir/Drivers/STM32F4xx_HAL_Driver/Src/stm32f4xx_hal_rcc_ex.c.obj
 *fill*         0x0800b995        0x3 
 .rodata.HAL_SPI_Init.str1.4
                0x0800b998       0x6e CMakeFiles/work_of_soil_moisture_sensor_and_screen.elf.dir/Drivers/STM32F4xx_HAL_Driver/Src/stm32f4xx_hal_spi.c.obj
 *fill*         0x0800ba06        0x2 
 .rodata.TIM_OC1_SetConfig.str1.4
                0x0800ba08       0x6e CMakeFiles/work_of_soil_moisture_sensor_and_screen.elf.dir/Drivers/STM32F4xx_HAL_Driver/Src/stm32f4xx_hal_tim.c.obj
 *fill*         0x0800ba76        0x2 
 .rodata.HAL_TIMEx_HallSensor_Init.str1.4
                0x0800ba78       0x71 CMakeFiles/work_of_soil_moisture_sensor_and_screen.elf.dir/Drivers/STM32F4xx_HAL_Driver/Src/stm32f4xx_hal_tim_ex.c.obj
 *fill*         0x0800bae9        0x3 
 .rodata._ctype_
                0x0800baec      0x101 c:/progra~2/gnuarm~1/92020-~1/bin/../lib/gcc/arm-none-eabi/9.3.1/../../../../arm-none-eabi/lib/thumb/v7e-m/nofp\libg.a(lib_a-ctype_.o)
                0x0800baec                _ctype_
 *fill*         0x0800bbed        0x3 
 .rodata._global_impure_ptr
                0x0800bbf0        0x4 c:/progra~2/gnuarm~1/92020-~1/bin/../lib/gcc/arm-none-eabi/9.3.1/../../../../arm-none-eabi/lib/thumb/v7e-m/nofp\libg.a(lib_a-impure.o)
                0x0800bbf0                _global_impure_ptr
 .rodata._svfprintf_r.str1.4
                0x0800bbf4       0x42 c:/progra~2/gnuarm~1/92020-~1/bin/../lib/gcc/arm-none-eabi/9.3.1/../../../../arm-none-eabi/lib/thumb/v7e-m/nofp\libg.a(lib_a-svfprintf.o)
 *fill*         0x0800bc36        0x2 
 .rodata.blanks.7335
                0x0800bc38       0x10 c:/progra~2/gnuarm~1/92020-~1/bin/../lib/gcc/arm-none-eabi/9.3.1/../../../../arm-none-eabi/lib/thumb/v7e-m/nofp\libg.a(lib_a-svfprintf.o)
 .rodata.zeroes.7336
                0x0800bc48       0x10 c:/progra~2/gnuarm~1/92020-~1/bin/../lib/gcc/arm-none-eabi/9.3.1/../../../../arm-none-eabi/lib/thumb/v7e-m/nofp\libg.a(lib_a-svfprintf.o)
 .rodata._dtoa_r.str1.4
                0x0800bc58       0xa0 c:/progra~2/gnuarm~1/92020-~1/bin/../lib/gcc/arm-none-eabi/9.3.1/../../../../arm-none-eabi/lib/thumb/v7e-m/nofp\libg.a(lib_a-dtoa.o)
                                 0xa4 (size before relaxing)
 .rodata.__multadd.str1.4
                0x0800bcf8       0x7d c:/progra~2/gnuarm~1/92020-~1/bin/../lib/gcc/arm-none-eabi/9.3.1/../../../../arm-none-eabi/lib/thumb/v7e-m/nofp\libg.a(lib_a-mprec.o)
                                 0x91 (size before relaxing)
 *fill*         0x0800bd75        0x3 
 .rodata.__mprec_bigtens
                0x0800bd78       0x28 c:/progra~2/gnuarm~1/92020-~1/bin/../lib/gcc/arm-none-eabi/9.3.1/../../../../arm-none-eabi/lib/thumb/v7e-m/nofp\libg.a(lib_a-mprec.o)
                0x0800bd78                __mprec_bigtens
 .rodata.__mprec_tens
                0x0800bda0       0xc8 c:/progra~2/gnuarm~1/92020-~1/bin/../lib/gcc/arm-none-eabi/9.3.1/../../../../arm-none-eabi/lib/thumb/v7e-m/nofp\libg.a(lib_a-mprec.o)
                0x0800bda0                __mprec_tens
 .rodata.p05.6122
                0x0800be68        0xc c:/progra~2/gnuarm~1/92020-~1/bin/../lib/gcc/arm-none-eabi/9.3.1/../../../../arm-none-eabi/lib/thumb/v7e-m/nofp\libg.a(lib_a-mprec.o)
 .rodata.__assert_func.str1.4
                0x0800be74       0x3f c:/progra~2/gnuarm~1/92020-~1/bin/../lib/gcc/arm-none-eabi/9.3.1/../../../../arm-none-eabi/lib/thumb/v7e-m/nofp\libg.a(lib_a-assert.o)
                                 0x43 (size before relaxing)
 *fill*         0x0800beb3        0x1 
 .rodata._setlocale_r.str1.4
                0x0800beb4        0xa c:/progra~2/gnuarm~1/92020-~1/bin/../lib/gcc/arm-none-eabi/9.3.1/../../../../arm-none-eabi/lib/thumb/v7e-m/nofp\libg.a(lib_a-locale.o)
                                  0xd (size before relaxing)
 *fill*         0x0800bebe        0x2 
 .rodata.str1.4
                0x0800bec0        0x2 c:/progra~2/gnuarm~1/92020-~1/bin/../lib/gcc/arm-none-eabi/9.3.1/../../../../arm-none-eabi/lib/thumb/v7e-m/nofp\libg.a(lib_a-locale.o)
 .rodata._vfiprintf_r.str1.4
                0x0800bec2       0x2f c:/progra~2/gnuarm~1/92020-~1/bin/../lib/gcc/arm-none-eabi/9.3.1/../../../../arm-none-eabi/lib/thumb/v7e-m/nofp\libg.a(lib_a-vfiprintf.o)
 *fill*         0x0800bec2        0x2 
 .rodata.blanks.7328
                0x0800bec4       0x10 c:/progra~2/gnuarm~1/92020-~1/bin/../lib/gcc/arm-none-eabi/9.3.1/../../../../arm-none-eabi/lib/thumb/v7e-m/nofp\libg.a(lib_a-vfiprintf.o)
 .rodata.zeroes.7329
                0x0800bed4       0x10 c:/progra~2/gnuarm~1/92020-~1/bin/../lib/gcc/arm-none-eabi/9.3.1/../../../../arm-none-eabi/lib/thumb/v7e-m/nofp\libg.a(lib_a-vfiprintf.o)
                0x0800bee4                . = ALIGN (0x4)

.ARM.extab
 *(.ARM.extab* .gnu.linkonce.armextab.*)

.ARM            0x0800bee4        0x8
                0x0800bee4                __exidx_start = .
 *(.ARM.exidx*)
 .ARM.exidx     0x0800bee4        0x8 c:/progra~2/gnuarm~1/92020-~1/bin/../lib/gcc/arm-none-eabi/9.3.1/thumb/v7e-m/nofp\libgcc.a(_udivmoddi4.o)
                0x0800beec                __exidx_end = .

.rel.dyn        0x0800beec        0x0
 .rel.iplt      0x0800beec        0x0 c:/progra~2/gnuarm~1/92020-~1/bin/../lib/gcc/arm-none-eabi/9.3.1/thumb/v7e-m/nofp/crtbegin.o

.preinit_array  0x0800beec        0x0
                0x0800beec                PROVIDE (__preinit_array_start = .)
 *(.preinit_array*)
                0x0800beec                PROVIDE (__preinit_array_end = .)

.init_array     0x0800beec        0x8
                0x0800beec                PROVIDE (__init_array_start = .)
 *(SORT_BY_NAME(.init_array.*))
 .init_array.00000
                0x0800beec        0x4 c:/progra~2/gnuarm~1/92020-~1/bin/../lib/gcc/arm-none-eabi/9.3.1/../../../../arm-none-eabi/lib/thumb/v7e-m/nofp\libg.a(lib_a-__call_atexit.o)
 *(.init_array*)
 .init_array    0x0800bef0        0x4 c:/progra~2/gnuarm~1/92020-~1/bin/../lib/gcc/arm-none-eabi/9.3.1/thumb/v7e-m/nofp/crtbegin.o
                0x0800bef4                PROVIDE (__init_array_end = .)

.fini_array     0x0800bef4        0x4
                0x0800bef4                PROVIDE (__fini_array_start = .)
 *(SORT_BY_NAME(.fini_array.*))
 *(.fini_array*)
 .fini_array    0x0800bef4        0x4 c:/progra~2/gnuarm~1/92020-~1/bin/../lib/gcc/arm-none-eabi/9.3.1/thumb/v7e-m/nofp/crtbegin.o
                0x0800bef8                PROVIDE (__fini_array_end = .)
                0x0800bef8                _sidata = LOADADDR (.data)

.data           0x20000000      0x9b8 load address 0x0800bef8
                0x20000000                . = ALIGN (0x4)
                0x20000000                _sdata = .
 *(.data)
 *(.data*)
 .data.SystemCoreClock
                0x20000000        0x4 CMakeFiles/work_of_soil_moisture_sensor_and_screen.elf.dir/Core/Src/system_stm32f4xx.c.obj
                0x20000000                SystemCoreClock
 .data.uwTickFreq
                0x20000004        0x1 CMakeFiles/work_of_soil_moisture_sensor_and_screen.elf.dir/Drivers/STM32F4xx_HAL_Driver/Src/stm32f4xx_hal.c.obj
                0x20000004                uwTickFreq
 *fill*         0x20000005        0x3 
 .data.uwTickPrio
                0x20000008        0x4 CMakeFiles/work_of_soil_moisture_sensor_and_screen.elf.dir/Drivers/STM32F4xx_HAL_Driver/Src/stm32f4xx_hal.c.obj
                0x20000008                uwTickPrio
 .data._impure_ptr
                0x2000000c        0x4 c:/progra~2/gnuarm~1/92020-~1/bin/../lib/gcc/arm-none-eabi/9.3.1/../../../../arm-none-eabi/lib/thumb/v7e-m/nofp\libg.a(lib_a-impure.o)
                0x2000000c                _impure_ptr
 .data.impure_data
                0x20000010      0x428 c:/progra~2/gnuarm~1/92020-~1/bin/../lib/gcc/arm-none-eabi/9.3.1/../../../../arm-none-eabi/lib/thumb/v7e-m/nofp\libg.a(lib_a-impure.o)
 .data.__atexit_recursive_mutex
                0x20000438        0x4 c:/progra~2/gnuarm~1/92020-~1/bin/../lib/gcc/arm-none-eabi/9.3.1/../../../../arm-none-eabi/lib/thumb/v7e-m/nofp\libg.a(lib_a-__call_atexit.o)
                0x20000438                __atexit_recursive_mutex
 .data.__malloc_av_
                0x2000043c      0x408 c:/progra~2/gnuarm~1/92020-~1/bin/../lib/gcc/arm-none-eabi/9.3.1/../../../../arm-none-eabi/lib/thumb/v7e-m/nofp\libg.a(lib_a-mallocr.o)
                0x2000043c                __malloc_av_
 .data.__malloc_sbrk_base
                0x20000844        0x4 c:/progra~2/gnuarm~1/92020-~1/bin/../lib/gcc/arm-none-eabi/9.3.1/../../../../arm-none-eabi/lib/thumb/v7e-m/nofp\libg.a(lib_a-mallocr.o)
                0x20000844                __malloc_sbrk_base
 .data.__malloc_trim_threshold
                0x20000848        0x4 c:/progra~2/gnuarm~1/92020-~1/bin/../lib/gcc/arm-none-eabi/9.3.1/../../../../arm-none-eabi/lib/thumb/v7e-m/nofp\libg.a(lib_a-mallocr.o)
                0x20000848                __malloc_trim_threshold
 .data.__global_locale
                0x2000084c      0x16c c:/progra~2/gnuarm~1/92020-~1/bin/../lib/gcc/arm-none-eabi/9.3.1/../../../../arm-none-eabi/lib/thumb/v7e-m/nofp\libg.a(lib_a-locale.o)
                0x2000084c                __global_locale
                0x200009b8                . = ALIGN (0x4)
                0x200009b8                _edata = .

.igot.plt       0x200009b8        0x0 load address 0x0800c8b0
 .igot.plt      0x200009b8        0x0 c:/progra~2/gnuarm~1/92020-~1/bin/../lib/gcc/arm-none-eabi/9.3.1/thumb/v7e-m/nofp/crtbegin.o
                0x200009b8                . = ALIGN (0x4)

.bss            0x200009b8      0x480 load address 0x0800c8b0
                0x200009b8                _sbss = .
                0x200009b8                __bss_start__ = _sbss
 *(.bss)
 .bss           0x200009b8       0x1c c:/progra~2/gnuarm~1/92020-~1/bin/../lib/gcc/arm-none-eabi/9.3.1/thumb/v7e-m/nofp/crtbegin.o
 *(.bss*)
 .bss.hadc1     0x200009d4       0x48 CMakeFiles/work_of_soil_moisture_sensor_and_screen.elf.dir/Core/Src/adc.c.obj
                0x200009d4                hadc1
 .bss.hi2c1     0x20000a1c       0x54 CMakeFiles/work_of_soil_moisture_sensor_and_screen.elf.dir/Core/Src/i2c.c.obj
                0x20000a1c                hi2c1
 .bss.hi2s3     0x20000a70       0x48 CMakeFiles/work_of_soil_moisture_sensor_and_screen.elf.dir/Core/Src/i2s.c.obj
                0x20000a70                hi2s3
 .bss.adcResult
                0x20000ab8        0x4 CMakeFiles/work_of_soil_moisture_sensor_and_screen.elf.dir/Core/Src/main.c.obj
                0x20000ab8                adcResult
 .bss.lcd1      0x20000abc      0x224 CMakeFiles/work_of_soil_moisture_sensor_and_screen.elf.dir/Core/Src/main.c.obj
                0x20000abc                lcd1
 .bss.soil_moisture_percent
                0x20000ce0        0x4 CMakeFiles/work_of_soil_moisture_sensor_and_screen.elf.dir/Core/Src/main.c.obj
                0x20000ce0                soil_moisture_percent
 .bss.hspi1     0x20000ce4       0x58 CMakeFiles/work_of_soil_moisture_sensor_and_screen.elf.dir/Core/Src/spi.c.obj
                0x20000ce4                hspi1
 .bss.hspi2     0x20000d3c       0x58 CMakeFiles/work_of_soil_moisture_sensor_and_screen.elf.dir/Core/Src/spi.c.obj
                0x20000d3c                hspi2
 .bss.heap_end.6022
                0x20000d94        0x4 CMakeFiles/work_of_soil_moisture_sensor_and_screen.elf.dir/Core/Src/syscalls.c.obj
 .bss.htim3     0x20000d98       0x40 CMakeFiles/work_of_soil_moisture_sensor_and_screen.elf.dir/Core/Src/tim.c.obj
                0x20000d98                htim3
 .bss.uwTick    0x20000dd8        0x4 CMakeFiles/work_of_soil_moisture_sensor_and_screen.elf.dir/Drivers/STM32F4xx_HAL_Driver/Src/stm32f4xx_hal.c.obj
                0x20000dd8                uwTick
 .bss.__malloc_current_mallinfo
                0x20000ddc       0x28 c:/progra~2/gnuarm~1/92020-~1/bin/../lib/gcc/arm-none-eabi/9.3.1/../../../../arm-none-eabi/lib/thumb/v7e-m/nofp\libg.a(lib_a-mallocr.o)
                0x20000ddc                __malloc_current_mallinfo
 .bss.__malloc_max_sbrked_mem
                0x20000e04        0x4 c:/progra~2/gnuarm~1/92020-~1/bin/../lib/gcc/arm-none-eabi/9.3.1/../../../../arm-none-eabi/lib/thumb/v7e-m/nofp\libg.a(lib_a-mallocr.o)
                0x20000e04                __malloc_max_sbrked_mem
 .bss.__malloc_max_total_mem
                0x20000e08        0x4 c:/progra~2/gnuarm~1/92020-~1/bin/../lib/gcc/arm-none-eabi/9.3.1/../../../../arm-none-eabi/lib/thumb/v7e-m/nofp\libg.a(lib_a-mallocr.o)
                0x20000e08                __malloc_max_total_mem
 .bss.__malloc_top_pad
                0x20000e0c        0x4 c:/progra~2/gnuarm~1/92020-~1/bin/../lib/gcc/arm-none-eabi/9.3.1/../../../../arm-none-eabi/lib/thumb/v7e-m/nofp\libg.a(lib_a-mallocr.o)
                0x20000e0c                __malloc_top_pad
 *(COMMON)
 COMMON         0x20000e10       0x21 c:/progra~2/gnuarm~1/92020-~1/bin/../lib/gcc/arm-none-eabi/9.3.1/../../../../arm-none-eabi/lib/thumb/v7e-m/nofp\libg.a(lib_a-lock.o)
                0x20000e10                __lock___atexit_recursive_mutex
                0x20000e14                __lock___arc4random_mutex
                0x20000e18                __lock___env_recursive_mutex
                0x20000e1c                __lock___sinit_recursive_mutex
                0x20000e20                __lock___malloc_recursive_mutex
                0x20000e24                __lock___at_quick_exit_mutex
                0x20000e28                __lock___dd_hash_mutex
                0x20000e2c                __lock___tz_mutex
                0x20000e30                __lock___sfp_recursive_mutex
 *fill*         0x20000e31        0x3 
 COMMON         0x20000e34        0x4 c:/progra~2/gnuarm~1/92020-~1/bin/../lib/gcc/arm-none-eabi/9.3.1/../../../../arm-none-eabi/lib/thumb/v7e-m/nofp\libg.a(lib_a-reent.o)
                0x20000e34                errno
                0x20000e38                . = ALIGN (0x4)
                0x20000e38                _ebss = .
                0x20000e38                __bss_end__ = _ebss

._user_heap_stack
                0x20000e38      0x600 load address 0x0800c8b0
                0x20000e38                . = ALIGN (0x8)
                0x20000e38                PROVIDE (end = .)
                [!provide]                PROVIDE (_end = .)
                0x20001038                . = (. + _Min_Heap_Size)
 *fill*         0x20000e38      0x200 
                0x20001438                . = (. + _Min_Stack_Size)
 *fill*         0x20001038      0x400 
                0x20001438                . = ALIGN (0x8)

/DISCARD/
 libc.a(*)
 libm.a(*)
 libgcc.a(*)

.ARM.attributes
                0x00000000       0x2a
 *(.ARM.attributes)
 .ARM.attributes
                0x00000000       0x1e c:/progra~2/gnuarm~1/92020-~1/bin/../lib/gcc/arm-none-eabi/9.3.1/thumb/v7e-m/nofp/crti.o
 .ARM.attributes
                0x0000001e       0x2e c:/progra~2/gnuarm~1/92020-~1/bin/../lib/gcc/arm-none-eabi/9.3.1/thumb/v7e-m/nofp/crtbegin.o
 .ARM.attributes
                0x0000004c       0x2e CMakeFiles/work_of_soil_moisture_sensor_and_screen.elf.dir/Core/Src/adc.c.obj
 .ARM.attributes
                0x0000007a       0x2e CMakeFiles/work_of_soil_moisture_sensor_and_screen.elf.dir/Core/Src/gpio.c.obj
 .ARM.attributes
                0x000000a8       0x2e CMakeFiles/work_of_soil_moisture_sensor_and_screen.elf.dir/Core/Src/i2c.c.obj
 .ARM.attributes
                0x000000d6       0x2e CMakeFiles/work_of_soil_moisture_sensor_and_screen.elf.dir/Core/Src/i2s.c.obj
 .ARM.attributes
                0x00000104       0x2e CMakeFiles/work_of_soil_moisture_sensor_and_screen.elf.dir/Core/Src/lcd5110.c.obj
 .ARM.attributes
                0x00000132       0x2e CMakeFiles/work_of_soil_moisture_sensor_and_screen.elf.dir/Core/Src/lcd5110_hal.c.obj
 .ARM.attributes
                0x00000160       0x2e CMakeFiles/work_of_soil_moisture_sensor_and_screen.elf.dir/Core/Src/lcd5110_ll.c.obj
 .ARM.attributes
                0x0000018e       0x2e CMakeFiles/work_of_soil_moisture_sensor_and_screen.elf.dir/Core/Src/main.c.obj
 .ARM.attributes
                0x000001bc       0x2e CMakeFiles/work_of_soil_moisture_sensor_and_screen.elf.dir/Core/Src/spi.c.obj
 .ARM.attributes
                0x000001ea       0x2e CMakeFiles/work_of_soil_moisture_sensor_and_screen.elf.dir/Core/Src/stm32f4xx_hal_msp.c.obj
 .ARM.attributes
                0x00000218       0x2e CMakeFiles/work_of_soil_moisture_sensor_and_screen.elf.dir/Core/Src/stm32f4xx_it.c.obj
 .ARM.attributes
                0x00000246       0x2e CMakeFiles/work_of_soil_moisture_sensor_and_screen.elf.dir/Core/Src/syscalls.c.obj
 .ARM.attributes
                0x00000274       0x2e CMakeFiles/work_of_soil_moisture_sensor_and_screen.elf.dir/Core/Src/system_stm32f4xx.c.obj
 .ARM.attributes
                0x000002a2       0x2e CMakeFiles/work_of_soil_moisture_sensor_and_screen.elf.dir/Core/Src/tim.c.obj
 .ARM.attributes
                0x000002d0       0x2e CMakeFiles/work_of_soil_moisture_sensor_and_screen.elf.dir/Core/Src/usb_otg.c.obj
 .ARM.attributes
                0x000002fe       0x2e CMakeFiles/work_of_soil_moisture_sensor_and_screen.elf.dir/Drivers/STM32F4xx_HAL_Driver/Src/stm32f4xx_hal.c.obj
 .ARM.attributes
                0x0000032c       0x2e CMakeFiles/work_of_soil_moisture_sensor_and_screen.elf.dir/Drivers/STM32F4xx_HAL_Driver/Src/stm32f4xx_hal_adc.c.obj
 .ARM.attributes
                0x0000035a       0x2e CMakeFiles/work_of_soil_moisture_sensor_and_screen.elf.dir/Drivers/STM32F4xx_HAL_Driver/Src/stm32f4xx_hal_cortex.c.obj
 .ARM.attributes
                0x00000388       0x2e CMakeFiles/work_of_soil_moisture_sensor_and_screen.elf.dir/Drivers/STM32F4xx_HAL_Driver/Src/stm32f4xx_hal_gpio.c.obj
 .ARM.attributes
                0x000003b6       0x2e CMakeFiles/work_of_soil_moisture_sensor_and_screen.elf.dir/Drivers/STM32F4xx_HAL_Driver/Src/stm32f4xx_hal_i2c.c.obj
 .ARM.attributes
                0x000003e4       0x2e CMakeFiles/work_of_soil_moisture_sensor_and_screen.elf.dir/Drivers/STM32F4xx_HAL_Driver/Src/stm32f4xx_hal_i2s.c.obj
 .ARM.attributes
                0x00000412       0x2e CMakeFiles/work_of_soil_moisture_sensor_and_screen.elf.dir/Drivers/STM32F4xx_HAL_Driver/Src/stm32f4xx_hal_i2s_ex.c.obj
 .ARM.attributes
                0x00000440       0x2e CMakeFiles/work_of_soil_moisture_sensor_and_screen.elf.dir/Drivers/STM32F4xx_HAL_Driver/Src/stm32f4xx_hal_rcc.c.obj
 .ARM.attributes
                0x0000046e       0x2e CMakeFiles/work_of_soil_moisture_sensor_and_screen.elf.dir/Drivers/STM32F4xx_HAL_Driver/Src/stm32f4xx_hal_rcc_ex.c.obj
 .ARM.attributes
                0x0000049c       0x2e CMakeFiles/work_of_soil_moisture_sensor_and_screen.elf.dir/Drivers/STM32F4xx_HAL_Driver/Src/stm32f4xx_hal_spi.c.obj
 .ARM.attributes
                0x000004ca       0x2e CMakeFiles/work_of_soil_moisture_sensor_and_screen.elf.dir/Drivers/STM32F4xx_HAL_Driver/Src/stm32f4xx_hal_tim.c.obj
 .ARM.attributes
                0x000004f8       0x2e CMakeFiles/work_of_soil_moisture_sensor_and_screen.elf.dir/Drivers/STM32F4xx_HAL_Driver/Src/stm32f4xx_hal_tim_ex.c.obj
 .ARM.attributes
                0x00000526       0x21 CMakeFiles/work_of_soil_moisture_sensor_and_screen.elf.dir/startup/startup_stm32f411xe.s.obj
 .ARM.attributes
                0x00000547       0x1e c:/progra~2/gnuarm~1/92020-~1/bin/../lib/gcc/arm-none-eabi/9.3.1/thumb/v7e-m/nofp\libgcc.a(_arm_addsubdf3.o)
 .ARM.attributes
                0x00000565       0x1e c:/progra~2/gnuarm~1/92020-~1/bin/../lib/gcc/arm-none-eabi/9.3.1/thumb/v7e-m/nofp\libgcc.a(_arm_addsubsf3.o)
 .ARM.attributes
                0x00000583       0x1e c:/progra~2/gnuarm~1/92020-~1/bin/../lib/gcc/arm-none-eabi/9.3.1/thumb/v7e-m/nofp\libgcc.a(_arm_muldivsf3.o)
 .ARM.attributes
                0x000005a1       0x1e c:/progra~2/gnuarm~1/92020-~1/bin/../lib/gcc/arm-none-eabi/9.3.1/thumb/v7e-m/nofp\libgcc.a(_arm_cmpsf2.o)
 .ARM.attributes
                0x000005bf       0x1e c:/progra~2/gnuarm~1/92020-~1/bin/../lib/gcc/arm-none-eabi/9.3.1/thumb/v7e-m/nofp\libgcc.a(_aeabi_uldivmod.o)
 .ARM.attributes
                0x000005dd       0x2e c:/progra~2/gnuarm~1/92020-~1/bin/../lib/gcc/arm-none-eabi/9.3.1/thumb/v7e-m/nofp\libgcc.a(_udivmoddi4.o)
 .ARM.attributes
                0x0000060b       0x1e c:/progra~2/gnuarm~1/92020-~1/bin/../lib/gcc/arm-none-eabi/9.3.1/thumb/v7e-m/nofp\libgcc.a(_dvmd_tls.o)
 .ARM.attributes
                0x00000629       0x2e c:/progra~2/gnuarm~1/92020-~1/bin/../lib/gcc/arm-none-eabi/9.3.1/../../../../arm-none-eabi/lib/thumb/v7e-m/nofp\libg.a(lib_a-ctype_.o)
 .ARM.attributes
                0x00000657       0x2e c:/progra~2/gnuarm~1/92020-~1/bin/../lib/gcc/arm-none-eabi/9.3.1/../../../../arm-none-eabi/lib/thumb/v7e-m/nofp\libg.a(lib_a-errno.o)
 .ARM.attributes
                0x00000685       0x2e c:/progra~2/gnuarm~1/92020-~1/bin/../lib/gcc/arm-none-eabi/9.3.1/../../../../arm-none-eabi/lib/thumb/v7e-m/nofp\libg.a(lib_a-impure.o)
 .ARM.attributes
                0x000006b3       0x2e c:/progra~2/gnuarm~1/92020-~1/bin/../lib/gcc/arm-none-eabi/9.3.1/../../../../arm-none-eabi/lib/thumb/v7e-m/nofp\libg.a(lib_a-init.o)
 .ARM.attributes
                0x000006e1       0x2e c:/progra~2/gnuarm~1/92020-~1/bin/../lib/gcc/arm-none-eabi/9.3.1/../../../../arm-none-eabi/lib/thumb/v7e-m/nofp\libg.a(lib_a-memset.o)
 .ARM.attributes
                0x0000070f       0x2e c:/progra~2/gnuarm~1/92020-~1/bin/../lib/gcc/arm-none-eabi/9.3.1/../../../../arm-none-eabi/lib/thumb/v7e-m/nofp\libg.a(lib_a-vsnprintf.o)
 .ARM.attributes
                0x0000073d       0x2e c:/progra~2/gnuarm~1/92020-~1/bin/../lib/gcc/arm-none-eabi/9.3.1/../../../../arm-none-eabi/lib/thumb/v7e-m/nofp\libg.a(lib_a-__call_atexit.o)
 .ARM.attributes
                0x0000076b       0x2e c:/progra~2/gnuarm~1/92020-~1/bin/../lib/gcc/arm-none-eabi/9.3.1/../../../../arm-none-eabi/lib/thumb/v7e-m/nofp\libg.a(lib_a-atexit.o)
 .ARM.attributes
                0x00000799       0x2e c:/progra~2/gnuarm~1/92020-~1/bin/../lib/gcc/arm-none-eabi/9.3.1/../../../../arm-none-eabi/lib/thumb/v7e-m/nofp\libg.a(lib_a-fini.o)
 .ARM.attributes
                0x000007c7       0x2e c:/progra~2/gnuarm~1/92020-~1/bin/../lib/gcc/arm-none-eabi/9.3.1/../../../../arm-none-eabi/lib/thumb/v7e-m/nofp\libg.a(lib_a-lock.o)
 .ARM.attributes
                0x000007f5       0x2e c:/progra~2/gnuarm~1/92020-~1/bin/../lib/gcc/arm-none-eabi/9.3.1/../../../../arm-none-eabi/lib/thumb/v7e-m/nofp\libg.a(lib_a-svfprintf.o)
 .ARM.attributes
                0x00000823       0x2e c:/progra~2/gnuarm~1/92020-~1/bin/../lib/gcc/arm-none-eabi/9.3.1/../../../../arm-none-eabi/lib/thumb/v7e-m/nofp\libg.a(lib_a-__atexit.o)
 .ARM.attributes
                0x00000851       0x2e c:/progra~2/gnuarm~1/92020-~1/bin/../lib/gcc/arm-none-eabi/9.3.1/../../../../arm-none-eabi/lib/thumb/v7e-m/nofp\libg.a(lib_a-dtoa.o)
 .ARM.attributes
                0x0000087f       0x2e c:/progra~2/gnuarm~1/92020-~1/bin/../lib/gcc/arm-none-eabi/9.3.1/../../../../arm-none-eabi/lib/thumb/v7e-m/nofp\libg.a(lib_a-freer.o)
 .ARM.attributes
                0x000008ad       0x2e c:/progra~2/gnuarm~1/92020-~1/bin/../lib/gcc/arm-none-eabi/9.3.1/../../../../arm-none-eabi/lib/thumb/v7e-m/nofp\libg.a(lib_a-localeconv.o)
 .ARM.attributes
                0x000008db       0x2e c:/progra~2/gnuarm~1/92020-~1/bin/../lib/gcc/arm-none-eabi/9.3.1/../../../../arm-none-eabi/lib/thumb/v7e-m/nofp\libg.a(lib_a-mallocr.o)
 .ARM.attributes
                0x00000909       0x1c c:/progra~2/gnuarm~1/92020-~1/bin/../lib/gcc/arm-none-eabi/9.3.1/../../../../arm-none-eabi/lib/thumb/v7e-m/nofp\libg.a(lib_a-memchr.o)
 .ARM.attributes
                0x00000925       0x1c c:/progra~2/gnuarm~1/92020-~1/bin/../lib/gcc/arm-none-eabi/9.3.1/../../../../arm-none-eabi/lib/thumb/v7e-m/nofp\libg.a(lib_a-memcpy.o)
 .ARM.attributes
                0x00000941       0x2e c:/progra~2/gnuarm~1/92020-~1/bin/../lib/gcc/arm-none-eabi/9.3.1/../../../../arm-none-eabi/lib/thumb/v7e-m/nofp\libg.a(lib_a-mlock.o)
 .ARM.attributes
                0x0000096f       0x2e c:/progra~2/gnuarm~1/92020-~1/bin/../lib/gcc/arm-none-eabi/9.3.1/../../../../arm-none-eabi/lib/thumb/v7e-m/nofp\libg.a(lib_a-mprec.o)
 .ARM.attributes
                0x0000099d       0x2e c:/progra~2/gnuarm~1/92020-~1/bin/../lib/gcc/arm-none-eabi/9.3.1/../../../../arm-none-eabi/lib/thumb/v7e-m/nofp\libg.a(lib_a-s_frexp.o)
 .ARM.attributes
                0x000009cb       0x2e c:/progra~2/gnuarm~1/92020-~1/bin/../lib/gcc/arm-none-eabi/9.3.1/../../../../arm-none-eabi/lib/thumb/v7e-m/nofp\libg.a(lib_a-sbrkr.o)
 .ARM.attributes
                0x000009f9       0x1c c:/progra~2/gnuarm~1/92020-~1/bin/../lib/gcc/arm-none-eabi/9.3.1/../../../../arm-none-eabi/lib/thumb/v7e-m/nofp\libg.a(lib_a-strlen.o)
 .ARM.attributes
                0x00000a15       0x2e c:/progra~2/gnuarm~1/92020-~1/bin/../lib/gcc/arm-none-eabi/9.3.1/../../../../arm-none-eabi/lib/thumb/v7e-m/nofp\libg.a(lib_a-strncpy.o)
 .ARM.attributes
                0x00000a43       0x2e c:/progra~2/gnuarm~1/92020-~1/bin/../lib/gcc/arm-none-eabi/9.3.1/../../../../arm-none-eabi/lib/thumb/v7e-m/nofp\libg.a(lib_a-svfiprintf.o)
 .ARM.attributes
                0x00000a71       0x2e c:/progra~2/gnuarm~1/92020-~1/bin/../lib/gcc/arm-none-eabi/9.3.1/../../../../arm-none-eabi/lib/thumb/v7e-m/nofp\libg.a(lib_a-assert.o)
 .ARM.attributes
                0x00000a9f       0x2e c:/progra~2/gnuarm~1/92020-~1/bin/../lib/gcc/arm-none-eabi/9.3.1/../../../../arm-none-eabi/lib/thumb/v7e-m/nofp\libg.a(lib_a-callocr.o)
 .ARM.attributes
                0x00000acd       0x2e c:/progra~2/gnuarm~1/92020-~1/bin/../lib/gcc/arm-none-eabi/9.3.1/../../../../arm-none-eabi/lib/thumb/v7e-m/nofp\libg.a(lib_a-fiprintf.o)
 .ARM.attributes
                0x00000afb       0x2e c:/progra~2/gnuarm~1/92020-~1/bin/../lib/gcc/arm-none-eabi/9.3.1/../../../../arm-none-eabi/lib/thumb/v7e-m/nofp\libg.a(lib_a-locale.o)
 .ARM.attributes
                0x00000b29       0x2e c:/progra~2/gnuarm~1/92020-~1/bin/../lib/gcc/arm-none-eabi/9.3.1/../../../../arm-none-eabi/lib/thumb/v7e-m/nofp\libg.a(lib_a-mbtowc_r.o)
 .ARM.attributes
                0x00000b57       0x2e c:/progra~2/gnuarm~1/92020-~1/bin/../lib/gcc/arm-none-eabi/9.3.1/../../../../arm-none-eabi/lib/thumb/v7e-m/nofp\libg.a(lib_a-memmove.o)
 .ARM.attributes
                0x00000b85       0x2e c:/progra~2/gnuarm~1/92020-~1/bin/../lib/gcc/arm-none-eabi/9.3.1/../../../../arm-none-eabi/lib/thumb/v7e-m/nofp\libg.a(lib_a-reallocr.o)
 .ARM.attributes
                0x00000bb3       0x2e c:/progra~2/gnuarm~1/92020-~1/bin/../lib/gcc/arm-none-eabi/9.3.1/../../../../arm-none-eabi/lib/thumb/v7e-m/nofp\libg.a(lib_a-reent.o)
 .ARM.attributes
                0x00000be1       0x2e c:/progra~2/gnuarm~1/92020-~1/bin/../lib/gcc/arm-none-eabi/9.3.1/../../../../arm-none-eabi/lib/thumb/v7e-m/nofp\libg.a(lib_a-vfiprintf.o)
 .ARM.attributes
                0x00000c0f       0x2e c:/progra~2/gnuarm~1/92020-~1/bin/../lib/gcc/arm-none-eabi/9.3.1/../../../../arm-none-eabi/lib/thumb/v7e-m/nofp\libg.a(lib_a-wctomb_r.o)
 .ARM.attributes
                0x00000c3d       0x2e c:/progra~2/gnuarm~1/92020-~1/bin/../lib/gcc/arm-none-eabi/9.3.1/../../../../arm-none-eabi/lib/thumb/v7e-m/nofp\libg.a(lib_a-wsetup.o)
 .ARM.attributes
                0x00000c6b       0x2e c:/progra~2/gnuarm~1/92020-~1/bin/../lib/gcc/arm-none-eabi/9.3.1/../../../../arm-none-eabi/lib/thumb/v7e-m/nofp\libg.a(lib_a-abort.o)
 .ARM.attributes
                0x00000c99       0x2e c:/progra~2/gnuarm~1/92020-~1/bin/../lib/gcc/arm-none-eabi/9.3.1/../../../../arm-none-eabi/lib/thumb/v7e-m/nofp\libg.a(lib_a-fflush.o)
 .ARM.attributes
                0x00000cc7       0x2e c:/progra~2/gnuarm~1/92020-~1/bin/../lib/gcc/arm-none-eabi/9.3.1/../../../../arm-none-eabi/lib/thumb/v7e-m/nofp\libg.a(lib_a-findfp.o)
 .ARM.attributes
                0x00000cf5       0x2e c:/progra~2/gnuarm~1/92020-~1/bin/../lib/gcc/arm-none-eabi/9.3.1/../../../../arm-none-eabi/lib/thumb/v7e-m/nofp\libg.a(lib_a-fputwc.o)
 .ARM.attributes
                0x00000d23       0x2e c:/progra~2/gnuarm~1/92020-~1/bin/../lib/gcc/arm-none-eabi/9.3.1/../../../../arm-none-eabi/lib/thumb/v7e-m/nofp\libg.a(lib_a-fvwrite.o)
 .ARM.attributes
                0x00000d51       0x2e c:/progra~2/gnuarm~1/92020-~1/bin/../lib/gcc/arm-none-eabi/9.3.1/../../../../arm-none-eabi/lib/thumb/v7e-m/nofp\libg.a(lib_a-fwalk.o)
 .ARM.attributes
                0x00000d7f       0x2e c:/progra~2/gnuarm~1/92020-~1/bin/../lib/gcc/arm-none-eabi/9.3.1/../../../../arm-none-eabi/lib/thumb/v7e-m/nofp\libg.a(lib_a-makebuf.o)
 .ARM.attributes
                0x00000dad       0x2e c:/progra~2/gnuarm~1/92020-~1/bin/../lib/gcc/arm-none-eabi/9.3.1/../../../../arm-none-eabi/lib/thumb/v7e-m/nofp\libg.a(lib_a-signal.o)
 .ARM.attributes
                0x00000ddb       0x2e c:/progra~2/gnuarm~1/92020-~1/bin/../lib/gcc/arm-none-eabi/9.3.1/../../../../arm-none-eabi/lib/thumb/v7e-m/nofp\libg.a(lib_a-signalr.o)
 .ARM.attributes
                0x00000e09       0x2e c:/progra~2/gnuarm~1/92020-~1/bin/../lib/gcc/arm-none-eabi/9.3.1/../../../../arm-none-eabi/lib/thumb/v7e-m/nofp\libg.a(lib_a-stdio.o)
 .ARM.attributes
                0x00000e37       0x2e c:/progra~2/gnuarm~1/92020-~1/bin/../lib/gcc/arm-none-eabi/9.3.1/../../../../arm-none-eabi/lib/thumb/v7e-m/nofp\libg.a(lib_a-wbuf.o)
 .ARM.attributes
                0x00000e65       0x2e c:/progra~2/gnuarm~1/92020-~1/bin/../lib/gcc/arm-none-eabi/9.3.1/../../../../arm-none-eabi/lib/thumb/v7e-m/nofp\libg.a(lib_a-wcrtomb.o)
 .ARM.attributes
                0x00000e93       0x2e c:/progra~2/gnuarm~1/92020-~1/bin/../lib/gcc/arm-none-eabi/9.3.1/../../../../arm-none-eabi/lib/thumb/v7e-m/nofp\libg.a(lib_a-writer.o)
 .ARM.attributes
                0x00000ec1       0x2e c:/progra~2/gnuarm~1/92020-~1/bin/../lib/gcc/arm-none-eabi/9.3.1/../../../../arm-none-eabi/lib/thumb/v7e-m/nofp\libg.a(lib_a-closer.o)
 .ARM.attributes
                0x00000eef       0x2e c:/progra~2/gnuarm~1/92020-~1/bin/../lib/gcc/arm-none-eabi/9.3.1/../../../../arm-none-eabi/lib/thumb/v7e-m/nofp\libg.a(lib_a-fclose.o)
 .ARM.attributes
                0x00000f1d       0x2e c:/progra~2/gnuarm~1/92020-~1/bin/../lib/gcc/arm-none-eabi/9.3.1/../../../../arm-none-eabi/lib/thumb/v7e-m/nofp\libg.a(lib_a-fstatr.o)
 .ARM.attributes
                0x00000f4b       0x2e c:/progra~2/gnuarm~1/92020-~1/bin/../lib/gcc/arm-none-eabi/9.3.1/../../../../arm-none-eabi/lib/thumb/v7e-m/nofp\libg.a(lib_a-isattyr.o)
 .ARM.attributes
                0x00000f79       0x2e c:/progra~2/gnuarm~1/92020-~1/bin/../lib/gcc/arm-none-eabi/9.3.1/../../../../arm-none-eabi/lib/thumb/v7e-m/nofp\libg.a(lib_a-lseekr.o)
 .ARM.attributes
                0x00000fa7       0x2e c:/progra~2/gnuarm~1/92020-~1/bin/../lib/gcc/arm-none-eabi/9.3.1/../../../../arm-none-eabi/lib/thumb/v7e-m/nofp\libg.a(lib_a-readr.o)
 .ARM.attributes
                0x00000fd5       0x1e c:/progra~2/gnuarm~1/92020-~1/bin/../lib/gcc/arm-none-eabi/9.3.1/thumb/v7e-m/nofp\libgcc.a(_arm_muldivdf3.o)
 .ARM.attributes
                0x00000ff3       0x1e c:/progra~2/gnuarm~1/92020-~1/bin/../lib/gcc/arm-none-eabi/9.3.1/thumb/v7e-m/nofp\libgcc.a(_arm_cmpdf2.o)
 .ARM.attributes
                0x00001011       0x1e c:/progra~2/gnuarm~1/92020-~1/bin/../lib/gcc/arm-none-eabi/9.3.1/thumb/v7e-m/nofp\libgcc.a(_arm_unorddf2.o)
 .ARM.attributes
                0x0000102f       0x1e c:/progra~2/gnuarm~1/92020-~1/bin/../lib/gcc/arm-none-eabi/9.3.1/thumb/v7e-m/nofp\libgcc.a(_arm_fixdfsi.o)
 .ARM.attributes
                0x0000104d       0x1e c:/progra~2/gnuarm~1/92020-~1/bin/../lib/gcc/arm-none-eabi/9.3.1/thumb/v7e-m/nofp/crtn.o
OUTPUT(work_of_soil_moisture_sensor_and_screen.elf elf32-littlearm)
LOAD linker stubs
LOAD c:/progra~2/gnuarm~1/92020-~1/bin/../lib/gcc/arm-none-eabi/9.3.1/../../../../arm-none-eabi/lib/thumb/v7e-m/nofp\libc.a
LOAD c:/progra~2/gnuarm~1/92020-~1/bin/../lib/gcc/arm-none-eabi/9.3.1/../../../../arm-none-eabi/lib/thumb/v7e-m/nofp\libm.a
LOAD c:/progra~2/gnuarm~1/92020-~1/bin/../lib/gcc/arm-none-eabi/9.3.1/thumb/v7e-m/nofp\libgcc.a

.debug_info     0x00000000    0x20c9e
 .debug_info    0x00000000      0xb75 CMakeFiles/work_of_soil_moisture_sensor_and_screen.elf.dir/Core/Src/adc.c.obj
 .debug_info    0x00000b75      0x716 CMakeFiles/work_of_soil_moisture_sensor_and_screen.elf.dir/Core/Src/gpio.c.obj
 .debug_info    0x0000128b      0xb59 CMakeFiles/work_of_soil_moisture_sensor_and_screen.elf.dir/Core/Src/i2c.c.obj
 .debug_info    0x00001de4      0xb38 CMakeFiles/work_of_soil_moisture_sensor_and_screen.elf.dir/Core/Src/i2s.c.obj
 .debug_info    0x0000291c     0x2578 CMakeFiles/work_of_soil_moisture_sensor_and_screen.elf.dir/Core/Src/lcd5110.c.obj
 .debug_info    0x00004e94      0xcfd CMakeFiles/work_of_soil_moisture_sensor_and_screen.elf.dir/Core/Src/lcd5110_hal.c.obj
 .debug_info    0x00005b91     0x1d57 CMakeFiles/work_of_soil_moisture_sensor_and_screen.elf.dir/Core/Src/lcd5110_ll.c.obj
 .debug_info    0x000078e8     0x20d7 CMakeFiles/work_of_soil_moisture_sensor_and_screen.elf.dir/Core/Src/main.c.obj
 .debug_info    0x000099bf      0xbd6 CMakeFiles/work_of_soil_moisture_sensor_and_screen.elf.dir/Core/Src/spi.c.obj
 .debug_info    0x0000a595      0x3e0 CMakeFiles/work_of_soil_moisture_sensor_and_screen.elf.dir/Core/Src/stm32f4xx_hal_msp.c.obj
 .debug_info    0x0000a975      0x238 CMakeFiles/work_of_soil_moisture_sensor_and_screen.elf.dir/Core/Src/stm32f4xx_it.c.obj
 .debug_info    0x0000abad     0x112b CMakeFiles/work_of_soil_moisture_sensor_and_screen.elf.dir/Core/Src/syscalls.c.obj
 .debug_info    0x0000bcd8      0x5e5 CMakeFiles/work_of_soil_moisture_sensor_and_screen.elf.dir/Core/Src/system_stm32f4xx.c.obj
 .debug_info    0x0000c2bd      0xa7d CMakeFiles/work_of_soil_moisture_sensor_and_screen.elf.dir/Core/Src/tim.c.obj